Archive member included to satisfy reference by file (symbol)

C:\Users\rcc\Documents\stm32_sw4stmProject\voltage_analyzer\bluepill_stdperiph_lib\Debug\libbluepill_stdperiph_lib.a(misc.o)
                              src\utils.o (NVIC_PriorityGroupConfig)
C:\Users\rcc\Documents\stm32_sw4stmProject\voltage_analyzer\bluepill_stdperiph_lib\Debug\libbluepill_stdperiph_lib.a(stm32f10x_adc.o)
                              src\main.o (ADC_Init)
C:\Users\rcc\Documents\stm32_sw4stmProject\voltage_analyzer\bluepill_stdperiph_lib\Debug\libbluepill_stdperiph_lib.a(stm32f10x_bkp.o)
                              src\main.o (BKP_DeInit)
C:\Users\rcc\Documents\stm32_sw4stmProject\voltage_analyzer\bluepill_stdperiph_lib\Debug\libbluepill_stdperiph_lib.a(stm32f10x_gpio.o)
                              src\main.o (GPIO_Init)
C:\Users\rcc\Documents\stm32_sw4stmProject\voltage_analyzer\bluepill_stdperiph_lib\Debug\libbluepill_stdperiph_lib.a(stm32f10x_pwr.o)
                              src\main.o (PWR_BackupAccessCmd)
C:\Users\rcc\Documents\stm32_sw4stmProject\voltage_analyzer\bluepill_stdperiph_lib\Debug\libbluepill_stdperiph_lib.a(stm32f10x_rcc.o)
                              src\main.o (RCC_GetFlagStatus)
C:\Users\rcc\Documents\stm32_sw4stmProject\voltage_analyzer\bluepill_stdperiph_lib\Debug\libbluepill_stdperiph_lib.a(stm32f10x_rtc.o)
                              src\utils.o (RTC_ITConfig)
C:\Users\rcc\Documents\stm32_sw4stmProject\voltage_analyzer\bluepill_stdperiph_lib\Debug\libbluepill_stdperiph_lib.a(stm32f10x_spi.o)
                              src\sd\diskio.o (SPI_Init)
C:\Users\rcc\Documents\stm32_sw4stmProject\voltage_analyzer\bluepill_stdperiph_lib\Debug\libbluepill_stdperiph_lib.a(stm32f10x_tim.o)
                              src\utils.o (TIM_DeInit)
c:/program files (x86)/sw4stm/plugins/fr.ac6.mcu.externaltools.arm-none.win32_1.15.0.201708311556/tools/compiler/bin/../lib/gcc/arm-none-eabi/6.3.1/thumb/v7-m\libgcc.a(_arm_addsubdf3.o)
                              src\ds18b20.o (__aeabi_i2d)
c:/program files (x86)/sw4stm/plugins/fr.ac6.mcu.externaltools.arm-none.win32_1.15.0.201708311556/tools/compiler/bin/../lib/gcc/arm-none-eabi/6.3.1/thumb/v7-m\libgcc.a(_arm_muldivdf3.o)
                              src\ds18b20.o (__aeabi_dmul)
c:/program files (x86)/sw4stm/plugins/fr.ac6.mcu.externaltools.arm-none.win32_1.15.0.201708311556/tools/compiler/bin/../lib/gcc/arm-none-eabi/6.3.1/thumb/v7-m\libgcc.a(_arm_fixdfsi.o)
                              src\ds18b20.o (__aeabi_d2iz)
c:/program files (x86)/sw4stm/plugins/fr.ac6.mcu.externaltools.arm-none.win32_1.15.0.201708311556/tools/compiler/bin/../lib/gcc/arm-none-eabi/6.3.1/thumb/v7-m\libgcc.a(_arm_truncdfsf2.o)
                              src\ds18b20.o (__aeabi_d2f)
c:/program files (x86)/sw4stm/plugins/fr.ac6.mcu.externaltools.arm-none.win32_1.15.0.201708311556/tools/compiler/bin/../lib/gcc/arm-none-eabi/6.3.1/thumb/v7-m\libgcc.a(_arm_addsubsf3.o)
                              src\ds18b20.o (__aeabi_fsub)
c:/program files (x86)/sw4stm/plugins/fr.ac6.mcu.externaltools.arm-none.win32_1.15.0.201708311556/tools/compiler/bin/../lib/gcc/arm-none-eabi/6.3.1/thumb/v7-m\libgcc.a(_arm_muldivsf3.o)
                              src\main.o (__aeabi_fmul)
c:/program files (x86)/sw4stm/plugins/fr.ac6.mcu.externaltools.arm-none.win32_1.15.0.201708311556/tools/compiler/bin/../lib/gcc/arm-none-eabi/6.3.1/thumb/v7-m\libgcc.a(_arm_fixsfsi.o)
                              src\ds18b20.o (__aeabi_f2iz)
c:/program files (x86)/sw4stm/plugins/fr.ac6.mcu.externaltools.arm-none.win32_1.15.0.201708311556/tools/compiler/bin/../lib/gcc/arm-none-eabi/6.3.1/../../../../arm-none-eabi/lib/thumb/v7-m\libc.a(lib_a-errno.o)
                              src\syscalls.o (__errno)
c:/program files (x86)/sw4stm/plugins/fr.ac6.mcu.externaltools.arm-none.win32_1.15.0.201708311556/tools/compiler/bin/../lib/gcc/arm-none-eabi/6.3.1/../../../../arm-none-eabi/lib/thumb/v7-m\libc.a(lib_a-exit.o)
                              c:/program files (x86)/sw4stm/plugins/fr.ac6.mcu.externaltools.arm-none.win32_1.15.0.201708311556/tools/compiler/bin/../lib/gcc/arm-none-eabi/6.3.1/../../../../arm-none-eabi/lib/thumb/v7-m/crt0.o (exit)
c:/program files (x86)/sw4stm/plugins/fr.ac6.mcu.externaltools.arm-none.win32_1.15.0.201708311556/tools/compiler/bin/../lib/gcc/arm-none-eabi/6.3.1/../../../../arm-none-eabi/lib/thumb/v7-m\libc.a(lib_a-impure.o)
                              c:/program files (x86)/sw4stm/plugins/fr.ac6.mcu.externaltools.arm-none.win32_1.15.0.201708311556/tools/compiler/bin/../lib/gcc/arm-none-eabi/6.3.1/../../../../arm-none-eabi/lib/thumb/v7-m\libc.a(lib_a-exit.o) (_global_impure_ptr)
c:/program files (x86)/sw4stm/plugins/fr.ac6.mcu.externaltools.arm-none.win32_1.15.0.201708311556/tools/compiler/bin/../lib/gcc/arm-none-eabi/6.3.1/../../../../arm-none-eabi/lib/thumb/v7-m\libc.a(lib_a-init.o)
[...]
Memory Configuration

Name             Origin             Length             Attributes
RAM              0x20000000         0x00005000         xrw
ROM              0x08000000         0x00010000         xr
*default*        0x00000000         0xffffffff

Linker script and memory map

LOAD c:/program files (x86)/sw4stm/plugins/fr.ac6.mcu.externaltools.arm-none.win32_1.15.0.201708311556/tools/compiler/bin/../lib/gcc/arm-none-eabi/6.3.1/thumb/v7-m/crti.o
LOAD c:/program files (x86)/sw4stm/plugins/fr.ac6.mcu.externaltools.arm-none.win32_1.15.0.201708311556/tools/compiler/bin/../lib/gcc/arm-none-eabi/6.3.1/thumb/v7-m/crtbegin.o
LOAD c:/program files (x86)/sw4stm/plugins/fr.ac6.mcu.externaltools.arm-none.win32_1.15.0.201708311556/tools/compiler/bin/../lib/gcc/arm-none-eabi/6.3.1/../../../../arm-none-eabi/lib/thumb/v7-m/crt0.o
LOAD c:/program files (x86)/sw4stm/plugins/fr.ac6.mcu.externaltools.arm-none.win32_1.15.0.201708311556/tools/compiler/bin/../lib/gcc/arm-none-eabi/6.3.1/../../../../arm-none-eabi/lib/thumb/v7-m\libm.a
LOAD src\ds18b20.o
LOAD src\main.o
LOAD src\one_wire.o
LOAD src\sd\ccsbcs.o
LOAD src\sd\diskio.o
LOAD src\sd\ff.o
LOAD src\sd\ffsystem.o
LOAD src\syscalls.o
LOAD src\system_stm32f10x.o
LOAD src\utils.o
LOAD startup\startup_stm32.o
LOAD C:\Users\rcc\Documents\stm32_sw4stmProject\voltage_analyzer\bluepill_stdperiph_lib\Debug\libbluepill_stdperiph_lib.a
START GROUP
LOAD c:/program files (x86)/sw4stm/plugins/fr.ac6.mcu.externaltools.arm-none.win32_1.15.0.201708311556/tools/compiler/bin/../lib/gcc/arm-none-eabi/6.3.1/thumb/v7-m\libgcc.a
LOAD c:/program files (x86)/sw4stm/plugins/fr.ac6.mcu.externaltools.arm-none.win32_1.15.0.201708311556/tools/compiler/bin/../lib/gcc/arm-none-eabi/6.3.1/../../../../arm-none-eabi/lib/thumb/v7-m\libc.a
END GROUP
LOAD c:/program files (x86)/sw4stm/plugins/fr.ac6.mcu.externaltools.arm-none.win32_1.15.0.201708311556/tools/compiler/bin/../lib/gcc/arm-none-eabi/6.3.1/thumb/v7-m/crtend.o
LOAD c:/program files (x86)/sw4stm/plugins/fr.ac6.mcu.externaltools.arm-none.win32_1.15.0.201708311556/tools/compiler/bin/../lib/gcc/arm-none-eabi/6.3.1/thumb/v7-m/crtn.o
                0x20005000                _estack = 0x20005000
                0x00000000                _Min_Heap_Size = 0x0
                0x00000400                _Min_Stack_Size = 0x400

.isr_vector     0x08000000      0x188
                0x08000000                . = ALIGN (0x4)
 *(.isr_vector)
 .isr_vector    0x08000000      0x188 startup\startup_stm32.o
                0x08000000                g_pfnVectors
                0x08000188                . = ALIGN (0x4)

.text           0x08000188     0xcc34
                0x08000188                . = ALIGN (0x4)
 *(.text)
 .text          0x08000188       0x6c c:/program files (x86)/sw4stm/plugins/fr.ac6.mcu.externaltools.arm-none.win32_1.15.0.201708311556/tools/compiler/bin/../lib/gcc/arm-none-eabi/6.3.1/thumb/v7-m/crtbegin.o
 .text          0x080001f4      0x370 c:/program files (x86)/sw4stm/plugins/fr.ac6.mcu.externaltools.arm-none.win32_1.15.0.201708311556/tools/compiler/bin/../lib/gcc/arm-none-eabi/6.3.1/thumb/v7-m\libgcc.a(_arm_addsubdf3.o)
                0x080001f4                __aeabi_drsub
                0x080001fc                __aeabi_dsub
                0x080001fc                __subdf3
                0x08000200                __aeabi_dadd
                0x08000200                __adddf3
                0x08000478                __floatunsidf
                0x08000478                __aeabi_ui2d
                0x08000498                __floatsidf
                0x08000498                __aeabi_i2d
                0x080004bc                __aeabi_f2d
                0x080004bc                __extendsfdf2
                0x080004f8                __floatundidf
                0x080004f8                __aeabi_ul2d
                0x08000508                __floatdidf
                0x08000508                __aeabi_l2d
 .text          0x08000564      0x424 c:/program files (x86)/sw4stm/plugins/fr.ac6.mcu.externaltools.arm-none.win32_1.15.0.201708311556/tools/compiler/bin/../lib/gcc/arm-none-eabi/6.3.1/thumb/v7-m\libgcc.a(_arm_muldivdf3.o)
                0x08000564                __aeabi_dmul
                0x08000564                __muldf3
                0x080007b8                __divdf3
                0x080007b8                __aeabi_ddiv
 .text          0x08000988       0x50 c:/program files (x86)/sw4stm/plugins/fr.ac6.mcu.externaltools.arm-none.win32_1.15.0.201708311556/tools/compiler/bin/../lib/gcc/arm-none-eabi/6.3.1/thumb/v7-m\libgcc.a(_arm_fixdfsi.o)
                0x08000988                __aeabi_d2iz
                0x08000988                __fixdfsi
 .text          0x080009d8      0x21c c:/program files (x86)/sw4stm/plugins/fr.ac6.mcu.externaltools.arm-none.win32_1.15.0.201708311556/tools/compiler/bin/../lib/gcc/arm-none-eabi/6.3.1/thumb/v7-m\libgcc.a(_arm_addsubsf3.o)
                0x080009d8                __aeabi_frsub
                0x080009e0                __subsf3
                0x080009e0                __aeabi_fsub
                0x080009e4                __aeabi_fadd
                0x080009e4                __addsf3
                0x08000b44                __aeabi_ui2f
                0x08000b44                __floatunsisf
                0x08000b4c                __aeabi_i2f
                0x08000b4c                __floatsisf
                0x08000b68                __aeabi_ul2f
                0x08000b68                __floatundisf
                0x08000b78                __aeabi_l2f
                0x08000b78                __floatdisf
 .text          0x08000bf4      0x2a0 c:/program files (x86)/sw4stm/plugins/fr.ac6.mcu.externaltools.arm-none.win32_1.15.0.201708311556/tools/compiler/bin/../lib/gcc/arm-none-eabi/6.3.1/thumb/v7-m\libgcc.a(_arm_muldivsf3.o)
                0x08000bf4                __mulsf3
                0x08000bf4                __aeabi_fmul
                0x08000d5c                __aeabi_fdiv
                0x08000d5c                __divsf3
 .text          0x08000e94       0xec c:/program files (x86)/sw4stm/plugins/fr.ac6.mcu.externaltools.arm-none.win32_1.15.0.201708311556/tools/compiler/bin/../lib/gcc/arm-none-eabi/6.3.1/../../../../arm-none-eabi/lib/thumb/v7-m\libc.a(lib_a-memcpy.o)
                0x08000e94                memcpy
 .text          0x08000f80      0x110 c:/program files (x86)/sw4stm/plugins/fr.ac6.mcu.externaltools.arm-none.win32_1.15.0.201708311556/tools/compiler/bin/../lib/gcc/arm-none-eabi/6.3.1/thumb/v7-m\libgcc.a(_arm_cmpdf2.o)
                0x08000f80                __gtdf2
                0x08000f80                __gedf2
                0x08000f88                __ltdf2
                0x08000f88                __ledf2
                0x08000f90                __nedf2
                0x08000f90                __eqdf2
                0x08000f90                __cmpdf2
                0x0800100c                __aeabi_cdrcmple
                0x0800101c                __aeabi_cdcmpeq
                0x0800101c                __aeabi_cdcmple
                0x0800102c                __aeabi_dcmpeq
                0x08001040                __aeabi_dcmplt
                0x08001054                __aeabi_dcmple
                0x08001068                __aeabi_dcmpge
                0x0800107c                __aeabi_dcmpgt
 .text          0x08001090       0x2c c:/program files (x86)/sw4stm/plugins/fr.ac6.mcu.externaltools.arm-none.win32_1.15.0.201708311556/tools/compiler/bin/../lib/gcc/arm-none-eabi/6.3.1/thumb/v7-m\libgcc.a(_arm_unorddf2.o)
                0x08001090                __unorddf2
                0x08001090                __aeabi_dcmpun
 .text          0x080010bc       0x30 c:/program files (x86)/sw4stm/plugins/fr.ac6.mcu.externaltools.arm-none.win32_1.15.0.201708311556/tools/compiler/bin/../lib/gcc/arm-none-eabi/6.3.1/thumb/v7-m\libgcc.a(_aeabi_uldivmod.o)
                0x080010bc                __aeabi_uldivmod
 .text          0x080010ec      0x2dc c:/program files (x86)/sw4stm/plugins/fr.ac6.mcu.externaltools.arm-none.win32_1.15.0.201708311556/tools/compiler/bin/../lib/gcc/arm-none-eabi/6.3.1/thumb/v7-m\libgcc.a(_udivmoddi4.o)
                0x080010ec                __udivmoddi4
 .text          0x080013c8        0x4 c:/program files (x86)/sw4stm/plugins/fr.ac6.mcu.externaltools.arm-none.win32_1.15.0.201708311556/tools/compiler/bin/../lib/gcc/arm-none-eabi/6.3.1/thumb/v7-m\libgcc.a(_dvmd_tls.o)
                0x080013c8                __aeabi_idiv0
                0x080013c8                __aeabi_ldiv0
 *(.text*)
 .text.blink_led
                0x080013cc       0x48 src\main.o
                0x080013cc                blink_led
 .text.open_append
                0x08001414       0x58 src\main.o
                0x08001414                open_append
 .text.init_pins
                0x0800146c       0x7c src\main.o
                0x0800146c                init_pins
 .text.check_sd
                0x080014e8       0xbc src\main.o
                0x080014e8                check_sd
 .text.wait_for_sd
                0x080015a4       0x3c src\main.o
                0x080015a4                wait_for_sd
 .text.init_rtc
                0x080015e0       0x52 src\main.o
                0x080015e0                init_rtc
 *fill*         0x08001632        0x2 
 .text.init_adc
                0x08001634       0x88 src\main.o
                0x08001634                init_adc
 .text.main     0x080016bc      0x190 src\main.o
                0x080016bc                main
 .text.ff_convert
                0x0800184c       0x74 src\sd\ccsbcs.o
                0x0800184c                ff_convert
 .text.ff_wtoupper
                0x080018c0       0x5c src\sd\ccsbcs.o
                0x080018c0                ff_wtoupper
 .text.spi_init
                0x0800191c       0x58 src\sd\diskio.o
 .text.spi_set_speed
                0x08001974       0x78 src\sd\diskio.o
 .text.spi_txrx
                0x080019ec       0x38 src\sd\diskio.o
 .text.crc7_one
                0x08001a24       0x50 src\sd\diskio.o
 .text.crc16_ccitt
                0x08001a74       0x72 src\sd\diskio.o
 .text.crc16    0x08001ae6       0x42 src\sd\diskio.o
                0x08001ae6                crc16
 .text.sd_cmd   0x08001b28       0xc6 src\sd\diskio.o
 .text.sd_get_r1
                0x08001bee       0x38 src\sd\diskio.o
 .text.sd_get_r2
                0x08001c26       0x5a src\sd\diskio.o
 .text.sd_get_r7
                0x08001c80       0x6c src\sd\diskio.o
 .text.print_r1
                0x08001cec       0x5c src\sd\diskio.o
 .text.print_r2
                0x08001d48       0x5c src\sd\diskio.o
 .text.sd_nec   0x08001da4       0x26 src\sd\diskio.o
 *fill*         0x08001dca        0x2 
 .text.sd_init  0x08001dcc      0x590 src\sd\diskio.o
 .text.sd_read_status
                0x0800235c       0x54 src\sd\diskio.o
 .text.sd_get_data
                0x080023b0       0xc0 src\sd\diskio.o
 .text.sd_put_data
                0x08002470       0xe8 src\sd\diskio.o
 .text.sd_read_csd
                0x08002558      0x504 src\sd\diskio.o
 .text.sd_read_cid
                0x08002a5c      0x154 src\sd\diskio.o
 .text.sd_readsector
                0x08002bb0       0xc4 src\sd\diskio.o
 .text.sd_writesector
                0x08002c74       0xd4 src\sd\diskio.o
 .text.hwif_init
                0x08002d48       0x74 src\sd\diskio.o
                0x08002d48                hwif_init
 .text.sd_read  0x08002dbc       0x74 src\sd\diskio.o
                0x08002dbc                sd_read
 .text.sd_write
                0x08002e30       0x74 src\sd\diskio.o
                0x08002e30                sd_write
 .text.disk_initialize
                0x08002ea4       0x28 src\sd\diskio.o
                0x08002ea4                disk_initialize
 .text.disk_status
                0x08002ecc       0x28 src\sd\diskio.o
                0x08002ecc                disk_status
 .text.disk_read
                0x08002ef4       0x58 src\sd\diskio.o
                0x08002ef4                disk_read
 .text.disk_write
                0x08002f4c       0x58 src\sd\diskio.o
                0x08002f4c                disk_write
 .text.disk_ioctl
                0x08002fa4       0x68 src\sd\diskio.o
                0x08002fa4                disk_ioctl
 .text.get_fattime
                0x0800300c       0x4a src\sd\diskio.o
                0x0800300c                get_fattime
 .text.mem_cpy  0x08003056       0x3a src\sd\ff.o
 .text.mem_set  0x08003090       0x32 src\sd\ff.o
 .text.mem_cmp  0x080030c2       0x4c src\sd\ff.o
 .text.chk_chr  0x0800310e       0x34 src\sd\ff.o
 .text.sync_window
                0x08003142       0x82 src\sd\ff.o
 .text.move_window
                0x080031c4       0x50 src\sd\ff.o
 .text.sync_fs  0x08003214      0x144 src\sd\ff.o
 .text.clust2sect
                0x08003358       0x3c src\sd\ff.o
                0x08003358                clust2sect
 .text.get_fat  0x08003394      0x15e src\sd\ff.o
                0x08003394                get_fat
 .text.put_fat  0x080034f2      0x200 src\sd\ff.o
                0x080034f2                put_fat
 .text.remove_chain
                0x080036f2       0xa6 src\sd\ff.o
 .text.create_chain
                0x08003798      0x11a src\sd\ff.o
 .text.dir_sdi  0x080038b2      0x104 src\sd\ff.o
 .text.dir_next
                0x080039b6      0x1a4 src\sd\ff.o
 .text.dir_alloc
                0x08003b5a       0x8c src\sd\ff.o
 .text.ld_clust
                0x08003be6       0x58 src\sd\ff.o
 .text.st_clust
                0x08003c3e       0x4c src\sd\ff.o
 *fill*         0x08003c8a        0x2 
 .text.cmp_lfn  0x08003c8c       0xdc src\sd\ff.o
 .text.pick_lfn
                0x08003d68       0xc8 src\sd\ff.o
 .text.fit_lfn  0x08003e30       0xe8 src\sd\ff.o
 .text.gen_numname
                0x08003f18       0xe4 src\sd\ff.o
                0x08003f18                gen_numname
 .text.sum_sfn  0x08003ffc       0x40 src\sd\ff.o
 .text.dir_find
                0x0800403c      0x158 src\sd\ff.o
 .text.dir_read
                0x08004194      0x136 src\sd\ff.o
 *fill*         0x080042ca        0x2 
 .text.dir_register
                0x080042cc      0x1f8 src\sd\ff.o
 .text.dir_remove
                0x080044c4       0x96 src\sd\ff.o
 *fill*         0x0800455a        0x2 
 .text.create_name
                0x0800455c      0x364 src\sd\ff.o
 .text.get_fileinfo
                0x080048c0      0x192 src\sd\ff.o
 .text.get_ldnumber
                0x08004a52       0x5a src\sd\ff.o
 .text.follow_path
                0x08004aac       0xd0 src\sd\ff.o
 .text.check_fs
                0x08004b7c       0xd0 src\sd\ff.o
 .text.find_volume
                0x08004c4c      0x560 src\sd\ff.o
 .text.validate
                0x080051ac       0x5a src\sd\ff.o
 *fill*         0x08005206        0x2 
 .text.f_mount  0x08005208       0x84 src\sd\ff.o
                0x08005208                f_mount
 .text.f_open   0x0800528c      0x288 src\sd\ff.o
                0x0800528c                f_open
 .text.f_write  0x08005514      0x2c8 src\sd\ff.o
                0x08005514                f_write
 .text.f_sync   0x080057dc      0x112 src\sd\ff.o
                0x080057dc                f_sync
 .text.f_close  0x080058ee       0x28 src\sd\ff.o
                0x080058ee                f_close
 .text.f_lseek  0x08005916      0x202 src\sd\ff.o
                0x08005916                f_lseek
 .text.f_stat   0x08005b18       0x7c src\sd\ff.o
                0x08005b18                f_stat
 .text.f_unlink
                0x08005b94      0x15c src\sd\ff.o
                0x08005b94                f_unlink
 .text.putc_bfd
                0x08005cf0       0x7a src\sd\ff.o
 .text.f_puts   0x08005d6a       0x74 src\sd\ff.o
                0x08005d6a                f_puts
 .text._read    0x08005dde       0x3a src\syscalls.o
                0x08005dde                _read
 .text._write   0x08005e18       0x38 src\syscalls.o
                0x08005e18                _write
 .text._sbrk    0x08005e50       0x58 src\syscalls.o
                0x08005e50                _sbrk
 .text._close   0x08005ea8       0x16 src\syscalls.o
                0x08005ea8                _close
 .text._fstat   0x08005ebe       0x1e src\syscalls.o
                0x08005ebe                _fstat
 .text._isatty  0x08005edc       0x14 src\syscalls.o
                0x08005edc                _isatty
 .text._lseek   0x08005ef0       0x18 src\syscalls.o
                0x08005ef0                _lseek
 .text.SystemInit
                0x08005f08       0x68 src\system_stm32f10x.o
                0x08005f08                SystemInit
 .text.SetSysClock
                0x08005f70        0xc src\system_stm32f10x.o
 .text.SetSysClockTo72
                0x08005f7c      0x100 src\system_stm32f10x.o
 .text.setup_delay_timer
                0x0800607c       0x98 src\utils.o
                0x0800607c                setup_delay_timer
 .text.delay_us
                0x08006114       0x30 src\utils.o
                0x08006114                delay_us
 .text.delay_ms
                0x08006144       0x28 src\utils.o
                0x08006144                delay_ms
 .text.Reset_Handler
                0x0800616c       0x48 startup\startup_stm32.o
                0x0800616c                Reset_Handler
 .text.Default_Handler
                0x080061b4        0x2 startup\startup_stm32.o
                0x080061b4                DebugMon_Handler
                0x080061b4                HardFault_Handler
                0x080061b4                SysTick_Handler
                0x080061b4                PendSV_Handler
                0x080061b4                NMI_Handler
                0x080061b4                UsageFault_Handler
                0x080061b4                Default_Handler
                0x080061b4                MemManage_Handler
                0x080061b4                SVC_Handler
                0x080061b4                BusFault_Handler
 *fill*         0x080061b6        0x2 
 .text.ADC_Init
                0x080061b8       0xa4 C:\Users\rcc\Documents\stm32_sw4stmProject\voltage_analyzer\bluepill_stdperiph_lib\Debug\libbluepill_stdperiph_lib.a(stm32f10x_adc.o)
                0x080061b8                ADC_Init
 .text.ADC_StructInit
                0x0800625c       0x36 C:\Users\rcc\Documents\stm32_sw4stmProject\voltage_analyzer\bluepill_stdperiph_lib\Debug\libbluepill_stdperiph_lib.a(stm32f10x_adc.o)
                0x0800625c                ADC_StructInit
 .text.ADC_Cmd  0x08006292       0x36 C:\Users\rcc\Documents\stm32_sw4stmProject\voltage_analyzer\bluepill_stdperiph_lib\Debug\libbluepill_stdperiph_lib.a(stm32f10x_adc.o)
                0x08006292                ADC_Cmd
 .text.ADC_ResetCalibration
                0x080062c8       0x1e C:\Users\rcc\Documents\stm32_sw4stmProject\voltage_analyzer\bluepill_stdperiph_lib\Debug\libbluepill_stdperiph_lib.a(stm32f10x_adc.o)
                0x080062c8                ADC_ResetCalibration
 .text.ADC_GetResetCalibrationStatus
                0x080062e6       0x2e C:\Users\rcc\Documents\stm32_sw4stmProject\voltage_analyzer\bluepill_stdperiph_lib\Debug\libbluepill_stdperiph_lib.a(stm32f10x_adc.o)
                0x080062e6                ADC_GetResetCalibrationStatus
 .text.ADC_StartCalibration
                0x08006314       0x1e C:\Users\rcc\Documents\stm32_sw4stmProject\voltage_analyzer\bluepill_stdperiph_lib\Debug\libbluepill_stdperiph_lib.a(stm32f10x_adc.o)
                0x08006314                ADC_StartCalibration
 .text.ADC_GetCalibrationStatus
                0x08006332       0x2e C:\Users\rcc\Documents\stm32_sw4stmProject\voltage_analyzer\bluepill_stdperiph_lib\Debug\libbluepill_stdperiph_lib.a(stm32f10x_adc.o)
                0x08006332                ADC_GetCalibrationStatus
 .text.ADC_SoftwareStartConvCmd
                0x08006360       0x36 C:\Users\rcc\Documents\stm32_sw4stmProject\voltage_analyzer\bluepill_stdperiph_lib\Debug\libbluepill_stdperiph_lib.a(stm32f10x_adc.o)
                0x08006360                ADC_SoftwareStartConvCmd
 .text.ADC_RegularChannelConfig
                0x08006396      0x192 C:\Users\rcc\Documents\stm32_sw4stmProject\voltage_analyzer\bluepill_stdperiph_lib\Debug\libbluepill_stdperiph_lib.a(stm32f10x_adc.o)
                0x08006396                ADC_RegularChannelConfig
 .text.ADC_GetConversionValue
                0x08006528       0x18 C:\Users\rcc\Documents\stm32_sw4stmProject\voltage_analyzer\bluepill_stdperiph_lib\Debug\libbluepill_stdperiph_lib.a(stm32f10x_adc.o)
                0x08006528                ADC_GetConversionValue
 .text.BKP_DeInit
                0x08006540       0x14 C:\Users\rcc\Documents\stm32_sw4stmProject\voltage_analyzer\bluepill_stdperiph_lib\Debug\libbluepill_stdperiph_lib.a(stm32f10x_bkp.o)
                0x08006540                BKP_DeInit
 .text.GPIO_Init
                0x08006554      0x178 C:\Users\rcc\Documents\stm32_sw4stmProject\voltage_analyzer\bluepill_stdperiph_lib\Debug\libbluepill_stdperiph_lib.a(stm32f10x_gpio.o)
                0x08006554                GPIO_Init
 .text.GPIO_StructInit
                0x080066cc       0x26 C:\Users\rcc\Documents\stm32_sw4stmProject\voltage_analyzer\bluepill_stdperiph_lib\Debug\libbluepill_stdperiph_lib.a(stm32f10x_gpio.o)
                0x080066cc                GPIO_StructInit
 .text.GPIO_WriteBit
                0x080066f2       0x2e C:\Users\rcc\Documents\stm32_sw4stmProject\voltage_analyzer\bluepill_stdperiph_lib\Debug\libbluepill_stdperiph_lib.a(stm32f10x_gpio.o)
                0x080066f2                GPIO_WriteBit
 .text.PWR_BackupAccessCmd
                0x08006720       0x20 C:\Users\rcc\Documents\stm32_sw4stmProject\voltage_analyzer\bluepill_stdperiph_lib\Debug\libbluepill_stdperiph_lib.a(stm32f10x_pwr.o)
                0x08006720                PWR_BackupAccessCmd
 .text.RCC_ADCCLKConfig
                0x08006740       0x38 C:\Users\rcc\Documents\stm32_sw4stmProject\voltage_analyzer\bluepill_stdperiph_lib\Debug\libbluepill_stdperiph_lib.a(stm32f10x_rcc.o)
                0x08006740                RCC_ADCCLKConfig
 .text.RCC_LSEConfig
                0x08006778       0x40 C:\Users\rcc\Documents\stm32_sw4stmProject\voltage_analyzer\bluepill_stdperiph_lib\Debug\libbluepill_stdperiph_lib.a(stm32f10x_rcc.o)
                0x08006778                RCC_LSEConfig
 .text.RCC_RTCCLKConfig
                0x080067b8       0x24 C:\Users\rcc\Documents\stm32_sw4stmProject\voltage_analyzer\bluepill_stdperiph_lib\Debug\libbluepill_stdperiph_lib.a(stm32f10x_rcc.o)
                0x080067b8                RCC_RTCCLKConfig
 .text.RCC_RTCCLKCmd
                0x080067dc       0x20 C:\Users\rcc\Documents\stm32_sw4stmProject\voltage_analyzer\bluepill_stdperiph_lib\Debug\libbluepill_stdperiph_lib.a(stm32f10x_rcc.o)
                0x080067dc                RCC_RTCCLKCmd
 .text.RCC_APB2PeriphClockCmd
                0x080067fc       0x3c C:\Users\rcc\Documents\stm32_sw4stmProject\voltage_analyzer\bluepill_stdperiph_lib\Debug\libbluepill_stdperiph_lib.a(stm32f10x_rcc.o)
                0x080067fc                RCC_APB2PeriphClockCmd
 .text.RCC_APB1PeriphClockCmd
                0x08006838       0x3c C:\Users\rcc\Documents\stm32_sw4stmProject\voltage_analyzer\bluepill_stdperiph_lib\Debug\libbluepill_stdperiph_lib.a(stm32f10x_rcc.o)
                0x08006838                RCC_APB1PeriphClockCmd
 .text.RCC_APB2PeriphResetCmd
                0x08006874       0x3c C:\Users\rcc\Documents\stm32_sw4stmProject\voltage_analyzer\bluepill_stdperiph_lib\Debug\libbluepill_stdperiph_lib.a(stm32f10x_rcc.o)
                0x08006874                RCC_APB2PeriphResetCmd
 .text.RCC_APB1PeriphResetCmd
                0x080068b0       0x3c C:\Users\rcc\Documents\stm32_sw4stmProject\voltage_analyzer\bluepill_stdperiph_lib\Debug\libbluepill_stdperiph_lib.a(stm32f10x_rcc.o)
                0x080068b0                RCC_APB1PeriphResetCmd
 .text.RCC_BackupResetCmd
                0x080068ec       0x20 C:\Users\rcc\Documents\stm32_sw4stmProject\voltage_analyzer\bluepill_stdperiph_lib\Debug\libbluepill_stdperiph_lib.a(stm32f10x_rcc.o)
                0x080068ec                RCC_BackupResetCmd
 .text.RCC_GetFlagStatus
                0x0800690c       0x74 C:\Users\rcc\Documents\stm32_sw4stmProject\voltage_analyzer\bluepill_stdperiph_lib\Debug\libbluepill_stdperiph_lib.a(stm32f10x_rcc.o)
                0x0800690c                RCC_GetFlagStatus
 .text.RTC_EnterConfigMode
                0x08006980       0x20 C:\Users\rcc\Documents\stm32_sw4stmProject\voltage_analyzer\bluepill_stdperiph_lib\Debug\libbluepill_stdperiph_lib.a(stm32f10x_rtc.o)
                0x08006980                RTC_EnterConfigMode
 .text.RTC_ExitConfigMode
                0x080069a0       0x20 C:\Users\rcc\Documents\stm32_sw4stmProject\voltage_analyzer\bluepill_stdperiph_lib\Debug\libbluepill_stdperiph_lib.a(stm32f10x_rtc.o)
                0x080069a0                RTC_ExitConfigMode
 .text.RTC_SetPrescaler
                0x080069c0       0x34 C:\Users\rcc\Documents\stm32_sw4stmProject\voltage_analyzer\bluepill_stdperiph_lib\Debug\libbluepill_stdperiph_lib.a(stm32f10x_rtc.o)
                0x080069c0                RTC_SetPrescaler
 .text.RTC_WaitForLastTask
                0x080069f4       0x20 C:\Users\rcc\Documents\stm32_sw4stmProject\voltage_analyzer\bluepill_stdperiph_lib\Debug\libbluepill_stdperiph_lib.a(stm32f10x_rtc.o)
                0x080069f4                RTC_WaitForLastTask
 .text.RTC_WaitForSynchro
                0x08006a14       0x30 C:\Users\rcc\Documents\stm32_sw4stmProject\voltage_analyzer\bluepill_stdperiph_lib\Debug\libbluepill_stdperiph_lib.a(stm32f10x_rtc.o)
                0x08006a14                RTC_WaitForSynchro
 .text.SPI_Init
                0x08006a44       0x86 C:\Users\rcc\Documents\stm32_sw4stmProject\voltage_analyzer\bluepill_stdperiph_lib\Debug\libbluepill_stdperiph_lib.a(stm32f10x_spi.o)
                0x08006a44                SPI_Init
 .text.SPI_Cmd  0x08006aca       0x3e C:\Users\rcc\Documents\stm32_sw4stmProject\voltage_analyzer\bluepill_stdperiph_lib\Debug\libbluepill_stdperiph_lib.a(stm32f10x_spi.o)
                0x08006aca                SPI_Cmd
 .text.TIM_DeInit
                0x08006b08      0x22c C:\Users\rcc\Documents\stm32_sw4stmProject\voltage_analyzer\bluepill_stdperiph_lib\Debug\libbluepill_stdperiph_lib.a(stm32f10x_tim.o)
                0x08006b08                TIM_DeInit
 .text.TIM_TimeBaseInit
                0x08006d34       0xf8 C:\Users\rcc\Documents\stm32_sw4stmProject\voltage_analyzer\bluepill_stdperiph_lib\Debug\libbluepill_stdperiph_lib.a(stm32f10x_tim.o)
                0x08006d34                TIM_TimeBaseInit
 .text.TIM_Cmd  0x08006e2c       0x3e C:\Users\rcc\Documents\stm32_sw4stmProject\voltage_analyzer\bluepill_stdperiph_lib\Debug\libbluepill_stdperiph_lib.a(stm32f10x_tim.o)
                0x08006e2c                TIM_Cmd
 *fill*         0x08006e6a        0x2 
 .text.__errno  0x08006e6c        0xc c:/program files (x86)/sw4stm/plugins/fr.ac6.mcu.externaltools.arm-none.win32_1.15.0.201708311556/tools/compiler/bin/../lib/gcc/arm-none-eabi/6.3.1/../../../../arm-none-eabi/lib/thumb/v7-m\libc.a(lib_a-errno.o)
                0x08006e6c                __errno
 .text.__libc_init_array
                0x08006e78       0x50 c:/program files (x86)/sw4stm/plugins/fr.ac6.mcu.externaltools.arm-none.win32_1.15.0.201708311556/tools/compiler/bin/../lib/gcc/arm-none-eabi/6.3.1/../../../../arm-none-eabi/lib/thumb/v7-m\libc.a(lib_a-init.o)
                0x08006e78                __libc_init_array
 .text.malloc   0x08006ec8       0x10 c:/program files (x86)/sw4stm/plugins/fr.ac6.mcu.externaltools.arm-none.win32_1.15.0.201708311556/tools/compiler/bin/../lib/gcc/arm-none-eabi/6.3.1/../../../../arm-none-eabi/lib/thumb/v7-m\libc.a(lib_a-malloc.o)
                0x08006ec8                malloc
 .text._malloc_r
                0x08006ed8      0x544 c:/program files (x86)/sw4stm/plugins/fr.ac6.mcu.externaltools.arm-none.win32_1.15.0.201708311556/tools/compiler/bin/../lib/gcc/arm-none-eabi/6.3.1/../../../../arm-none-eabi/lib/thumb/v7-m\libc.a(lib_a-mallocr.o)
                0x08006ed8                _malloc_r
 .text.memset   0x0800741c       0x9c c:/program files (x86)/sw4stm/plugins/fr.ac6.mcu.externaltools.arm-none.win32_1.15.0.201708311556/tools/compiler/bin/../lib/gcc/arm-none-eabi/6.3.1/../../../../arm-none-eabi/lib/thumb/v7-m\libc.a(lib_a-memset.o)
                0x0800741c                memset
 .text.__malloc_lock
                0x080074b8        0xc c:/program files (x86)/sw4stm/plugins/fr.ac6.mcu.externaltools.arm-none.win32_1.15.0.201708311556/tools/compiler/bin/../lib/gcc/arm-none-eabi/6.3.1/../../../../arm-none-eabi/lib/thumb/v7-m\libc.a(lib_a-mlock.o)
                0x080074b8                __malloc_lock
 .text.__malloc_unlock
                0x080074c4        0xc c:/program files (x86)/sw4stm/plugins/fr.ac6.mcu.externaltools.arm-none.win32_1.15.0.201708311556/tools/compiler/bin/../lib/gcc/arm-none-eabi/6.3.1/../../../../arm-none-eabi/lib/thumb/v7-m\libc.a(lib_a-mlock.o)
                0x080074c4                __malloc_unlock
 .text.printf   0x080074d0       0x28 c:/program files (x86)/sw4stm/plugins/fr.ac6.mcu.externaltools.arm-none.win32_1.15.0.201708311556/tools/compiler/bin/../lib/gcc/arm-none-eabi/6.3.1/../../../../arm-none-eabi/lib/thumb/v7-m\libc.a(lib_a-printf.o)
                0x080074d0                printf
 .text._puts_r  0x080074f8       0x9c c:/program files (x86)/sw4stm/plugins/fr.ac6.mcu.externaltools.arm-none.win32_1.15.0.201708311556/tools/compiler/bin/../lib/gcc/arm-none-eabi/6.3.1/../../../../arm-none-eabi/lib/thumb/v7-m\libc.a(lib_a-puts.o)
                0x080074f8                _puts_r
 .text.puts     0x08007594       0x10 c:/program files (x86)/sw4stm/plugins/fr.ac6.mcu.externaltools.arm-none.win32_1.15.0.201708311556/tools/compiler/bin/../lib/gcc/arm-none-eabi/6.3.1/../../../../arm-none-eabi/lib/thumb/v7-m\libc.a(lib_a-puts.o)
                0x08007594                puts
 .text._sbrk_r  0x080075a4       0x24 c:/program files (x86)/sw4stm/plugins/fr.ac6.mcu.externaltools.arm-none.win32_1.15.0.201708311556/tools/compiler/bin/../lib/gcc/arm-none-eabi/6.3.1/../../../../arm-none-eabi/lib/thumb/v7-m\libc.a(lib_a-sbrkr.o)
                0x080075a4                _sbrk_r
 .text.sprintf  0x080075c8       0x4c c:/program files (x86)/sw4stm/plugins/fr.ac6.mcu.externaltools.arm-none.win32_1.15.0.201708311556/tools/compiler/bin/../lib/gcc/arm-none-eabi/6.3.1/../../../../arm-none-eabi/lib/thumb/v7-m\libc.a(lib_a-sprintf.o)
                0x080075c8                sprintf
 .text.strlen   0x08007614       0x5c c:/program files (x86)/sw4stm/plugins/fr.ac6.mcu.externaltools.arm-none.win32_1.15.0.201708311556/tools/compiler/bin/../lib/gcc/arm-none-eabi/6.3.1/../../../../arm-none-eabi/lib/thumb/v7-m\libc.a(lib_a-strlen-stub.o)
                0x08007614                strlen
 .text._svfprintf_r
                0x08007670     0x1500 c:/program files (x86)/sw4stm/plugins/fr.ac6.mcu.externaltools.arm-none.win32_1.15.0.201708311556/tools/compiler/bin/../lib/gcc/arm-none-eabi/6.3.1/../../../../arm-none-eabi/lib/thumb/v7-m\libc.a(lib_a-svfprintf.o)
                0x08007670                _svfprintf_r
 .text._vfprintf_r
                0x08008b70     0x15e8 c:/program files (x86)/sw4stm/plugins/fr.ac6.mcu.externaltools.arm-none.win32_1.15.0.201708311556/tools/compiler/bin/../lib/gcc/arm-none-eabi/6.3.1/../../../../arm-none-eabi/lib/thumb/v7-m\libc.a(lib_a-vfprintf.o)
                0x08008b70                _vfprintf_r
 .text.__sbprintf
                0x0800a158       0x88 c:/program files (x86)/sw4stm/plugins/fr.ac6.mcu.externaltools.arm-none.win32_1.15.0.201708311556/tools/compiler/bin/../lib/gcc/arm-none-eabi/6.3.1/../../../../arm-none-eabi/lib/thumb/v7-m\libc.a(lib_a-vfprintf.o)
 .text.__swsetup_r
                0x0800a1e0       0xc8 c:/program files (x86)/sw4stm/plugins/fr.ac6.mcu.externaltools.arm-none.win32_1.15.0.201708311556/tools/compiler/bin/../lib/gcc/arm-none-eabi/6.3.1/../../../../arm-none-eabi/lib/thumb/v7-m\libc.a(lib_a-wsetup.o)
                0x0800a1e0                __swsetup_r
 .text.startup.register_fini
                0x0800a2a8       0x14 c:/program files (x86)/sw4stm/plugins/fr.ac6.mcu.externaltools.arm-none.win32_1.15.0.201708311556/tools/compiler/bin/../lib/gcc/arm-none-eabi/6.3.1/../../../../arm-none-eabi/lib/thumb/v7-m\libc.a(lib_a-__call_atexit.o)
 .text.atexit   0x0800a2bc        0xc c:/program files (x86)/sw4stm/plugins/fr.ac6.mcu.externaltools.arm-none.win32_1.15.0.201708311556/tools/compiler/bin/../lib/gcc/arm-none-eabi/6.3.1/../../../../arm-none-eabi/lib/thumb/v7-m\libc.a(lib_a-atexit.o)
                0x0800a2bc                atexit
 .text.quorem   0x0800a2c8      0x128 c:/program files (x86)/sw4stm/plugins/fr.ac6.mcu.externaltools.arm-none.win32_1.15.0.201708311556/tools/compiler/bin/../lib/gcc/arm-none-eabi/6.3.1/../../../../arm-none-eabi/lib/thumb/v7-m\libc.a(lib_a-dtoa.o)
 .text._dtoa_r  0x0800a3f0      0xe44 c:/program files (x86)/sw4stm/plugins/fr.ac6.mcu.externaltools.arm-none.win32_1.15.0.201708311556/tools/compiler/bin/../lib/gcc/arm-none-eabi/6.3.1/../../../../arm-none-eabi/lib/thumb/v7-m\libc.a(lib_a-dtoa.o)
                0x0800a3f0                _dtoa_r
 .text.__sflush_r
                0x0800b234      0x138 c:/program files (x86)/sw4stm/plugins/fr.ac6.mcu.externaltools.arm-none.win32_1.15.0.201708311556/tools/compiler/bin/../lib/gcc/arm-none-eabi/6.3.1/../../../../arm-none-eabi/lib/thumb/v7-m\libc.a(lib_a-fflush.o)
                0x0800b234                __sflush_r
 .text._fflush_r
                0x0800b36c       0x54 c:/program files (x86)/sw4stm/plugins/fr.ac6.mcu.externaltools.arm-none.win32_1.15.0.201708311556/tools/compiler/bin/../lib/gcc/arm-none-eabi/6.3.1/../../../../arm-none-eabi/lib/thumb/v7-m\libc.a(lib_a-fflush.o)
                0x0800b36c                _fflush_r
 .text._cleanup_r
                0x0800b3c0        0xc c:/program files (x86)/sw4stm/plugins/fr.ac6.mcu.externaltools.arm-none.win32_1.15.0.201708311556/tools/compiler/bin/../lib/gcc/arm-none-eabi/6.3.1/../../../../arm-none-eabi/lib/thumb/v7-m\libc.a(lib_a-findfp.o)
                0x0800b3c0                _cleanup_r
 .text.std.isra.0
                0x0800b3cc       0x50 c:/program files (x86)/sw4stm/plugins/fr.ac6.mcu.externaltools.arm-none.win32_1.15.0.201708311556/tools/compiler/bin/../lib/gcc/arm-none-eabi/6.3.1/../../../../arm-none-eabi/lib/thumb/v7-m\libc.a(lib_a-findfp.o)
 .text.__sinit  0x0800b41c       0x60 c:/program files (x86)/sw4stm/plugins/fr.ac6.mcu.externaltools.arm-none.win32_1.15.0.201708311556/tools/compiler/bin/../lib/gcc/arm-none-eabi/6.3.1/../../../../arm-none-eabi/lib/thumb/v7-m\libc.a(lib_a-findfp.o)
                0x0800b41c                __sinit
 .text.__sfp_lock_acquire
                0x0800b47c        0xc c:/program files (x86)/sw4stm/plugins/fr.ac6.mcu.externaltools.arm-none.win32_1.15.0.201708311556/tools/compiler/bin/../lib/gcc/arm-none-eabi/6.3.1/../../../../arm-none-eabi/lib/thumb/v7-m\libc.a(lib_a-findfp.o)
                0x0800b47c                __sfp_lock_acquire
 .text.__sfp_lock_release
                0x0800b488        0xc c:/program files (x86)/sw4stm/plugins/fr.ac6.mcu.externaltools.arm-none.win32_1.15.0.201708311556/tools/compiler/bin/../lib/gcc/arm-none-eabi/6.3.1/../../../../arm-none-eabi/lib/thumb/v7-m\libc.a(lib_a-findfp.o)
                0x0800b488                __sfp_lock_release
 .text.__libc_fini_array
                0x0800b494       0x34 c:/program files (x86)/sw4stm/plugins/fr.ac6.mcu.externaltools.arm-none.win32_1.15.0.201708311556/tools/compiler/bin/../lib/gcc/arm-none-eabi/6.3.1/../../../../arm-none-eabi/lib/thumb/v7-m\libc.a(lib_a-fini.o)
                0x0800b494                __libc_fini_array
 .text._malloc_trim_r
                0x0800b4c8       0xa0 c:/program files (x86)/sw4stm/plugins/fr.ac6.mcu.externaltools.arm-none.win32_1.15.0.201708311556/tools/compiler/bin/../lib/gcc/arm-none-eabi/6.3.1/../../../../arm-none-eabi/lib/thumb/v7-m\libc.a(lib_a-freer.o)
                0x0800b4c8                _malloc_trim_r
 .text._free_r  0x0800b568      0x1cc c:/program files (x86)/sw4stm/plugins/fr.ac6.mcu.externaltools.arm-none.win32_1.15.0.201708311556/tools/compiler/bin/../lib/gcc/arm-none-eabi/6.3.1/../../../../arm-none-eabi/lib/thumb/v7-m\libc.a(lib_a-freer.o)
                0x0800b568                _free_r
 .text.__sfvwrite_r
                0x0800b734      0x2f4 c:/program files (x86)/sw4stm/plugins/fr.ac6.mcu.externaltools.arm-none.win32_1.15.0.201708311556/tools/compiler/bin/../lib/gcc/arm-none-eabi/6.3.1/../../../../arm-none-eabi/lib/thumb/v7-m\libc.a(lib_a-fvwrite.o)
                0x0800b734                __sfvwrite_r
 .text._fwalk_reent
                0x0800ba28       0x50 c:/program files (x86)/sw4stm/plugins/fr.ac6.mcu.externaltools.arm-none.win32_1.15.0.201708311556/tools/compiler/bin/../lib/gcc/arm-none-eabi/6.3.1/../../../../arm-none-eabi/lib/thumb/v7-m\libc.a(lib_a-fwalk.o)
                0x0800ba28                _fwalk_reent
 .text._localeconv_r
                0x0800ba78       0x1c c:/program files (x86)/sw4stm/plugins/fr.ac6.mcu.externaltools.arm-none.win32_1.15.0.201708311556/tools/compiler/bin/../lib/gcc/arm-none-eabi/6.3.1/../../../../arm-none-eabi/lib/thumb/v7-m\libc.a(lib_a-localeconv.o)
                0x0800ba78                _localeconv_r
 .text.__retarget_lock_init_recursive
                0x0800ba94        0x4 c:/program files (x86)/sw4stm/plugins/fr.ac6.mcu.externaltools.arm-none.win32_1.15.0.201708311556/tools/compiler/bin/../lib/gcc/arm-none-eabi/6.3.1/../../../../arm-none-eabi/lib/thumb/v7-m\libc.a(lib_a-lock.o)
                0x0800ba94                __retarget_lock_init_recursive
 .text.__retarget_lock_close_recursive
                0x0800ba98        0x4 c:/program files (x86)/sw4stm/plugins/fr.ac6.mcu.externaltools.arm-none.win32_1.15.0.201708311556/tools/compiler/bin/../lib/gcc/arm-none-eabi/6.3.1/../../../../arm-none-eabi/lib/thumb/v7-m\libc.a(lib_a-lock.o)
                0x0800ba98                __retarget_lock_close_recursive
 .text.__retarget_lock_acquire_recursive
                0x0800ba9c        0x4 c:/program files (x86)/sw4stm/plugins/fr.ac6.mcu.externaltools.arm-none.win32_1.15.0.201708311556/tools/compiler/bin/../lib/gcc/arm-none-eabi/6.3.1/../../../../arm-none-eabi/lib/thumb/v7-m\libc.a(lib_a-lock.o)
                0x0800ba9c                __retarget_lock_acquire_recursive
 .text.__retarget_lock_release_recursive
                0x0800baa0        0x4 c:/program files (x86)/sw4stm/plugins/fr.ac6.mcu.externaltools.arm-none.win32_1.15.0.201708311556/tools/compiler/bin/../lib/gcc/arm-none-eabi/6.3.1/../../../../arm-none-eabi/lib/thumb/v7-m\libc.a(lib_a-lock.o)
                0x0800baa0                __retarget_lock_release_recursive
 .text.__swhatbuf_r
                0x0800baa4       0x5c c:/program files (x86)/sw4stm/plugins/fr.ac6.mcu.externaltools.arm-none.win32_1.15.0.201708311556/tools/compiler/bin/../lib/gcc/arm-none-eabi/6.3.1/../../../../arm-none-eabi/lib/thumb/v7-m\libc.a(lib_a-makebuf.o)
                0x0800baa4                __swhatbuf_r
 .text.__smakebuf_r
                0x0800bb00       0x94 c:/program files (x86)/sw4stm/plugins/fr.ac6.mcu.externaltools.arm-none.win32_1.15.0.201708311556/tools/compiler/bin/../lib/gcc/arm-none-eabi/6.3.1/../../../../arm-none-eabi/lib/thumb/v7-m\libc.a(lib_a-makebuf.o)
                0x0800bb00                __smakebuf_r
 .text.memchr   0x0800bb94       0x8c c:/program files (x86)/sw4stm/plugins/fr.ac6.mcu.externaltools.arm-none.win32_1.15.0.201708311556/tools/compiler/bin/../lib/gcc/arm-none-eabi/6.3.1/../../../../arm-none-eabi/lib/thumb/v7-m\libc.a(lib_a-memchr-stub.o)
                0x0800bb94                memchr
 .text.memmove  0x0800bc20       0xc8 c:/program files (x86)/sw4stm/plugins/fr.ac6.mcu.externaltools.arm-none.win32_1.15.0.201708311556/tools/compiler/bin/../lib/gcc/arm-none-eabi/6.3.1/../../../../arm-none-eabi/lib/thumb/v7-m\libc.a(lib_a-memmove.o)
                0x0800bc20                memmove
 .text._Balloc  0x0800bce8       0x4c c:/program files (x86)/sw4stm/plugins/fr.ac6.mcu.externaltools.arm-none.win32_1.15.0.201708311556/tools/compiler/bin/../lib/gcc/arm-none-eabi/6.3.1/../../../../arm-none-eabi/lib/thumb/v7-m\libc.a(lib_a-mprec.o)
                0x0800bce8                _Balloc
 .text._Bfree   0x0800bd34       0x14 c:/program files (x86)/sw4stm/plugins/fr.ac6.mcu.externaltools.arm-none.win32_1.15.0.201708311556/tools/compiler/bin/../lib/gcc/arm-none-eabi/6.3.1/../../../../arm-none-eabi/lib/thumb/v7-m\libc.a(lib_a-mprec.o)
                0x0800bd34                _Bfree
 .text.__multadd
                0x0800bd48       0x84 c:/program files (x86)/sw4stm/plugins/fr.ac6.mcu.externaltools.arm-none.win32_1.15.0.201708311556/tools/compiler/bin/../lib/gcc/arm-none-eabi/6.3.1/../../../../arm-none-eabi/lib/thumb/v7-m\libc.a(lib_a-mprec.o)
                0x0800bd48                __multadd
 .text.__hi0bits
                0x0800bdcc       0x40 c:/program files (x86)/sw4stm/plugins/fr.ac6.mcu.externaltools.arm-none.win32_1.15.0.201708311556/tools/compiler/bin/../lib/gcc/arm-none-eabi/6.3.1/../../../../arm-none-eabi/lib/thumb/v7-m\libc.a(lib_a-mprec.o)
                0x0800bdcc                __hi0bits
 .text.__lo0bits
                0x0800be0c       0x60 c:/program files (x86)/sw4stm/plugins/fr.ac6.mcu.externaltools.arm-none.win32_1.15.0.201708311556/tools/compiler/bin/../lib/gcc/arm-none-eabi/6.3.1/../../../../arm-none-eabi/lib/thumb/v7-m\libc.a(lib_a-mprec.o)
                0x0800be0c                __lo0bits
 .text.__i2b    0x0800be6c       0x14 c:/program files (x86)/sw4stm/plugins/fr.ac6.mcu.externaltools.arm-none.win32_1.15.0.201708311556/tools/compiler/bin/../lib/gcc/arm-none-eabi/6.3.1/../../../../arm-none-eabi/lib/thumb/v7-m\libc.a(lib_a-mprec.o)
                0x0800be6c                __i2b
 .text.__multiply
                0x0800be80      0x124 c:/program files (x86)/sw4stm/plugins/fr.ac6.mcu.externaltools.arm-none.win32_1.15.0.201708311556/tools/compiler/bin/../lib/gcc/arm-none-eabi/6.3.1/../../../../arm-none-eabi/lib/thumb/v7-m\libc.a(lib_a-mprec.o)
                0x0800be80                __multiply
 .text.__pow5mult
                0x0800bfa4       0xa0 c:/program files (x86)/sw4stm/plugins/fr.ac6.mcu.externaltools.arm-none.win32_1.15.0.201708311556/tools/compiler/bin/../lib/gcc/arm-none-eabi/6.3.1/../../../../arm-none-eabi/lib/thumb/v7-m\libc.a(lib_a-mprec.o)
                0x0800bfa4                __pow5mult
 .text.__lshift
                0x0800c044       0xa0 c:/program files (x86)/sw4stm/plugins/fr.ac6.mcu.externaltools.arm-none.win32_1.15.0.201708311556/tools/compiler/bin/../lib/gcc/arm-none-eabi/6.3.1/../../../../arm-none-eabi/lib/thumb/v7-m\libc.a(lib_a-mprec.o)
                0x0800c044                __lshift
 .text.__mcmp   0x0800c0e4       0x38 c:/program files (x86)/sw4stm/plugins/fr.ac6.mcu.externaltools.arm-none.win32_1.15.0.201708311556/tools/compiler/bin/../lib/gcc/arm-none-eabi/6.3.1/../../../../arm-none-eabi/lib/thumb/v7-m\libc.a(lib_a-mprec.o)
                0x0800c0e4                __mcmp
 .text.__mdiff  0x0800c11c      0x11c c:/program files (x86)/sw4stm/plugins/fr.ac6.mcu.externaltools.arm-none.win32_1.15.0.201708311556/tools/compiler/bin/../lib/gcc/arm-none-eabi/6.3.1/../../../../arm-none-eabi/lib/thumb/v7-m\libc.a(lib_a-mprec.o)
                0x0800c11c                __mdiff
 .text.__d2b    0x0800c238       0xa8 c:/program files (x86)/sw4stm/plugins/fr.ac6.mcu.externaltools.arm-none.win32_1.15.0.201708311556/tools/compiler/bin/../lib/gcc/arm-none-eabi/6.3.1/../../../../arm-none-eabi/lib/thumb/v7-m\libc.a(lib_a-mprec.o)
                0x0800c238                __d2b
 .text._realloc_r
                0x0800c2e0      0x36c c:/program files (x86)/sw4stm/plugins/fr.ac6.mcu.externaltools.arm-none.win32_1.15.0.201708311556/tools/compiler/bin/../lib/gcc/arm-none-eabi/6.3.1/../../../../arm-none-eabi/lib/thumb/v7-m\libc.a(lib_a-reallocr.o)
                0x0800c2e0                _realloc_r
 .text.__sread  0x0800c64c       0x24 c:/program files (x86)/sw4stm/plugins/fr.ac6.mcu.externaltools.arm-none.win32_1.15.0.201708311556/tools/compiler/bin/../lib/gcc/arm-none-eabi/6.3.1/../../../../arm-none-eabi/lib/thumb/v7-m\libc.a(lib_a-stdio.o)
                0x0800c64c                __sread
 .text.__swrite
                0x0800c670       0x3c c:/program files (x86)/sw4stm/plugins/fr.ac6.mcu.externaltools.arm-none.win32_1.15.0.201708311556/tools/compiler/bin/../lib/gcc/arm-none-eabi/6.3.1/../../../../arm-none-eabi/lib/thumb/v7-m\libc.a(lib_a-stdio.o)
                0x0800c670                __swrite
 .text.__sseek  0x0800c6ac       0x20 c:/program files (x86)/sw4stm/plugins/fr.ac6.mcu.externaltools.arm-none.win32_1.15.0.201708311556/tools/compiler/bin/../lib/gcc/arm-none-eabi/6.3.1/../../../../arm-none-eabi/lib/thumb/v7-m\libc.a(lib_a-stdio.o)
                0x0800c6ac                __sseek
 .text.__sclose
                0x0800c6cc        0x8 c:/program files (x86)/sw4stm/plugins/fr.ac6.mcu.externaltools.arm-none.win32_1.15.0.201708311556/tools/compiler/bin/../lib/gcc/arm-none-eabi/6.3.1/../../../../arm-none-eabi/lib/thumb/v7-m\libc.a(lib_a-stdio.o)
                0x0800c6cc                __sclose
 .text.__ssprint_r
                0x0800c6d4       0xfc c:/program files (x86)/sw4stm/plugins/fr.ac6.mcu.externaltools.arm-none.win32_1.15.0.201708311556/tools/compiler/bin/../lib/gcc/arm-none-eabi/6.3.1/../../../../arm-none-eabi/lib/thumb/v7-m\libc.a(lib_a-svfiprintf.o)
                0x0800c6d4                __ssprint_r
 .text.__sprint_r.part.0
                0x0800c7d0       0x80 c:/program files (x86)/sw4stm/plugins/fr.ac6.mcu.externaltools.arm-none.win32_1.15.0.201708311556/tools/compiler/bin/../lib/gcc/arm-none-eabi/6.3.1/../../../../arm-none-eabi/lib/thumb/v7-m\libc.a(lib_a-vfiprintf.o)
 .text.__sprint_r
                0x0800c850       0x14 c:/program files (x86)/sw4stm/plugins/fr.ac6.mcu.externaltools.arm-none.win32_1.15.0.201708311556/tools/compiler/bin/../lib/gcc/arm-none-eabi/6.3.1/../../../../arm-none-eabi/lib/thumb/v7-m\libc.a(lib_a-vfiprintf.o)
                0x0800c850                __sprint_r
 .text._write_r
                0x0800c864       0x2c c:/program files (x86)/sw4stm/plugins/fr.ac6.mcu.externaltools.arm-none.win32_1.15.0.201708311556/tools/compiler/bin/../lib/gcc/arm-none-eabi/6.3.1/../../../../arm-none-eabi/lib/thumb/v7-m\libc.a(lib_a-writer.o)
                0x0800c864                _write_r
 .text.__register_exitproc
                0x0800c890       0xc4 c:/program files (x86)/sw4stm/plugins/fr.ac6.mcu.externaltools.arm-none.win32_1.15.0.201708311556/tools/compiler/bin/../lib/gcc/arm-none-eabi/6.3.1/../../../../arm-none-eabi/lib/thumb/v7-m\libc.a(lib_a-__atexit.o)
                0x0800c890                __register_exitproc
 .text._calloc_r
                0x0800c954       0x60 c:/program files (x86)/sw4stm/plugins/fr.ac6.mcu.externaltools.arm-none.win32_1.15.0.201708311556/tools/compiler/bin/../lib/gcc/arm-none-eabi/6.3.1/../../../../arm-none-eabi/lib/thumb/v7-m\libc.a(lib_a-callocr.o)
                0x0800c954                _calloc_r
 .text._close_r
                0x0800c9b4       0x24 c:/program files (x86)/sw4stm/plugins/fr.ac6.mcu.externaltools.arm-none.win32_1.15.0.201708311556/tools/compiler/bin/../lib/gcc/arm-none-eabi/6.3.1/../../../../arm-none-eabi/lib/thumb/v7-m\libc.a(lib_a-closer.o)
                0x0800c9b4                _close_r
 .text._fclose_r
                0x0800c9d8       0xc4 c:/program files (x86)/sw4stm/plugins/fr.ac6.mcu.externaltools.arm-none.win32_1.15.0.201708311556/tools/compiler/bin/../lib/gcc/arm-none-eabi/6.3.1/../../../../arm-none-eabi/lib/thumb/v7-m\libc.a(lib_a-fclose.o)
                0x0800c9d8                _fclose_r
 .text.__fputwc
                0x0800ca9c       0x98 c:/program files (x86)/sw4stm/plugins/fr.ac6.mcu.externaltools.arm-none.win32_1.15.0.201708311556/tools/compiler/bin/../lib/gcc/arm-none-eabi/6.3.1/../../../../arm-none-eabi/lib/thumb/v7-m\libc.a(lib_a-fputwc.o)
                0x0800ca9c                __fputwc
 .text._fputwc_r
                0x0800cb34       0x68 c:/program files (x86)/sw4stm/plugins/fr.ac6.mcu.externaltools.arm-none.win32_1.15.0.201708311556/tools/compiler/bin/../lib/gcc/arm-none-eabi/6.3.1/../../../../arm-none-eabi/lib/thumb/v7-m\libc.a(lib_a-fputwc.o)
                0x0800cb34                _fputwc_r
 .text._fstat_r
                0x0800cb9c       0x28 c:/program files (x86)/sw4stm/plugins/fr.ac6.mcu.externaltools.arm-none.win32_1.15.0.201708311556/tools/compiler/bin/../lib/gcc/arm-none-eabi/6.3.1/../../../../arm-none-eabi/lib/thumb/v7-m\libc.a(lib_a-fstatr.o)
                0x0800cb9c                _fstat_r
 .text._isatty_r
                0x0800cbc4       0x24 c:/program files (x86)/sw4stm/plugins/fr.ac6.mcu.externaltools.arm-none.win32_1.15.0.201708311556/tools/compiler/bin/../lib/gcc/arm-none-eabi/6.3.1/../../../../arm-none-eabi/lib/thumb/v7-m\libc.a(lib_a-isattyr.o)
                0x0800cbc4                _isatty_r
 .text.__locale_mb_cur_max
                0x0800cbe8       0x1c c:/program files (x86)/sw4stm/plugins/fr.ac6.mcu.externaltools.arm-none.win32_1.15.0.201708311556/tools/compiler/bin/../lib/gcc/arm-none-eabi/6.3.1/../../../../arm-none-eabi/lib/thumb/v7-m\libc.a(lib_a-locale.o)
                0x0800cbe8                __locale_mb_cur_max
 .text._lseek_r
                0x0800cc04       0x2c c:/program files (x86)/sw4stm/plugins/fr.ac6.mcu.externaltools.arm-none.win32_1.15.0.201708311556/tools/compiler/bin/../lib/gcc/arm-none-eabi/6.3.1/../../../../arm-none-eabi/lib/thumb/v7-m\libc.a(lib_a-lseekr.o)
                0x0800cc04                _lseek_r
 .text.__ascii_mbtowc
                0x0800cc30       0x2c c:/program files (x86)/sw4stm/plugins/fr.ac6.mcu.externaltools.arm-none.win32_1.15.0.201708311556/tools/compiler/bin/../lib/gcc/arm-none-eabi/6.3.1/../../../../arm-none-eabi/lib/thumb/v7-m\libc.a(lib_a-mbtowc_r.o)
                0x0800cc30                __ascii_mbtowc
 .text._read_r  0x0800cc5c       0x2c c:/program files (x86)/sw4stm/plugins/fr.ac6.mcu.externaltools.arm-none.win32_1.15.0.201708311556/tools/compiler/bin/../lib/gcc/arm-none-eabi/6.3.1/../../../../arm-none-eabi/lib/thumb/v7-m\libc.a(lib_a-readr.o)
                0x0800cc5c                _read_r
 .text.__swbuf_r
                0x0800cc88       0xb0 c:/program files (x86)/sw4stm/plugins/fr.ac6.mcu.externaltools.arm-none.win32_1.15.0.201708311556/tools/compiler/bin/../lib/gcc/arm-none-eabi/6.3.1/../../../../arm-none-eabi/lib/thumb/v7-m\libc.a(lib_a-wbuf.o)
                0x0800cc88                __swbuf_r
 .text._wcrtomb_r
                0x0800cd38       0x54 c:/program files (x86)/sw4stm/plugins/fr.ac6.mcu.externaltools.arm-none.win32_1.15.0.201708311556/tools/compiler/bin/../lib/gcc/arm-none-eabi/6.3.1/../../../../arm-none-eabi/lib/thumb/v7-m\libc.a(lib_a-wcrtomb.o)
                0x0800cd38                _wcrtomb_r
 .text.__ascii_wctomb
                0x0800cd8c       0x18 c:/program files (x86)/sw4stm/plugins/fr.ac6.mcu.externaltools.arm-none.win32_1.15.0.201708311556/tools/compiler/bin/../lib/gcc/arm-none-eabi/6.3.1/../../../../arm-none-eabi/lib/thumb/v7-m\libc.a(lib_a-wctomb_r.o)
                0x0800cd8c                __ascii_wctomb
 *(.glue_7)
 .glue_7        0x0800cda4        0x0 linker stubs
 *(.glue_7t)
 .glue_7t       0x0800cda4        0x0 linker stubs
 *(.eh_frame)
 .eh_frame      0x0800cda4        0x0 c:/program files (x86)/sw4stm/plugins/fr.ac6.mcu.externaltools.arm-none.win32_1.15.0.201708311556/tools/compiler/bin/../lib/gcc/arm-none-eabi/6.3.1/thumb/v7-m/crtbegin.o
 *(.init)
 .init          0x0800cda4        0x4 c:/program files (x86)/sw4stm/plugins/fr.ac6.mcu.externaltools.arm-none.win32_1.15.0.201708311556/tools/compiler/bin/../lib/gcc/arm-none-eabi/6.3.1/thumb/v7-m/crti.o
                0x0800cda4                _init
 .init          0x0800cda8        0x8 c:/program files (x86)/sw4stm/plugins/fr.ac6.mcu.externaltools.arm-none.win32_1.15.0.201708311556/tools/compiler/bin/../lib/gcc/arm-none-eabi/6.3.1/thumb/v7-m/crtn.o
 *(.fini)
 .fini          0x0800cdb0        0x4 c:/program files (x86)/sw4stm/plugins/fr.ac6.mcu.externaltools.arm-none.win32_1.15.0.201708311556/tools/compiler/bin/../lib/gcc/arm-none-eabi/6.3.1/thumb/v7-m/crti.o
                0x0800cdb0                _fini
 .fini          0x0800cdb4        0x8 c:/program files (x86)/sw4stm/plugins/fr.ac6.mcu.externaltools.arm-none.win32_1.15.0.201708311556/tools/compiler/bin/../lib/gcc/arm-none-eabi/6.3.1/thumb/v7-m/crtn.o
                0x0800cdbc                . = ALIGN (0x4)
                0x0800cdbc                _etext = .

.vfp11_veneer   0x0800cdbc        0x0
 .vfp11_veneer  0x0800cdbc        0x0 linker stubs

.v4_bx          0x0800cdbc        0x0
 .v4_bx         0x0800cdbc        0x0 linker stubs

.iplt           0x0800cdbc        0x0
 .iplt          0x0800cdbc        0x0 c:/program files (x86)/sw4stm/plugins/fr.ac6.mcu.externaltools.arm-none.win32_1.15.0.201708311556/tools/compiler/bin/../lib/gcc/arm-none-eabi/6.3.1/thumb/v7-m/crtbegin.o

.rodata         0x0800cdc0      0xf80
                0x0800cdc0                . = ALIGN (0x4)
 *(.rodata)
 .rodata        0x0800cdc0       0x40 src\main.o
 .rodata        0x0800ce00      0x4c0 src\sd\ccsbcs.o
 .rodata        0x0800d2c0      0x729 src\sd\diskio.o
 *fill*         0x0800d9e9        0x3 
 .rodata        0x0800d9ec       0xa3 src\sd\ff.o
 *(.rodata*)
 *fill*         0x0800da8f        0x1 
 .rodata._global_impure_ptr
                0x0800da90        0x4 c:/program files (x86)/sw4stm/plugins/fr.ac6.mcu.externaltools.arm-none.win32_1.15.0.201708311556/tools/compiler/bin/../lib/gcc/arm-none-eabi/6.3.1/../../../../arm-none-eabi/lib/thumb/v7-m\libc.a(lib_a-impure.o)
                0x0800da90                _global_impure_ptr
 .rodata._puts_r.str1.4
                0x0800da94        0x2 c:/program files (x86)/sw4stm/plugins/fr.ac6.mcu.externaltools.arm-none.win32_1.15.0.201708311556/tools/compiler/bin/../lib/gcc/arm-none-eabi/6.3.1/../../../../arm-none-eabi/lib/thumb/v7-m\libc.a(lib_a-puts.o)
 *fill*         0x0800da96        0x2 
 .rodata._svfprintf_r.str1.4
                0x0800da98       0x42 c:/program files (x86)/sw4stm/plugins/fr.ac6.mcu.externaltools.arm-none.win32_1.15.0.201708311556/tools/compiler/bin/../lib/gcc/arm-none-eabi/6.3.1/../../../../arm-none-eabi/lib/thumb/v7-m\libc.a(lib_a-svfprintf.o)
 *fill*         0x0800dada        0x2 
 .rodata.blanks.7223
                0x0800dadc       0x10 c:/program files (x86)/sw4stm/plugins/fr.ac6.mcu.externaltools.arm-none.win32_1.15.0.201708311556/tools/compiler/bin/../lib/gcc/arm-none-eabi/6.3.1/../../../../arm-none-eabi/lib/thumb/v7-m\libc.a(lib_a-svfprintf.o)
 .rodata.zeroes.7224
                0x0800daec       0x10 c:/program files (x86)/sw4stm/plugins/fr.ac6.mcu.externaltools.arm-none.win32_1.15.0.201708311556/tools/compiler/bin/../lib/gcc/arm-none-eabi/6.3.1/../../../../arm-none-eabi/lib/thumb/v7-m\libc.a(lib_a-svfprintf.o)
 .rodata._vfprintf_r.str1.4
                0x0800dafc       0x42 c:/program files (x86)/sw4stm/plugins/fr.ac6.mcu.externaltools.arm-none.win32_1.15.0.201708311556/tools/compiler/bin/../lib/gcc/arm-none-eabi/6.3.1/../../../../arm-none-eabi/lib/thumb/v7-m\libc.a(lib_a-vfprintf.o)
 .rodata.blanks.7238
                0x0800dafc       0x10 c:/program files (x86)/sw4stm/plugins/fr.ac6.mcu.externaltools.arm-none.win32_1.15.0.201708311556/tools/compiler/bin/../lib/gcc/arm-none-eabi/6.3.1/../../../../arm-none-eabi/lib/thumb/v7-m\libc.a(lib_a-vfprintf.o)
 .rodata.zeroes.7239
                0x0800db0c       0x10 c:/program files (x86)/sw4stm/plugins/fr.ac6.mcu.externaltools.arm-none.win32_1.15.0.201708311556/tools/compiler/bin/../lib/gcc/arm-none-eabi/6.3.1/../../../../arm-none-eabi/lib/thumb/v7-m\libc.a(lib_a-vfprintf.o)
 .rodata._dtoa_r.str1.4
                0x0800db1c       0x10 c:/program files (x86)/sw4stm/plugins/fr.ac6.mcu.externaltools.arm-none.win32_1.15.0.201708311556/tools/compiler/bin/../lib/gcc/arm-none-eabi/6.3.1/../../../../arm-none-eabi/lib/thumb/v7-m\libc.a(lib_a-dtoa.o)
                                 0x12 (size before relaxing)
 *fill*         0x0800db2c        0x4 
 .rodata.__mprec_bigtens
                0x0800db30       0x28 c:/program files (x86)/sw4stm/plugins/fr.ac6.mcu.externaltools.arm-none.win32_1.15.0.201708311556/tools/compiler/bin/../lib/gcc/arm-none-eabi/6.3.1/../../../../arm-none-eabi/lib/thumb/v7-m\libc.a(lib_a-mprec.o)
                0x0800db30                __mprec_bigtens
 .rodata.__mprec_tens
                0x0800db58       0xc8 c:/program files (x86)/sw4stm/plugins/fr.ac6.mcu.externaltools.arm-none.win32_1.15.0.201708311556/tools/compiler/bin/../lib/gcc/arm-none-eabi/6.3.1/../../../../arm-none-eabi/lib/thumb/v7-m\libc.a(lib_a-mprec.o)
                0x0800db58                __mprec_tens
 .rodata.p05.6055
                0x0800dc20        0xc c:/program files (x86)/sw4stm/plugins/fr.ac6.mcu.externaltools.arm-none.win32_1.15.0.201708311556/tools/compiler/bin/../lib/gcc/arm-none-eabi/6.3.1/../../../../arm-none-eabi/lib/thumb/v7-m\libc.a(lib_a-mprec.o)
 .rodata._setlocale_r.str1.4
                0x0800dc2c        0xa c:/program files (x86)/sw4stm/plugins/fr.ac6.mcu.externaltools.arm-none.win32_1.15.0.201708311556/tools/compiler/bin/../lib/gcc/arm-none-eabi/6.3.1/../../../../arm-none-eabi/lib/thumb/v7-m\libc.a(lib_a-locale.o)
                                  0xd (size before relaxing)
 *fill*         0x0800dc36        0x2 
 .rodata.str1.4
                0x0800dc38        0x4 c:/program files (x86)/sw4stm/plugins/fr.ac6.mcu.externaltools.arm-none.win32_1.15.0.201708311556/tools/compiler/bin/../lib/gcc/arm-none-eabi/6.3.1/../../../../arm-none-eabi/lib/thumb/v7-m\libc.a(lib_a-locale.o)
                                  0x2 (size before relaxing)
 .rodata._ctype_
                0x0800dc3c      0x101 c:/program files (x86)/sw4stm/plugins/fr.ac6.mcu.externaltools.arm-none.win32_1.15.0.201708311556/tools/compiler/bin/../lib/gcc/arm-none-eabi/6.3.1/../../../../arm-none-eabi/lib/thumb/v7-m\libc.a(lib_a-ctype_.o)
                0x0800dc3c                _ctype_
                0x0800dd40                . = ALIGN (0x4)
 *fill*         0x0800dd3d        0x3 

.ARM.extab      0x0800dd40        0x0
                0x0800dd40                . = ALIGN (0x4)
 *(.ARM.extab* .gnu.linkonce.armextab.*)
                0x0800dd40                . = ALIGN (0x4)

.ARM            0x0800dd40        0x8
                0x0800dd40                . = ALIGN (0x4)
                0x0800dd40                __exidx_start = .
 *(.ARM.exidx*)
 .ARM.exidx     0x0800dd40        0x8 c:/program files (x86)/sw4stm/plugins/fr.ac6.mcu.externaltools.arm-none.win32_1.15.0.201708311556/tools/compiler/bin/../lib/gcc/arm-none-eabi/6.3.1/thumb/v7-m\libgcc.a(_udivmoddi4.o)
                0x0800dd48                __exidx_end = .
                0x0800dd48                . = ALIGN (0x4)

.rel.dyn        0x0800dd48        0x0
 .rel.iplt      0x0800dd48        0x0 c:/program files (x86)/sw4stm/plugins/fr.ac6.mcu.externaltools.arm-none.win32_1.15.0.201708311556/tools/compiler/bin/../lib/gcc/arm-none-eabi/6.3.1/thumb/v7-m/crtbegin.o

.preinit_array  0x0800dd48        0x0
                0x0800dd48                . = ALIGN (0x4)
                0x0800dd48                PROVIDE (__preinit_array_start, .)
 *(.preinit_array*)
                0x0800dd48                PROVIDE (__preinit_array_end, .)
                0x0800dd48                . = ALIGN (0x4)

.init_array     0x0800dd48        0x8
                0x0800dd48                . = ALIGN (0x4)
                0x0800dd48                PROVIDE (__init_array_start, .)
 *(SORT(.init_array.*))
 .init_array.00000
                0x0800dd48        0x4 c:/program files (x86)/sw4stm/plugins/fr.ac6.mcu.externaltools.arm-none.win32_1.15.0.201708311556/tools/compiler/bin/../lib/gcc/arm-none-eabi/6.3.1/../../../../arm-none-eabi/lib/thumb/v7-m\libc.a(lib_a-__call_atexit.o)
 *(.init_array*)
 .init_array    0x0800dd4c        0x4 c:/program files (x86)/sw4stm/plugins/fr.ac6.mcu.externaltools.arm-none.win32_1.15.0.201708311556/tools/compiler/bin/../lib/gcc/arm-none-eabi/6.3.1/thumb/v7-m/crtbegin.o
                0x0800dd50                PROVIDE (__init_array_end, .)
                0x0800dd50                . = ALIGN (0x4)

.fini_array     0x0800dd50        0x4
                0x0800dd50                . = ALIGN (0x4)
                0x0800dd50                PROVIDE (__fini_array_start, .)
 *(SORT(.fini_array.*))
 *(.fini_array*)
 .fini_array    0x0800dd50        0x4 c:/program files (x86)/sw4stm/plugins/fr.ac6.mcu.externaltools.arm-none.win32_1.15.0.201708311556/tools/compiler/bin/../lib/gcc/arm-none-eabi/6.3.1/thumb/v7-m/crtbegin.o
                0x0800dd54                PROVIDE (__fini_array_end, .)
                0x0800dd54                . = ALIGN (0x4)
                0x0800dd54                _sidata = LOADADDR (.data)

.data           0x20000000      0xa58 load address 0x0800dd54
                0x20000000                . = ALIGN (0x4)
                0x20000000                _sdata = .
 *(.data)
 .data          0x20000000       0x40 src\main.o
                0x20000000                logName
 .data          0x20000040       0x58 src\sd\diskio.o
 .data          0x20000098       0x14 src\system_stm32f10x.o
                0x20000098                SystemCoreClock
                0x2000009c                AHBPrescTable
 *(.data*)
 .data._impure_ptr
                0x200000ac        0x4 c:/program files (x86)/sw4stm/plugins/fr.ac6.mcu.externaltools.arm-none.win32_1.15.0.201708311556/tools/compiler/bin/../lib/gcc/arm-none-eabi/6.3.1/../../../../arm-none-eabi/lib/thumb/v7-m\libc.a(lib_a-impure.o)
                0x200000ac                _impure_ptr
 .data.impure_data
                0x200000b0      0x428 c:/program files (x86)/sw4stm/plugins/fr.ac6.mcu.externaltools.arm-none.win32_1.15.0.201708311556/tools/compiler/bin/../lib/gcc/arm-none-eabi/6.3.1/../../../../arm-none-eabi/lib/thumb/v7-m\libc.a(lib_a-impure.o)
 .data.__malloc_av_
                0x200004d8      0x408 c:/program files (x86)/sw4stm/plugins/fr.ac6.mcu.externaltools.arm-none.win32_1.15.0.201708311556/tools/compiler/bin/../lib/gcc/arm-none-eabi/6.3.1/../../../../arm-none-eabi/lib/thumb/v7-m\libc.a(lib_a-mallocr.o)
                0x200004d8                __malloc_av_
 .data.__malloc_sbrk_base
                0x200008e0        0x4 c:/program files (x86)/sw4stm/plugins/fr.ac6.mcu.externaltools.arm-none.win32_1.15.0.201708311556/tools/compiler/bin/../lib/gcc/arm-none-eabi/6.3.1/../../../../arm-none-eabi/lib/thumb/v7-m\libc.a(lib_a-mallocr.o)
                0x200008e0                __malloc_sbrk_base
 .data.__malloc_trim_threshold
                0x200008e4        0x4 c:/program files (x86)/sw4stm/plugins/fr.ac6.mcu.externaltools.arm-none.win32_1.15.0.201708311556/tools/compiler/bin/../lib/gcc/arm-none-eabi/6.3.1/../../../../arm-none-eabi/lib/thumb/v7-m\libc.a(lib_a-mallocr.o)
                0x200008e4                __malloc_trim_threshold
 .data.__atexit_recursive_mutex
                0x200008e8        0x4 c:/program files (x86)/sw4stm/plugins/fr.ac6.mcu.externaltools.arm-none.win32_1.15.0.201708311556/tools/compiler/bin/../lib/gcc/arm-none-eabi/6.3.1/../../../../arm-none-eabi/lib/thumb/v7-m\libc.a(lib_a-__call_atexit.o)
                0x200008e8                __atexit_recursive_mutex
 .data.__global_locale
                0x200008ec      0x16c c:/program files (x86)/sw4stm/plugins/fr.ac6.mcu.externaltools.arm-none.win32_1.15.0.201708311556/tools/compiler/bin/../lib/gcc/arm-none-eabi/6.3.1/../../../../arm-none-eabi/lib/thumb/v7-m\libc.a(lib_a-locale.o)
                0x200008ec                __global_locale
                0x20000a58                . = ALIGN (0x4)
                0x20000a58                _edata = .

.jcr            0x20000a58        0x0 load address 0x0800e7ac
 .jcr           0x20000a58        0x0 c:/program files (x86)/sw4stm/plugins/fr.ac6.mcu.externaltools.arm-none.win32_1.15.0.201708311556/tools/compiler/bin/../lib/gcc/arm-none-eabi/6.3.1/thumb/v7-m/crtbegin.o

.igot.plt       0x20000a58        0x0 load address 0x0800e7ac
 .igot.plt      0x20000a58        0x0 c:/program files (x86)/sw4stm/plugins/fr.ac6.mcu.externaltools.arm-none.win32_1.15.0.201708311556/tools/compiler/bin/../lib/gcc/arm-none-eabi/6.3.1/thumb/v7-m/crtbegin.o
                0x20000a58                . = ALIGN (0x4)

.bss            0x20000a58      0x5a8 load address 0x0800e7ac
                0x20000a58                _sbss = .
                0x20000a58                __bss_start__ = _sbss
 *(.bss)
 .bss           0x20000a58       0x1c c:/program files (x86)/sw4stm/plugins/fr.ac6.mcu.externaltools.arm-none.win32_1.15.0.201708311556/tools/compiler/bin/../lib/gcc/arm-none-eabi/6.3.1/thumb/v7-m/crtbegin.o
 .bss           0x20000a74        0x6 src\main.o
                0x20000a74                entry
                0x20000a78                doLog
                0x20000a79                sdPlugged
 *fill*         0x20000a7a        0x2 
 .bss           0x20000a7c      0x208 src\sd\ff.o
 .bss           0x20000c84        0x8 src\syscalls.o
                0x20000c84                __env
 *(.bss*)
 .bss.__malloc_current_mallinfo
                0x20000c8c       0x28 c:/program files (x86)/sw4stm/plugins/fr.ac6.mcu.externaltools.arm-none.win32_1.15.0.201708311556/tools/compiler/bin/../lib/gcc/arm-none-eabi/6.3.1/../../../../arm-none-eabi/lib/thumb/v7-m\libc.a(lib_a-mallocr.o)
                0x20000c8c                __malloc_current_mallinfo
 .bss.__malloc_max_sbrked_mem
                0x20000cb4        0x4 c:/program files (x86)/sw4stm/plugins/fr.ac6.mcu.externaltools.arm-none.win32_1.15.0.201708311556/tools/compiler/bin/../lib/gcc/arm-none-eabi/6.3.1/../../../../arm-none-eabi/lib/thumb/v7-m\libc.a(lib_a-mallocr.o)
                0x20000cb4                __malloc_max_sbrked_mem
 .bss.__malloc_max_total_mem
                0x20000cb8        0x4 c:/program files (x86)/sw4stm/plugins/fr.ac6.mcu.externaltools.arm-none.win32_1.15.0.201708311556/tools/compiler/bin/../lib/gcc/arm-none-eabi/6.3.1/../../../../arm-none-eabi/lib/thumb/v7-m\libc.a(lib_a-mallocr.o)
                0x20000cb8                __malloc_max_total_mem
 .bss.__malloc_top_pad
                0x20000cbc        0x4 c:/program files (x86)/sw4stm/plugins/fr.ac6.mcu.externaltools.arm-none.win32_1.15.0.201708311556/tools/compiler/bin/../lib/gcc/arm-none-eabi/6.3.1/../../../../arm-none-eabi/lib/thumb/v7-m\libc.a(lib_a-mallocr.o)
                0x20000cbc                __malloc_top_pad
 *(COMMON)
 COMMON         0x20000cc0      0x308 src\main.o
                0x20000cc0                fileInfo
                0x20000ce0                timestamp
                0x20000d00                fs
                0x20000f30                fileNr
                0x20000f34                buff
                0x20000f54                nRead
                0x20000f58                temperature
                0x20000f5e                button
                0x20000f60                voltage
                0x20000f64                i
                0x20000f68                buff2
                0x20000f88                adc
                0x20000f9c                fr
                0x20000fa0                nWritten
                0x20000fa4                fil
 COMMON         0x20000fc8       0x10 src\sd\diskio.o
                0x20000fc8                hw
 COMMON         0x20000fd8       0x21 c:/program files (x86)/sw4stm/plugins/fr.ac6.mcu.externaltools.arm-none.win32_1.15.0.201708311556/tools/compiler/bin/../lib/gcc/arm-none-eabi/6.3.1/../../../../arm-none-eabi/lib/thumb/v7-m\libc.a(lib_a-lock.o)
                0x20000fd8                __lock___atexit_recursive_mutex
                0x20000fdc                __lock___arc4random_mutex
                0x20000fe0                __lock___env_recursive_mutex
                0x20000fe4                __lock___sinit_recursive_mutex
                0x20000fe8                __lock___malloc_recursive_mutex
                0x20000fec                __lock___at_quick_exit_mutex
                0x20000ff0                __lock___dd_hash_mutex
                0x20000ff4                __lock___tz_mutex
                0x20000ff8                __lock___sfp_recursive_mutex
 *fill*         0x20000ff9        0x3 
 COMMON         0x20000ffc        0x4 c:/program files (x86)/sw4stm/plugins/fr.ac6.mcu.externaltools.arm-none.win32_1.15.0.201708311556/tools/compiler/bin/../lib/gcc/arm-none-eabi/6.3.1/../../../../arm-none-eabi/lib/thumb/v7-m\libc.a(lib_a-reent.o)
                0x20000ffc                errno
                0x20001000                . = ALIGN (0x4)
                0x20001000                _ebss = .
                0x20001000                __bss_end__ = _ebss

._user_heap_stack
                0x20001000      0x400 load address 0x0800e7ac
                0x20001000                . = ALIGN (0x8)
                0x20001000                PROVIDE (end, .)
                [!provide]                PROVIDE (_end, .)
                0x20001000                . = (. + _Min_Heap_Size)
                0x20001400                . = (. + _Min_Stack_Size)
 *fill*         0x20001000      0x400 
                0x20001400                . = ALIGN (0x8)

/DISCARD/
 libc.a(*)
 libm.a(*)
 libgcc.a(*)

.ARM.attributes
                0x00000000       0x29
 *(.ARM.attributes)
 .ARM.attributes
                0x00000000       0x1d c:/program files (x86)/sw4stm/plugins/fr.ac6.mcu.externaltools.arm-none.win32_1.15.0.201708311556/tools/compiler/bin/../lib/gcc/arm-none-eabi/6.3.1/thumb/v7-m/crti.o
 .ARM.attributes
                0x0000001d       0x2d c:/program files (x86)/sw4stm/plugins/fr.ac6.mcu.externaltools.arm-none.win32_1.15.0.201708311556/tools/compiler/bin/../lib/gcc/arm-none-eabi/6.3.1/thumb/v7-m/crtbegin.o
 .ARM.attributes
                0x0000004a       0x33 src\main.o
 .ARM.attributes
                0x0000007d       0x33 src\sd\ccsbcs.o
 .ARM.attributes
                0x000000b0       0x33 src\sd\diskio.o
 .ARM.attributes
                0x000000e3       0x33 src\sd\ff.o
 .ARM.attributes
                0x00000116       0x33 src\syscalls.o
 .ARM.attributes
                0x00000149       0x33 src\system_stm32f10x.o
 .ARM.attributes
                0x0000017c       0x33 src\utils.o
 .ARM.attributes
                0x000001af       0x21 startup\startup_stm32.o
 .ARM.attributes
                0x000001d0       0x33 C:\Users\rcc\Documents\stm32_sw4stmProject\voltage_analyzer\bluepill_stdperiph_lib\Debug\libbluepill_stdperiph_lib.a(stm32f10x_adc.o)
 .ARM.attributes
                0x00000203       0x33 C:\Users\rcc\Documents\stm32_sw4stmProject\voltage_analyzer\bluepill_stdperiph_lib\Debug\libbluepill_stdperiph_lib.a(stm32f10x_bkp.o)
 .ARM.attributes
                0x00000236       0x33 C:\Users\rcc\Documents\stm32_sw4stmProject\voltage_analyzer\bluepill_stdperiph_lib\Debug\libbluepill_stdperiph_lib.a(stm32f10x_gpio.o)
 .ARM.attributes
                0x00000269       0x33 C:\Users\rcc\Documents\stm32_sw4stmProject\voltage_analyzer\bluepill_stdperiph_lib\Debug\libbluepill_stdperiph_lib.a(stm32f10x_pwr.o)
 .ARM.attributes
                0x0000029c       0x33 C:\Users\rcc\Documents\stm32_sw4stmProject\voltage_analyzer\bluepill_stdperiph_lib\Debug\libbluepill_stdperiph_lib.a(stm32f10x_rcc.o)
 .ARM.attributes
                0x000002cf       0x33 C:\Users\rcc\Documents\stm32_sw4stmProject\voltage_analyzer\bluepill_stdperiph_lib\Debug\libbluepill_stdperiph_lib.a(stm32f10x_rtc.o)
 .ARM.attributes
                0x00000302       0x33 C:\Users\rcc\Documents\stm32_sw4stmProject\voltage_analyzer\bluepill_stdperiph_lib\Debug\libbluepill_stdperiph_lib.a(stm32f10x_spi.o)
 .ARM.attributes
                0x00000335       0x33 C:\Users\rcc\Documents\stm32_sw4stmProject\voltage_analyzer\bluepill_stdperiph_lib\Debug\libbluepill_stdperiph_lib.a(stm32f10x_tim.o)
 .ARM.attributes
                0x00000368       0x1d c:/program files (x86)/sw4stm/plugins/fr.ac6.mcu.externaltools.arm-none.win32_1.15.0.201708311556/tools/compiler/bin/../lib/gcc/arm-none-eabi/6.3.1/thumb/v7-m\libgcc.a(_arm_addsubdf3.o)
 .ARM.attributes
                0x00000385       0x1d c:/program files (x86)/sw4stm/plugins/fr.ac6.mcu.externaltools.arm-none.win32_1.15.0.201708311556/tools/compiler/bin/../lib/gcc/arm-none-eabi/6.3.1/thumb/v7-m\libgcc.a(_arm_muldivdf3.o)
 .ARM.attributes
                0x000003a2       0x1d c:/program files (x86)/sw4stm/plugins/fr.ac6.mcu.externaltools.arm-none.win32_1.15.0.201708311556/tools/compiler/bin/../lib/gcc/arm-none-eabi/6.3.1/thumb/v7-m\libgcc.a(_arm_fixdfsi.o)
 .ARM.attributes
                0x000003bf       0x1d c:/program files (x86)/sw4stm/plugins/fr.ac6.mcu.externaltools.arm-none.win32_1.15.0.201708311556/tools/compiler/bin/../lib/gcc/arm-none-eabi/6.3.1/thumb/v7-m\libgcc.a(_arm_addsubsf3.o)
 .ARM.attributes
                0x000003dc       0x1d c:/program files (x86)/sw4stm/plugins/fr.ac6.mcu.externaltools.arm-none.win32_1.15.0.201708311556/tools/compiler/bin/../lib/gcc/arm-none-eabi/6.3.1/thumb/v7-m\libgcc.a(_arm_muldivsf3.o)
 .ARM.attributes
                0x000003f9       0x2d c:/program files (x86)/sw4stm/plugins/fr.ac6.mcu.externaltools.arm-none.win32_1.15.0.201708311556/tools/compiler/bin/../lib/gcc/arm-none-eabi/6.3.1/../../../../arm-none-eabi/lib/thumb/v7-m\libc.a(lib_a-errno.o)
 .ARM.attributes
                0x00000426       0x2d c:/program files (x86)/sw4stm/plugins/fr.ac6.mcu.externaltools.arm-none.win32_1.15.0.201708311556/tools/compiler/bin/../lib/gcc/arm-none-eabi/6.3.1/../../../../arm-none-eabi/lib/thumb/v7-m\libc.a(lib_a-impure.o)
 .ARM.attributes
                0x00000453       0x2d c:/program files (x86)/sw4stm/plugins/fr.ac6.mcu.externaltools.arm-none.win32_1.15.0.201708311556/tools/compiler/bin/../lib/gcc/arm-none-eabi/6.3.1/../../../../arm-none-eabi/lib/thumb/v7-m\libc.a(lib_a-init.o)
 .ARM.attributes
                0x00000480       0x2d c:/program files (x86)/sw4stm/plugins/fr.ac6.mcu.externaltools.arm-none.win32_1.15.0.201708311556/tools/compiler/bin/../lib/gcc/arm-none-eabi/6.3.1/../../../../arm-none-eabi/lib/thumb/v7-m\libc.a(lib_a-malloc.o)
 .ARM.attributes
                0x000004ad       0x2d c:/program files (x86)/sw4stm/plugins/fr.ac6.mcu.externaltools.arm-none.win32_1.15.0.201708311556/tools/compiler/bin/../lib/gcc/arm-none-eabi/6.3.1/../../../../arm-none-eabi/lib/thumb/v7-m\libc.a(lib_a-mallocr.o)
 .ARM.attributes
                0x000004da       0x2d c:/program files (x86)/sw4stm/plugins/fr.ac6.mcu.externaltools.arm-none.win32_1.15.0.201708311556/tools/compiler/bin/../lib/gcc/arm-none-eabi/6.3.1/../../../../arm-none-eabi/lib/thumb/v7-m\libc.a(lib_a-memset.o)
 .ARM.attributes
                0x00000507       0x2d c:/program files (x86)/sw4stm/plugins/fr.ac6.mcu.externaltools.arm-none.win32_1.15.0.201708311556/tools/compiler/bin/../lib/gcc/arm-none-eabi/6.3.1/../../../../arm-none-eabi/lib/thumb/v7-m\libc.a(lib_a-mlock.o)
 .ARM.attributes
                0x00000534       0x2d c:/program files (x86)/sw4stm/plugins/fr.ac6.mcu.externaltools.arm-none.win32_1.15.0.201708311556/tools/compiler/bin/../lib/gcc/arm-none-eabi/6.3.1/../../../../arm-none-eabi/lib/thumb/v7-m\libc.a(lib_a-printf.o)
 .ARM.attributes
                0x00000561       0x2d c:/program files (x86)/sw4stm/plugins/fr.ac6.mcu.externaltools.arm-none.win32_1.15.0.201708311556/tools/compiler/bin/../lib/gcc/arm-none-eabi/6.3.1/../../../../arm-none-eabi/lib/thumb/v7-m\libc.a(lib_a-puts.o)
 .ARM.attributes
                0x0000058e       0x2d c:/program files (x86)/sw4stm/plugins/fr.ac6.mcu.externaltools.arm-none.win32_1.15.0.201708311556/tools/compiler/bin/../lib/gcc/arm-none-eabi/6.3.1/../../../../arm-none-eabi/lib/thumb/v7-m\libc.a(lib_a-sbrkr.o)
 .ARM.attributes
                0x000005bb       0x2d c:/program files (x86)/sw4stm/plugins/fr.ac6.mcu.externaltools.arm-none.win32_1.15.0.201708311556/tools/compiler/bin/../lib/gcc/arm-none-eabi/6.3.1/../../../../arm-none-eabi/lib/thumb/v7-m\libc.a(lib_a-sprintf.o)
 .ARM.attributes
                0x000005e8       0x2d c:/program files (x86)/sw4stm/plugins/fr.ac6.mcu.externaltools.arm-none.win32_1.15.0.201708311556/tools/compiler/bin/../lib/gcc/arm-none-eabi/6.3.1/../../../../arm-none-eabi/lib/thumb/v7-m\libc.a(lib_a-strlen-stub.o)
 .ARM.attributes
                0x00000615       0x2d c:/program files (x86)/sw4stm/plugins/fr.ac6.mcu.externaltools.arm-none.win32_1.15.0.201708311556/tools/compiler/bin/../lib/gcc/arm-none-eabi/6.3.1/../../../../arm-none-eabi/lib/thumb/v7-m\libc.a(lib_a-svfprintf.o)
 .ARM.attributes
                0x00000642       0x2d c:/program files (x86)/sw4stm/plugins/fr.ac6.mcu.externaltools.arm-none.win32_1.15.0.201708311556/tools/compiler/bin/../lib/gcc/arm-none-eabi/6.3.1/../../../../arm-none-eabi/lib/thumb/v7-m\libc.a(lib_a-vfprintf.o)
 .ARM.attributes
                0x0000066f       0x2d c:/program files (x86)/sw4stm/plugins/fr.ac6.mcu.externaltools.arm-none.win32_1.15.0.201708311556/tools/compiler/bin/../lib/gcc/arm-none-eabi/6.3.1/../../../../arm-none-eabi/lib/thumb/v7-m\libc.a(lib_a-wsetup.o)
 .ARM.attributes
                0x0000069c       0x2d c:/program files (x86)/sw4stm/plugins/fr.ac6.mcu.externaltools.arm-none.win32_1.15.0.201708311556/tools/compiler/bin/../lib/gcc/arm-none-eabi/6.3.1/../../../../arm-none-eabi/lib/thumb/v7-m\libc.a(lib_a-__call_atexit.o)
 .ARM.attributes
                0x000006c9       0x2d c:/program files (x86)/sw4stm/plugins/fr.ac6.mcu.externaltools.arm-none.win32_1.15.0.201708311556/tools/compiler/bin/../lib/gcc/arm-none-eabi/6.3.1/../../../../arm-none-eabi/lib/thumb/v7-m\libc.a(lib_a-atexit.o)
 .ARM.attributes
                0x000006f6       0x2d c:/program files (x86)/sw4stm/plugins/fr.ac6.mcu.externaltools.arm-none.win32_1.15.0.201708311556/tools/compiler/bin/../lib/gcc/arm-none-eabi/6.3.1/../../../../arm-none-eabi/lib/thumb/v7-m\libc.a(lib_a-dtoa.o)
 .ARM.attributes
                0x00000723       0x2d c:/program files (x86)/sw4stm/plugins/fr.ac6.mcu.externaltools.arm-none.win32_1.15.0.201708311556/tools/compiler/bin/../lib/gcc/arm-none-eabi/6.3.1/../../../../arm-none-eabi/lib/thumb/v7-m\libc.a(lib_a-fflush.o)
 .ARM.attributes
                0x00000750       0x2d c:/program files (x86)/sw4stm/plugins/fr.ac6.mcu.externaltools.arm-none.win32_1.15.0.201708311556/tools/compiler/bin/../lib/gcc/arm-none-eabi/6.3.1/../../../../arm-none-eabi/lib/thumb/v7-m\libc.a(lib_a-findfp.o)
 .ARM.attributes
                0x0000077d       0x2d c:/program files (x86)/sw4stm/plugins/fr.ac6.mcu.externaltools.arm-none.win32_1.15.0.201708311556/tools/compiler/bin/../lib/gcc/arm-none-eabi/6.3.1/../../../../arm-none-eabi/lib/thumb/v7-m\libc.a(lib_a-fini.o)
 .ARM.attributes
                0x000007aa       0x2d c:/program files (x86)/sw4stm/plugins/fr.ac6.mcu.externaltools.arm-none.win32_1.15.0.201708311556/tools/compiler/bin/../lib/gcc/arm-none-eabi/6.3.1/../../../../arm-none-eabi/lib/thumb/v7-m\libc.a(lib_a-freer.o)
 .ARM.attributes
                0x000007d7       0x2d c:/program files (x86)/sw4stm/plugins/fr.ac6.mcu.externaltools.arm-none.win32_1.15.0.201708311556/tools/compiler/bin/../lib/gcc/arm-none-eabi/6.3.1/../../../../arm-none-eabi/lib/thumb/v7-m\libc.a(lib_a-fvwrite.o)
 .ARM.attributes
                0x00000804       0x2d c:/program files (x86)/sw4stm/plugins/fr.ac6.mcu.externaltools.arm-none.win32_1.15.0.201708311556/tools/compiler/bin/../lib/gcc/arm-none-eabi/6.3.1/../../../../arm-none-eabi/lib/thumb/v7-m\libc.a(lib_a-fwalk.o)
 .ARM.attributes
                0x00000831       0x2d c:/program files (x86)/sw4stm/plugins/fr.ac6.mcu.externaltools.arm-none.win32_1.15.0.201708311556/tools/compiler/bin/../lib/gcc/arm-none-eabi/6.3.1/../../../../arm-none-eabi/lib/thumb/v7-m\libc.a(lib_a-localeconv.o)
 .ARM.attributes
                0x0000085e       0x2d c:/program files (x86)/sw4stm/plugins/fr.ac6.mcu.externaltools.arm-none.win32_1.15.0.201708311556/tools/compiler/bin/../lib/gcc/arm-none-eabi/6.3.1/../../../../arm-none-eabi/lib/thumb/v7-m\libc.a(lib_a-lock.o)
 .ARM.attributes
                0x0000088b       0x2d c:/program files (x86)/sw4stm/plugins/fr.ac6.mcu.externaltools.arm-none.win32_1.15.0.201708311556/tools/compiler/bin/../lib/gcc/arm-none-eabi/6.3.1/../../../../arm-none-eabi/lib/thumb/v7-m\libc.a(lib_a-makebuf.o)
 .ARM.attributes
                0x000008b8       0x2d c:/program files (x86)/sw4stm/plugins/fr.ac6.mcu.externaltools.arm-none.win32_1.15.0.201708311556/tools/compiler/bin/../lib/gcc/arm-none-eabi/6.3.1/../../../../arm-none-eabi/lib/thumb/v7-m\libc.a(lib_a-memchr-stub.o)
 .ARM.attributes
                0x000008e5       0x1b c:/program files (x86)/sw4stm/plugins/fr.ac6.mcu.externaltools.arm-none.win32_1.15.0.201708311556/tools/compiler/bin/../lib/gcc/arm-none-eabi/6.3.1/../../../../arm-none-eabi/lib/thumb/v7-m\libc.a(lib_a-memcpy.o)
 .ARM.attributes
                0x00000900       0x2d c:/program files (x86)/sw4stm/plugins/fr.ac6.mcu.externaltools.arm-none.win32_1.15.0.201708311556/tools/compiler/bin/../lib/gcc/arm-none-eabi/6.3.1/../../../../arm-none-eabi/lib/thumb/v7-m\libc.a(lib_a-memmove.o)
 .ARM.attributes
                0x0000092d       0x2d c:/program files (x86)/sw4stm/plugins/fr.ac6.mcu.externaltools.arm-none.win32_1.15.0.201708311556/tools/compiler/bin/../lib/gcc/arm-none-eabi/6.3.1/../../../../arm-none-eabi/lib/thumb/v7-m\libc.a(lib_a-mprec.o)
 .ARM.attributes
                0x0000095a       0x2d c:/program files (x86)/sw4stm/plugins/fr.ac6.mcu.externaltools.arm-none.win32_1.15.0.201708311556/tools/compiler/bin/../lib/gcc/arm-none-eabi/6.3.1/../../../../arm-none-eabi/lib/thumb/v7-m\libc.a(lib_a-reallocr.o)
 .ARM.attributes
                0x00000987       0x2d c:/program files (x86)/sw4stm/plugins/fr.ac6.mcu.externaltools.arm-none.win32_1.15.0.201708311556/tools/compiler/bin/../lib/gcc/arm-none-eabi/6.3.1/../../../../arm-none-eabi/lib/thumb/v7-m\libc.a(lib_a-reent.o)
 .ARM.attributes
                0x000009b4       0x2d c:/program files (x86)/sw4stm/plugins/fr.ac6.mcu.externaltools.arm-none.win32_1.15.0.201708311556/tools/compiler/bin/../lib/gcc/arm-none-eabi/6.3.1/../../../../arm-none-eabi/lib/thumb/v7-m\libc.a(lib_a-stdio.o)
 .ARM.attributes
                0x000009e1       0x2d c:/program files (x86)/sw4stm/plugins/fr.ac6.mcu.externaltools.arm-none.win32_1.15.0.201708311556/tools/compiler/bin/../lib/gcc/arm-none-eabi/6.3.1/../../../../arm-none-eabi/lib/thumb/v7-m\libc.a(lib_a-svfiprintf.o)
 .ARM.attributes
                0x00000a0e       0x2d c:/program files (x86)/sw4stm/plugins/fr.ac6.mcu.externaltools.arm-none.win32_1.15.0.201708311556/tools/compiler/bin/../lib/gcc/arm-none-eabi/6.3.1/../../../../arm-none-eabi/lib/thumb/v7-m\libc.a(lib_a-vfiprintf.o)
 .ARM.attributes
                0x00000a3b       0x2d c:/program files (x86)/sw4stm/plugins/fr.ac6.mcu.externaltools.arm-none.win32_1.15.0.201708311556/tools/compiler/bin/../lib/gcc/arm-none-eabi/6.3.1/../../../../arm-none-eabi/lib/thumb/v7-m\libc.a(lib_a-writer.o)
 .ARM.attributes
                0x00000a68       0x2d c:/program files (x86)/sw4stm/plugins/fr.ac6.mcu.externaltools.arm-none.win32_1.15.0.201708311556/tools/compiler/bin/../lib/gcc/arm-none-eabi/6.3.1/../../../../arm-none-eabi/lib/thumb/v7-m\libc.a(lib_a-__atexit.o)
 .ARM.attributes
                0x00000a95       0x2d c:/program files (x86)/sw4stm/plugins/fr.ac6.mcu.externaltools.arm-none.win32_1.15.0.201708311556/tools/compiler/bin/../lib/gcc/arm-none-eabi/6.3.1/../../../../arm-none-eabi/lib/thumb/v7-m\libc.a(lib_a-callocr.o)
 .ARM.attributes
                0x00000ac2       0x2d c:/program files (x86)/sw4stm/plugins/fr.ac6.mcu.externaltools.arm-none.win32_1.15.0.201708311556/tools/compiler/bin/../lib/gcc/arm-none-eabi/6.3.1/../../../../arm-none-eabi/lib/thumb/v7-m\libc.a(lib_a-closer.o)
 .ARM.attributes
                0x00000aef       0x2d c:/program files (x86)/sw4stm/plugins/fr.ac6.mcu.externaltools.arm-none.win32_1.15.0.201708311556/tools/compiler/bin/../lib/gcc/arm-none-eabi/6.3.1/../../../../arm-none-eabi/lib/thumb/v7-m\libc.a(lib_a-fclose.o)
 .ARM.attributes
                0x00000b1c       0x2d c:/program files (x86)/sw4stm/plugins/fr.ac6.mcu.externaltools.arm-none.win32_1.15.0.201708311556/tools/compiler/bin/../lib/gcc/arm-none-eabi/6.3.1/../../../../arm-none-eabi/lib/thumb/v7-m\libc.a(lib_a-fputwc.o)
 .ARM.attributes
                0x00000b49       0x2d c:/program files (x86)/sw4stm/plugins/fr.ac6.mcu.externaltools.arm-none.win32_1.15.0.201708311556/tools/compiler/bin/../lib/gcc/arm-none-eabi/6.3.1/../../../../arm-none-eabi/lib/thumb/v7-m\libc.a(lib_a-fstatr.o)
 .ARM.attributes
                0x00000b76       0x2d c:/program files (x86)/sw4stm/plugins/fr.ac6.mcu.externaltools.arm-none.win32_1.15.0.201708311556/tools/compiler/bin/../lib/gcc/arm-none-eabi/6.3.1/../../../../arm-none-eabi/lib/thumb/v7-m\libc.a(lib_a-isattyr.o)
 .ARM.attributes
                0x00000ba3       0x2d c:/program files (x86)/sw4stm/plugins/fr.ac6.mcu.externaltools.arm-none.win32_1.15.0.201708311556/tools/compiler/bin/../lib/gcc/arm-none-eabi/6.3.1/../../../../arm-none-eabi/lib/thumb/v7-m\libc.a(lib_a-locale.o)
 .ARM.attributes
                0x00000bd0       0x2d c:/program files (x86)/sw4stm/plugins/fr.ac6.mcu.externaltools.arm-none.win32_1.15.0.201708311556/tools/compiler/bin/../lib/gcc/arm-none-eabi/6.3.1/../../../../arm-none-eabi/lib/thumb/v7-m\libc.a(lib_a-lseekr.o)
 .ARM.attributes
                0x00000bfd       0x2d c:/program files (x86)/sw4stm/plugins/fr.ac6.mcu.externaltools.arm-none.win32_1.15.0.201708311556/tools/compiler/bin/../lib/gcc/arm-none-eabi/6.3.1/../../../../arm-none-eabi/lib/thumb/v7-m\libc.a(lib_a-mbtowc_r.o)
 .ARM.attributes
                0x00000c2a       0x2d c:/program files (x86)/sw4stm/plugins/fr.ac6.mcu.externaltools.arm-none.win32_1.15.0.201708311556/tools/compiler/bin/../lib/gcc/arm-none-eabi/6.3.1/../../../../arm-none-eabi/lib/thumb/v7-m\libc.a(lib_a-readr.o)
 .ARM.attributes
                0x00000c57       0x2d c:/program files (x86)/sw4stm/plugins/fr.ac6.mcu.externaltools.arm-none.win32_1.15.0.201708311556/tools/compiler/bin/../lib/gcc/arm-none-eabi/6.3.1/../../../../arm-none-eabi/lib/thumb/v7-m\libc.a(lib_a-wbuf.o)
 .ARM.attributes
                0x00000c84       0x2d c:/program files (x86)/sw4stm/plugins/fr.ac6.mcu.externaltools.arm-none.win32_1.15.0.201708311556/tools/compiler/bin/../lib/gcc/arm-none-eabi/6.3.1/../../../../arm-none-eabi/lib/thumb/v7-m\libc.a(lib_a-wcrtomb.o)
 .ARM.attributes
                0x00000cb1       0x2d c:/program files (x86)/sw4stm/plugins/fr.ac6.mcu.externaltools.arm-none.win32_1.15.0.201708311556/tools/compiler/bin/../lib/gcc/arm-none-eabi/6.3.1/../../../../arm-none-eabi/lib/thumb/v7-m\libc.a(lib_a-wctomb_r.o)
 .ARM.attributes
                0x00000cde       0x2d c:/program files (x86)/sw4stm/plugins/fr.ac6.mcu.externaltools.arm-none.win32_1.15.0.201708311556/tools/compiler/bin/../lib/gcc/arm-none-eabi/6.3.1/../../../../arm-none-eabi/lib/thumb/v7-m\libc.a(lib_a-ctype_.o)
 .ARM.attributes
                0x00000d0b       0x1d c:/program files (x86)/sw4stm/plugins/fr.ac6.mcu.externaltools.arm-none.win32_1.15.0.201708311556/tools/compiler/bin/../lib/gcc/arm-none-eabi/6.3.1/thumb/v7-m\libgcc.a(_arm_cmpdf2.o)
 .ARM.attributes
                0x00000d28       0x1d c:/program files (x86)/sw4stm/plugins/fr.ac6.mcu.externaltools.arm-none.win32_1.15.0.201708311556/tools/compiler/bin/../lib/gcc/arm-none-eabi/6.3.1/thumb/v7-m\libgcc.a(_arm_unorddf2.o)
 .ARM.attributes
                0x00000d45       0x1d c:/program files (x86)/sw4stm/plugins/fr.ac6.mcu.externaltools.arm-none.win32_1.15.0.201708311556/tools/compiler/bin/../lib/gcc/arm-none-eabi/6.3.1/thumb/v7-m\libgcc.a(_aeabi_uldivmod.o)
 .ARM.attributes
                0x00000d62       0x2d c:/program files (x86)/sw4stm/plugins/fr.ac6.mcu.externaltools.arm-none.win32_1.15.0.201708311556/tools/compiler/bin/../lib/gcc/arm-none-eabi/6.3.1/thumb/v7-m\libgcc.a(_udivmoddi4.o)
 .ARM.attributes
                0x00000d8f       0x1d c:/program files (x86)/sw4stm/plugins/fr.ac6.mcu.externaltools.arm-none.win32_1.15.0.201708311556/tools/compiler/bin/../lib/gcc/arm-none-eabi/6.3.1/thumb/v7-m\libgcc.a(_dvmd_tls.o)
 .ARM.attributes
                0x00000dac       0x1d c:/program files (x86)/sw4stm/plugins/fr.ac6.mcu.externaltools.arm-none.win32_1.15.0.201708311556/tools/compiler/bin/../lib/gcc/arm-none-eabi/6.3.1/thumb/v7-m/crtn.o
OUTPUT(bluepill-logger.elf elf32-littlearm)

.debug_info     0x00000000     0xb65f
 .debug_info    0x00000000     0x13ca src\main.o
 .debug_info    0x000013ca      0x153 src\sd\ccsbcs.o
 .debug_info    0x0000151d     0x179c src\sd\diskio.o
 .debug_info    0x00002cb9     0x1e83 src\sd\ff.o
 .debug_info    0x00004b3c      0xf2a src\syscalls.o
 .debug_info    0x00005a66      0x456 src\system_stm32f10x.o
 .debug_info    0x00005ebc      0x6ab src\utils.o
 .debug_info    0x00006567       0x93 startup\startup_stm32.o
 .debug_info    0x000065fa      0xb75 C:\Users\rcc\Documents\stm32_sw4stmProject\voltage_analyzer\bluepill_stdperiph_lib\Debug\libbluepill_stdperiph_lib.a(stm32f10x_adc.o)
 .debug_info    0x0000716f      0x7a2 C:\Users\rcc\Documents\stm32_sw4stmProject\voltage_analyzer\bluepill_stdperiph_lib\Debug\libbluepill_stdperiph_lib.a(stm32f10x_bkp.o)
 .debug_info    0x00007911      0x6ef C:\Users\rcc\Documents\stm32_sw4stmProject\voltage_analyzer\bluepill_stdperiph_lib\Debug\libbluepill_stdperiph_lib.a(stm32f10x_gpio.o)
 .debug_info    0x00008000      0x43d C:\Users\rcc\Documents\stm32_sw4stmProject\voltage_analyzer\bluepill_stdperiph_lib\Debug\libbluepill_stdperiph_lib.a(stm32f10x_pwr.o)
 .debug_info    0x0000843d      0x8a0 C:\Users\rcc\Documents\stm32_sw4stmProject\voltage_analyzer\bluepill_stdperiph_lib\Debug\libbluepill_stdperiph_lib.a(stm32f10x_rcc.o)
 .debug_info    0x00008cdd      0x435 C:\Users\rcc\Documents\stm32_sw4stmProject\voltage_analyzer\bluepill_stdperiph_lib\Debug\libbluepill_stdperiph_lib.a(stm32f10x_rtc.o)
 .debug_info    0x00009112      0x8f4 C:\Users\rcc\Documents\stm32_sw4stmProject\voltage_analyzer\bluepill_stdperiph_lib\Debug\libbluepill_stdperiph_lib.a(stm32f10x_spi.o)
 .debug_info    0x00009a06     0x1c59 C:\Users\rcc\Documents\stm32_sw4stmProject\voltage_analyzer\bluepill_stdperiph_lib\Debug\libbluepill_stdperiph_lib.a(stm32f10x_tim.o)

.debug_abbrev   0x00000000     0x1d67
 .debug_abbrev  0x00000000      0x2e0 src\main.o
 .debug_abbrev  0x000002e0       0xb6 src\sd\ccsbcs.o
 .debug_abbrev  0x00000396      0x3d9 src\sd\diskio.o
 .debug_abbrev  0x0000076f      0x243 src\sd\ff.o
 .debug_abbrev  0x000009b2      0x2aa src\syscalls.o
 .debug_abbrev  0x00000c5c      0x19c src\system_stm32f10x.o
 .debug_abbrev  0x00000df8      0x1a8 src\utils.o
 .debug_abbrev  0x00000fa0       0x12 startup\startup_stm32.o
 .debug_abbrev  0x00000fb2      0x1ae C:\Users\rcc\Documents\stm32_sw4stmProject\voltage_analyzer\bluepill_stdperiph_lib\Debug\libbluepill_stdperiph_lib.a(stm32f10x_adc.o)
 .debug_abbrev  0x00001160      0x17b C:\Users\rcc\Documents\stm32_sw4stmProject\voltage_analyzer\bluepill_stdperiph_lib\Debug\libbluepill_stdperiph_lib.a(stm32f10x_bkp.o)
 .debug_abbrev  0x000012db      0x1e0 C:\Users\rcc\Documents\stm32_sw4stmProject\voltage_analyzer\bluepill_stdperiph_lib\Debug\libbluepill_stdperiph_lib.a(stm32f10x_gpio.o)
 .debug_abbrev  0x000014bb      0x1c3 C:\Users\rcc\Documents\stm32_sw4stmProject\voltage_analyzer\bluepill_stdperiph_lib\Debug\libbluepill_stdperiph_lib.a(stm32f10x_pwr.o)
 .debug_abbrev  0x0000167e      0x1d2 C:\Users\rcc\Documents\stm32_sw4stmProject\voltage_analyzer\bluepill_stdperiph_lib\Debug\libbluepill_stdperiph_lib.a(stm32f10x_rcc.o)
 .debug_abbrev  0x00001850      0x1a3 C:\Users\rcc\Documents\stm32_sw4stmProject\voltage_analyzer\bluepill_stdperiph_lib\Debug\libbluepill_stdperiph_lib.a(stm32f10x_rtc.o)
 .debug_abbrev  0x000019f3      0x1ae C:\Users\rcc\Documents\stm32_sw4stmProject\voltage_analyzer\bluepill_stdperiph_lib\Debug\libbluepill_stdperiph_lib.a(stm32f10x_spi.o)
 .debug_abbrev  0x00001ba1      0x1c6 C:\Users\rcc\Documents\stm32_sw4stmProject\voltage_analyzer\bluepill_stdperiph_lib\Debug\libbluepill_stdperiph_lib.a(stm32f10x_tim.o)

.debug_aranges  0x00000000      0xd08
 .debug_aranges
                0x00000000       0x60 src\main.o
 .debug_aranges
                0x00000060       0x28 src\sd\ccsbcs.o
 .debug_aranges
                0x00000088      0x110 src\sd\diskio.o
 .debug_aranges
                0x00000198      0x1d8 src\sd\ff.o
 .debug_aranges
                0x00000370       0xb0 src\syscalls.o
 .debug_aranges
                0x00000420       0x38 src\system_stm32f10x.o
 .debug_aranges
                0x00000458       0x60 src\utils.o
 .debug_aranges
                0x000004b8       0x28 startup\startup_stm32.o
 .debug_aranges
                0x000004e0      0x138 C:\Users\rcc\Documents\stm32_sw4stmProject\voltage_analyzer\bluepill_stdperiph_lib\Debug\libbluepill_stdperiph_lib.a(stm32f10x_adc.o)
 .debug_aranges
                0x00000618       0x78 C:\Users\rcc\Documents\stm32_sw4stmProject\voltage_analyzer\bluepill_stdperiph_lib\Debug\libbluepill_stdperiph_lib.a(stm32f10x_bkp.o)
 .debug_aranges
                0x00000690       0xa8 C:\Users\rcc\Documents\stm32_sw4stmProject\voltage_analyzer\bluepill_stdperiph_lib\Debug\libbluepill_stdperiph_lib.a(stm32f10x_gpio.o)
 .debug_aranges
                0x00000738       0x70 C:\Users\rcc\Documents\stm32_sw4stmProject\voltage_analyzer\bluepill_stdperiph_lib\Debug\libbluepill_stdperiph_lib.a(stm32f10x_pwr.o)
 .debug_aranges
                0x000007a8      0x118 C:\Users\rcc\Documents\stm32_sw4stmProject\voltage_analyzer\bluepill_stdperiph_lib\Debug\libbluepill_stdperiph_lib.a(stm32f10x_rcc.o)
 .debug_aranges
                0x000008c0       0x88 C:\Users\rcc\Documents\stm32_sw4stmProject\voltage_analyzer\bluepill_stdperiph_lib\Debug\libbluepill_stdperiph_lib.a(stm32f10x_rtc.o)
 .debug_aranges
                0x00000948       0xd0 C:\Users\rcc\Documents\stm32_sw4stmProject\voltage_analyzer\bluepill_stdperiph_lib\Debug\libbluepill_stdperiph_lib.a(stm32f10x_spi.o)
 .debug_aranges
                0x00000a18      0x2f0 C:\Users\rcc\Documents\stm32_sw4stmProject\voltage_analyzer\bluepill_stdperiph_lib\Debug\libbluepill_stdperiph_lib.a(stm32f10x_tim.o)

.debug_ranges   0x00000000      0xc10
 .debug_ranges  0x00000000       0x50 src\main.o
 .debug_ranges  0x00000050       0x18 src\sd\ccsbcs.o