Archive member included to satisfy reference by file (symbol)

/home/vadim/stm32/stm32eclipseworkspace/bluepill_stdperiph_lib/Release/libbluepill_stdperiph_lib.a(misc.o)
                              src/main.o (NVIC_PriorityGroupConfig)
/home/vadim/stm32/stm32eclipseworkspace/bluepill_stdperiph_lib/Release/libbluepill_stdperiph_lib.a(stm32f10x_bkp.o)
                              src/main.o (BKP_DeInit)
/home/vadim/stm32/stm32eclipseworkspace/bluepill_stdperiph_lib/Release/libbluepill_stdperiph_lib.a(stm32f10x_gpio.o)
                              src/main.o (GPIO_Init)
/home/vadim/stm32/stm32eclipseworkspace/bluepill_stdperiph_lib/Release/libbluepill_stdperiph_lib.a(stm32f10x_pwr.o)
                              src/main.o (PWR_BackupAccessCmd)
/home/vadim/stm32/stm32eclipseworkspace/bluepill_stdperiph_lib/Release/libbluepill_stdperiph_lib.a(stm32f10x_rcc.o)
                              src/main.o (RCC_LSEConfig)
/home/vadim/stm32/stm32eclipseworkspace/bluepill_stdperiph_lib/Release/libbluepill_stdperiph_lib.a(stm32f10x_rtc.o)
                              src/main.o (RTC_ITConfig)
/home/vadim/stm32/stm32eclipseworkspace/bluepill_stdperiph_lib/Release/libbluepill_stdperiph_lib.a(stm32f10x_spi.o)
                              src/sd/diskio.o (SPI_Init)
/home/vadim/stm32/stm32eclipseworkspace/bluepill_stdperiph_lib/Release/libbluepill_stdperiph_lib.a(stm32f10x_tim.o)
                              src/utils.o (TIM_DeInit)
/home/vadim/stm32/SystemWorkbench/plugins/fr.ac6.mcu.externaltools.arm-none.linux32_1.13.1.201703061523/tools/compiler/bin/../lib/gcc/arm-none-eabi/5.4.1/armv7-m/libgcc.a(_arm_addsubdf3.o)
                              src/ds18b20.o (__aeabi_i2d)
/home/vadim/stm32/SystemWorkbench/plugins/fr.ac6.mcu.externaltools.arm-none.linux32_1.13.1.201703061523/tools/compiler/bin/../lib/gcc/arm-none-eabi/5.4.1/armv7-m/libgcc.a(_arm_muldivdf3.o)
                              src/ds18b20.o (__aeabi_dmul)
/home/vadim/stm32/SystemWorkbench/plugins/fr.ac6.mcu.externaltools.arm-none.linux32_1.13.1.201703061523/tools/compiler/bin/../lib/gcc/arm-none-eabi/5.4.1/armv7-m/libgcc.a(_arm_fixdfsi.o)
                              src/ds18b20.o (__aeabi_d2iz)
/home/vadim/stm32/SystemWorkbench/plugins/fr.ac6.mcu.externaltools.arm-none.linux32_1.13.1.201703061523/tools/compiler/bin/../lib/gcc/arm-none-eabi/5.4.1/armv7-m/libgcc.a(_arm_truncdfsf2.o)
                              src/ds18b20.o (__aeabi_d2f)
/home/vadim/stm32/SystemWorkbench/plugins/fr.ac6.mcu.externaltools.arm-none.linux32_1.13.1.201703061523/tools/compiler/bin/../lib/gcc/arm-none-eabi/5.4.1/armv7-m/libgcc.a(_arm_addsubsf3.o)
                              src/ds18b20.o (__aeabi_fsub)
/home/vadim/stm32/SystemWorkbench/plugins/fr.ac6.mcu.externaltools.arm-none.linux32_1.13.1.201703061523/tools/compiler/bin/../lib/gcc/arm-none-eabi/5.4.1/armv7-m/libgcc.a(_arm_fixsfsi.o)
                              src/ds18b20.o (__aeabi_f2iz)
/home/vadim/stm32/SystemWorkbench/plugins/fr.ac6.mcu.externaltools.arm-none.linux32_1.13.1.201703061523/tools/compiler/bin/../lib/gcc/arm-none-eabi/5.4.1/../../../../arm-none-eabi/lib/armv7-m/libc.a(lib_a-errno.o)
                              src/syscalls.o (__errno)
/home/vadim/stm32/SystemWorkbench/plugins/fr.ac6.mcu.externaltools.arm-none.linux32_1.13.1.201703061523/tools/compiler/bin/../lib/gcc/arm-none-eabi/5.4.1/../../../../arm-none-eabi/lib/armv7-m/libc.a(lib_a-exit.o)
                              /home/vadim/stm32/SystemWorkbench/plugins/fr.ac6.mcu.externaltools.arm-none.linux32_1.13.1.201703061523/tools/compiler/bin/../lib/gcc/arm-none-eabi/5.4.1/../../../../arm-none-eabi/lib/armv7-m/crt0.o (exit)
/home/vadim/stm32/SystemWorkbench/plugins/fr.ac6.mcu.externaltools.arm-none.linux32_1.13.1.201703061523/tools/compiler/bin/../lib/gcc/arm-none-eabi/5.4.1/../../../../arm-none-eabi/lib/armv7-m/libc.a(lib_a-impure.o)
                              /home/vadim/stm32/SystemWorkbench/plugins/fr.ac6.mcu.externaltools.arm-none.linux32_1.13.1.201703061523/tools/compiler/bin/../lib/gcc/arm-none-eabi/5.4.1/../../../../arm-none-eabi/lib/armv7-m/libc.a(lib_a-exit.o) (_global_impure_ptr)
/home/vadim/stm32/SystemWorkbench/plugins/fr.ac6.mcu.externaltools.arm-none.linux32_1.13.1.201703061523/tools/compiler/bin/../lib/gcc/arm-none-eabi/5.4.1/../../../../arm-none-eabi/lib/armv7-m/libc.a(lib_a-init.o)
                              /home/vadim/stm32/SystemWorkbench/plugins/fr.ac6.mcu.externaltools.arm-none.linux32_1.13.1.201703061523/tools/compiler/bin/../lib/gcc/arm-none-eabi/5.4.1/../../../../arm-none-eabi/lib/armv7-m/crt0.o (__libc_init_array)
/home/vadim/stm32/SystemWorkbench/plugins/fr.ac6.mcu.externaltools.arm-none.linux32_1.13.1.201703061523/tools/compiler/bin/../lib/gcc/arm-none-eabi/5.4.1/../../../../arm-none-eabi/lib/armv7-m/libc.a(lib_a-memset.o)
[...]
Memory Configuration

Name             Origin             Length             Attributes
RAM              0x20000000         0x00005000         xrw
ROM              0x08000000         0x00010000         xr
*default*        0x00000000         0xffffffff

Linker script and memory map

LOAD /home/vadim/stm32/SystemWorkbench/plugins/fr.ac6.mcu.externaltools.arm-none.linux32_1.13.1.201703061523/tools/compiler/bin/../lib/gcc/arm-none-eabi/5.4.1/armv7-m/crti.o
LOAD /home/vadim/stm32/SystemWorkbench/plugins/fr.ac6.mcu.externaltools.arm-none.linux32_1.13.1.201703061523/tools/compiler/bin/../lib/gcc/arm-none-eabi/5.4.1/armv7-m/crtbegin.o
LOAD /home/vadim/stm32/SystemWorkbench/plugins/fr.ac6.mcu.externaltools.arm-none.linux32_1.13.1.201703061523/tools/compiler/bin/../lib/gcc/arm-none-eabi/5.4.1/../../../../arm-none-eabi/lib/armv7-m/crt0.o
LOAD /home/vadim/stm32/SystemWorkbench/plugins/fr.ac6.mcu.externaltools.arm-none.linux32_1.13.1.201703061523/tools/compiler/bin/../lib/gcc/arm-none-eabi/5.4.1/../../../../arm-none-eabi/lib/armv7-m/libm.a
LOAD src/ds18b20.o
LOAD src/main.o
LOAD src/one_wire.o
LOAD src/syscalls.o
LOAD src/system_stm32f10x.o
LOAD src/utils.o
LOAD src/sd/ccsbcs.o
LOAD src/sd/diskio.o
LOAD src/sd/ff.o
LOAD src/sd/ffsystem.o
LOAD startup/startup_stm32.o
LOAD /home/vadim/stm32/stm32eclipseworkspace/bluepill_stdperiph_lib/Release/libbluepill_stdperiph_lib.a
START GROUP
LOAD /home/vadim/stm32/SystemWorkbench/plugins/fr.ac6.mcu.externaltools.arm-none.linux32_1.13.1.201703061523/tools/compiler/bin/../lib/gcc/arm-none-eabi/5.4.1/armv7-m/libgcc.a
LOAD /home/vadim/stm32/SystemWorkbench/plugins/fr.ac6.mcu.externaltools.arm-none.linux32_1.13.1.201703061523/tools/compiler/bin/../lib/gcc/arm-none-eabi/5.4.1/../../../../arm-none-eabi/lib/armv7-m/libc.a
END GROUP
LOAD /home/vadim/stm32/SystemWorkbench/plugins/fr.ac6.mcu.externaltools.arm-none.linux32_1.13.1.201703061523/tools/compiler/bin/../lib/gcc/arm-none-eabi/5.4.1/armv7-m/crtend.o
LOAD /home/vadim/stm32/SystemWorkbench/plugins/fr.ac6.mcu.externaltools.arm-none.linux32_1.13.1.201703061523/tools/compiler/bin/../lib/gcc/arm-none-eabi/5.4.1/armv7-m/crtn.o
                0x20005000                _estack = 0x20005000
                0x00000000                _Min_Heap_Size = 0x0
                0x00000400                _Min_Stack_Size = 0x400

.isr_vector     0x08000000      0x188
                0x08000000                . = ALIGN (0x4)
 *(.isr_vector)
 .isr_vector    0x08000000      0x188 startup/startup_stm32.o
                0x08000000                g_pfnVectors
                0x08000188                . = ALIGN (0x4)

.text           0x08000188     0xcf64
                0x08000188                . = ALIGN (0x4)
 *(.text)
 .text          0x08000188       0x5c /home/vadim/stm32/SystemWorkbench/plugins/fr.ac6.mcu.externaltools.arm-none.linux32_1.13.1.201703061523/tools/compiler/bin/../lib/gcc/arm-none-eabi/5.4.1/armv7-m/crtbegin.o
 .text          0x080001e4      0x370 /home/vadim/stm32/SystemWorkbench/plugins/fr.ac6.mcu.externaltools.arm-none.linux32_1.13.1.201703061523/tools/compiler/bin/../lib/gcc/arm-none-eabi/5.4.1/armv7-m/libgcc.a(_arm_addsubdf3.o)
                0x080001e4                __aeabi_drsub
                0x080001ec                __aeabi_dsub
                0x080001ec                __subdf3
                0x080001f0                __adddf3
                0x080001f0                __aeabi_dadd
                0x08000468                __aeabi_ui2d
                0x08000468                __floatunsidf
                0x08000488                __floatsidf
                0x08000488                __aeabi_i2d
                0x080004ac                __extendsfdf2
                0x080004ac                __aeabi_f2d
                0x080004e8                __aeabi_ul2d
                0x080004e8                __floatundidf
                0x080004f8                __floatdidf
                0x080004f8                __aeabi_l2d
 .text          0x08000554      0x424 /home/vadim/stm32/SystemWorkbench/plugins/fr.ac6.mcu.externaltools.arm-none.linux32_1.13.1.201703061523/tools/compiler/bin/../lib/gcc/arm-none-eabi/5.4.1/armv7-m/libgcc.a(_arm_muldivdf3.o)
                0x08000554                __aeabi_dmul
                0x08000554                __muldf3
                0x080007a8                __aeabi_ddiv
                0x080007a8                __divdf3
 .text          0x08000978       0x50 /home/vadim/stm32/SystemWorkbench/plugins/fr.ac6.mcu.externaltools.arm-none.linux32_1.13.1.201703061523/tools/compiler/bin/../lib/gcc/arm-none-eabi/5.4.1/armv7-m/libgcc.a(_arm_fixdfsi.o)
                0x08000978                __fixdfsi
                0x08000978                __aeabi_d2iz
 .text          0x080009c8       0xa0 /home/vadim/stm32/SystemWorkbench/plugins/fr.ac6.mcu.externaltools.arm-none.linux32_1.13.1.201703061523/tools/compiler/bin/../lib/gcc/arm-none-eabi/5.4.1/armv7-m/libgcc.a(_arm_truncdfsf2.o)
                0x080009c8                __aeabi_d2f
                0x080009c8                __truncdfsf2
 .text          0x08000a68      0x21c /home/vadim/stm32/SystemWorkbench/plugins/fr.ac6.mcu.externaltools.arm-none.linux32_1.13.1.201703061523/tools/compiler/bin/../lib/gcc/arm-none-eabi/5.4.1/armv7-m/libgcc.a(_arm_addsubsf3.o)
                0x08000a68                __aeabi_frsub
                0x08000a70                __subsf3
                0x08000a70                __aeabi_fsub
                0x08000a74                __aeabi_fadd
                0x08000a74                __addsf3
                0x08000bd4                __aeabi_ui2f
                0x08000bd4                __floatunsisf
                0x08000bdc                __aeabi_i2f
                0x08000bdc                __floatsisf
                0x08000bf8                __floatundisf
                0x08000bf8                __aeabi_ul2f
                0x08000c08                __floatdisf
                0x08000c08                __aeabi_l2f
 .text          0x08000c84       0x4c /home/vadim/stm32/SystemWorkbench/plugins/fr.ac6.mcu.externaltools.arm-none.linux32_1.13.1.201703061523/tools/compiler/bin/../lib/gcc/arm-none-eabi/5.4.1/armv7-m/libgcc.a(_arm_fixsfsi.o)
                0x08000c84                __fixsfsi
                0x08000c84                __aeabi_f2iz
 .text          0x08000cd0       0xec /home/vadim/stm32/SystemWorkbench/plugins/fr.ac6.mcu.externaltools.arm-none.linux32_1.13.1.201703061523/tools/compiler/bin/../lib/gcc/arm-none-eabi/5.4.1/../../../../arm-none-eabi/lib/armv7-m/libc.a(lib_a-memcpy.o)
                0x08000cd0                memcpy
 .text          0x08000dbc      0x110 /home/vadim/stm32/SystemWorkbench/plugins/fr.ac6.mcu.externaltools.arm-none.linux32_1.13.1.201703061523/tools/compiler/bin/../lib/gcc/arm-none-eabi/5.4.1/armv7-m/libgcc.a(_arm_cmpdf2.o)
                0x08000dbc                __gtdf2
                0x08000dbc                __gedf2
                0x08000dc4                __ltdf2
                0x08000dc4                __ledf2
                0x08000dcc                __cmpdf2
                0x08000dcc                __eqdf2
                0x08000dcc                __nedf2
                0x08000e48                __aeabi_cdrcmple
                0x08000e58                __aeabi_cdcmple
                0x08000e58                __aeabi_cdcmpeq
                0x08000e68                __aeabi_dcmpeq
                0x08000e7c                __aeabi_dcmplt
                0x08000e90                __aeabi_dcmple
                0x08000ea4                __aeabi_dcmpge
                0x08000eb8                __aeabi_dcmpgt
 .text          0x08000ecc       0x2c /home/vadim/stm32/SystemWorkbench/plugins/fr.ac6.mcu.externaltools.arm-none.linux32_1.13.1.201703061523/tools/compiler/bin/../lib/gcc/arm-none-eabi/5.4.1/armv7-m/libgcc.a(_arm_unorddf2.o)
                0x08000ecc                __aeabi_dcmpun
                0x08000ecc                __unorddf2
 .text          0x08000ef8       0x30 /home/vadim/stm32/SystemWorkbench/plugins/fr.ac6.mcu.externaltools.arm-none.linux32_1.13.1.201703061523/tools/compiler/bin/../lib/gcc/arm-none-eabi/5.4.1/armv7-m/libgcc.a(_aeabi_uldivmod.o)
                0x08000ef8                __aeabi_uldivmod
 .text          0x08000f28      0x2ec /home/vadim/stm32/SystemWorkbench/plugins/fr.ac6.mcu.externaltools.arm-none.linux32_1.13.1.201703061523/tools/compiler/bin/../lib/gcc/arm-none-eabi/5.4.1/armv7-m/libgcc.a(_udivmoddi4.o)
                0x08000f28                __udivmoddi4
 .text          0x08001214        0x4 /home/vadim/stm32/SystemWorkbench/plugins/fr.ac6.mcu.externaltools.arm-none.linux32_1.13.1.201703061523/tools/compiler/bin/../lib/gcc/arm-none-eabi/5.4.1/armv7-m/libgcc.a(_dvmd_tls.o)
                0x08001214                __aeabi_ldiv0
                0x08001214                __aeabi_idiv0
 *(.text*)
 .text.ds18b20_init
                0x08001218       0x24 src/ds18b20.o
                0x08001218                ds18b20_init
 .text.ds18b20_get_temperature_simple
                0x0800123c      0x100 src/ds18b20.o
                0x0800123c                ds18b20_get_temperature_simple
 .text.init_pins
                0x0800133c       0x64 src/main.o
                0x0800133c                init_pins
 .text.print_rtc_time_to_string
                0x080013a0      0x118 src/main.o
                0x080013a0                print_rtc_time_to_string
 .text.get_log_name
                0x080014b8       0x74 src/main.o
                0x080014b8                get_log_name
 .text.init_rtc
                0x0800152c       0xb4 src/main.o
                0x0800152c                init_rtc
 .text.startup.main
                0x080015e0      0x22c src/main.o
                0x080015e0                main
 .text.one_wire_init
                0x0800180c       0x6c src/one_wire.o
                0x0800180c                one_wire_init
 .text.one_wire_reset_pulse
                0x08001878       0x64 src/one_wire.o
                0x08001878                one_wire_reset_pulse
 .text.one_wire_write_byte
                0x080018dc       0x60 src/one_wire.o
                0x080018dc                one_wire_write_byte
 .text.one_wire_read_byte
                0x0800193c       0x6c src/one_wire.o
                0x0800193c                one_wire_read_byte
 .text.one_wire_reset_crc
                0x080019a8        0xc src/one_wire.o
                0x080019a8                one_wire_reset_crc
 .text.one_wire_crc
                0x080019b4       0x18 src/one_wire.o
                0x080019b4                one_wire_crc
 .text.one_wire_search
                0x080019cc      0x200 src/one_wire.o
                0x080019cc                one_wire_search
 .text.one_wire_search_rom
                0x08001bcc       0x78 src/one_wire.o
                0x08001bcc                one_wire_search_rom
 .text._read    0x08001c44       0x1c src/syscalls.o
                0x08001c44                _read
 .text._write   0x08001c60       0x1c src/syscalls.o
                0x08001c60                _write
 .text._sbrk    0x08001c7c       0x34 src/syscalls.o
                0x08001c7c                _sbrk
 .text._close   0x08001cb0        0x8 src/syscalls.o
                0x08001cb0                _close
 .text._fstat   0x08001cb8        0xc src/syscalls.o
                0x08001cb8                _fstat
 .text._isatty  0x08001cc4        0x4 src/syscalls.o
                0x08001cc4                _isatty
 .text._lseek   0x08001cc8        0x4 src/syscalls.o
                0x08001cc8                _lseek
 .text.SystemInit
                0x08001ccc      0x104 src/system_stm32f10x.o
                0x08001ccc                SystemInit
 .text.setup_delay_timer
                0x08001dd0       0x88 src/utils.o
                0x08001dd0                setup_delay_timer
 .text.delay_us
                0x08001e58       0x10 src/utils.o
                0x08001e58                delay_us
 .text.delay_ms
                0x08001e68       0x24 src/utils.o
                0x08001e68                delay_ms
 .text.ff_convert
                0x08001e8c       0x48 src/sd/ccsbcs.o
                0x08001e8c                ff_convert
 .text.ff_wtoupper
                0x08001ed4       0x34 src/sd/ccsbcs.o
                0x08001ed4                ff_wtoupper
 .text.sd_cmd   0x08001f08      0x310 src/sd/diskio.o
 .text.print_r1
                0x08002218       0xa4 src/sd/diskio.o
 .text.sd_get_r7
                0x080022bc       0x90 src/sd/diskio.o
 .text.sd_cmd.constprop.13
                0x0800234c      0x2f4 src/sd/diskio.o
 .text.sd_read_status.isra.1
                0x08002640      0x1a8 src/sd/diskio.o
 .text.sd_get_data.isra.3.constprop.15
                0x080027e8      0x25c src/sd/diskio.o
 .text.sd_readsector.isra.6
                0x08002a44      0x204 src/sd/diskio.o
 .text.sd_writesector.isra.8
                0x08002c48      0x1f8 src/sd/diskio.o
 .text.sd_init.isra.2
                0x08002e40      0x6fc src/sd/diskio.o
 .text.hwif_init
                0x0800353c      0x5f0 src/sd/diskio.o
                0x0800353c                hwif_init
 .text.disk_initialize
                0x08003b2c       0x14 src/sd/diskio.o
                0x08003b2c                disk_initialize
 .text.disk_status
                0x08003b40       0x10 src/sd/diskio.o
                0x08003b40                disk_status
 .text.disk_read
                0x08003b50       0x78 src/sd/diskio.o
                0x08003b50                disk_read
 .text.disk_write
                0x08003bc8       0x78 src/sd/diskio.o
                0x08003bc8                disk_write
 .text.disk_ioctl
                0x08003c40       0x38 src/sd/diskio.o
                0x08003c40                disk_ioctl
 .text.get_fattime
                0x08003c78       0x24 src/sd/diskio.o
                0x08003c78                get_fattime
 .text.sync_window.part.1
                0x08003c9c       0x4c src/sd/ff.o
 .text.move_window
                0x08003ce8       0x70 src/sd/ff.o
 .text.find_volume
                0x08003d58      0x464 src/sd/ff.o
 .text.put_fat.part.6
                0x080041bc      0x2c8 src/sd/ff.o
 .text.get_fat.part.5
                0x08004484      0x264 src/sd/ff.o
 .text.dir_sdi  0x080046e8       0xa8 src/sd/ff.o
 .text.create_chain
                0x08004790      0x32c src/sd/ff.o
 .text.f_write.part.9
                0x08004abc      0x39c src/sd/ff.o
 .text.dir_next
                0x08004e58      0x13c src/sd/ff.o
 .text.dir_find.part.7
                0x08004f94      0x324 src/sd/ff.o
 .text.f_mount  0x080052b8       0x60 src/sd/ff.o
                0x080052b8                f_mount
 .text.f_open   0x08005318      0xc18 src/sd/ff.o
                0x08005318                f_open
 .text.f_close  0x08005f30      0x1f8 src/sd/ff.o
                0x08005f30                f_close
 .text.f_lseek  0x08006128      0x144 src/sd/ff.o
                0x08006128                f_lseek
 .text.f_puts   0x0800626c      0x174 src/sd/ff.o
                0x0800626c                f_puts
 .text.Reset_Handler
                0x080063e0       0x48 startup/startup_stm32.o
                0x080063e0                Reset_Handler
 .text.Default_Handler
                0x08006428        0x2 startup/startup_stm32.o
                0x08006428                DebugMon_Handler
                0x08006428                HardFault_Handler
                0x08006428                SysTick_Handler
                0x08006428                PendSV_Handler
                0x08006428                NMI_Handler
                0x08006428                UsageFault_Handler
                0x08006428                Default_Handler
                0x08006428                MemManage_Handler
                0x08006428                SVC_Handler
                0x08006428                BusFault_Handler
 *fill*         0x0800642a        0x2 
 .text.NVIC_PriorityGroupConfig
                0x0800642c       0x14 /home/vadim/stm32/stm32eclipseworkspace/bluepill_stdperiph_lib/Release/libbluepill_stdperiph_lib.a(misc.o)
                0x0800642c                NVIC_PriorityGroupConfig
 .text.NVIC_Init
                0x08006440       0x6c /home/vadim/stm32/stm32eclipseworkspace/bluepill_stdperiph_lib/Release/libbluepill_stdperiph_lib.a(misc.o)
                0x08006440                NVIC_Init
 .text.BKP_DeInit
                0x080064ac       0x14 /home/vadim/stm32/stm32eclipseworkspace/bluepill_stdperiph_lib/Release/libbluepill_stdperiph_lib.a(stm32f10x_bkp.o)
                0x080064ac                BKP_DeInit
 .text.BKP_WriteBackupRegister
                0x080064c0       0x1c /home/vadim/stm32/stm32eclipseworkspace/bluepill_stdperiph_lib/Release/libbluepill_stdperiph_lib.a(stm32f10x_bkp.o)
                0x080064c0                BKP_WriteBackupRegister
 .text.BKP_ReadBackupRegister
                0x080064dc       0x20 /home/vadim/stm32/stm32eclipseworkspace/bluepill_stdperiph_lib/Release/libbluepill_stdperiph_lib.a(stm32f10x_bkp.o)
                0x080064dc                BKP_ReadBackupRegister
 .text.GPIO_Init
                0x080064fc      0x3cc /home/vadim/stm32/stm32eclipseworkspace/bluepill_stdperiph_lib/Release/libbluepill_stdperiph_lib.a(stm32f10x_gpio.o)
                0x080064fc                GPIO_Init
 .text.GPIO_StructInit
                0x080068c8       0x10 /home/vadim/stm32/stm32eclipseworkspace/bluepill_stdperiph_lib/Release/libbluepill_stdperiph_lib.a(stm32f10x_gpio.o)
                0x080068c8                GPIO_StructInit
 .text.GPIO_ReadInputDataBit
                0x080068d8        0xc /home/vadim/stm32/stm32eclipseworkspace/bluepill_stdperiph_lib/Release/libbluepill_stdperiph_lib.a(stm32f10x_gpio.o)
                0x080068d8                GPIO_ReadInputDataBit
 .text.GPIO_SetBits
                0x080068e4        0x4 /home/vadim/stm32/stm32eclipseworkspace/bluepill_stdperiph_lib/Release/libbluepill_stdperiph_lib.a(stm32f10x_gpio.o)
                0x080068e4                GPIO_SetBits
 .text.GPIO_ResetBits
                0x080068e8        0x4 /home/vadim/stm32/stm32eclipseworkspace/bluepill_stdperiph_lib/Release/libbluepill_stdperiph_lib.a(stm32f10x_gpio.o)
                0x080068e8                GPIO_ResetBits
 .text.GPIO_WriteBit
                0x080068ec        0xc /home/vadim/stm32/stm32eclipseworkspace/bluepill_stdperiph_lib/Release/libbluepill_stdperiph_lib.a(stm32f10x_gpio.o)
                0x080068ec                GPIO_WriteBit
 .text.PWR_BackupAccessCmd
                0x080068f8        0xc /home/vadim/stm32/stm32eclipseworkspace/bluepill_stdperiph_lib/Release/libbluepill_stdperiph_lib.a(stm32f10x_pwr.o)
                0x080068f8                PWR_BackupAccessCmd
 .text.RCC_LSEConfig
                0x08006904       0x20 /home/vadim/stm32/stm32eclipseworkspace/bluepill_stdperiph_lib/Release/libbluepill_stdperiph_lib.a(stm32f10x_rcc.o)
                0x08006904                RCC_LSEConfig
 .text.RCC_RTCCLKConfig
                0x08006924       0x10 /home/vadim/stm32/stm32eclipseworkspace/bluepill_stdperiph_lib/Release/libbluepill_stdperiph_lib.a(stm32f10x_rcc.o)
                0x08006924                RCC_RTCCLKConfig
 .text.RCC_RTCCLKCmd
                0x08006934        0xc /home/vadim/stm32/stm32eclipseworkspace/bluepill_stdperiph_lib/Release/libbluepill_stdperiph_lib.a(stm32f10x_rcc.o)
                0x08006934                RCC_RTCCLKCmd
 .text.RCC_APB2PeriphClockCmd
                0x08006940       0x1c /home/vadim/stm32/stm32eclipseworkspace/bluepill_stdperiph_lib/Release/libbluepill_stdperiph_lib.a(stm32f10x_rcc.o)
                0x08006940                RCC_APB2PeriphClockCmd
 .text.RCC_APB1PeriphClockCmd
                0x0800695c       0x1c /home/vadim/stm32/stm32eclipseworkspace/bluepill_stdperiph_lib/Release/libbluepill_stdperiph_lib.a(stm32f10x_rcc.o)
                0x0800695c                RCC_APB1PeriphClockCmd
 .text.RCC_APB2PeriphResetCmd
                0x08006978       0x1c /home/vadim/stm32/stm32eclipseworkspace/bluepill_stdperiph_lib/Release/libbluepill_stdperiph_lib.a(stm32f10x_rcc.o)
                0x08006978                RCC_APB2PeriphResetCmd
 .text.RCC_APB1PeriphResetCmd
                0x08006994       0x1c /home/vadim/stm32/stm32eclipseworkspace/bluepill_stdperiph_lib/Release/libbluepill_stdperiph_lib.a(stm32f10x_rcc.o)
                0x08006994                RCC_APB1PeriphResetCmd
 .text.RCC_BackupResetCmd
                0x080069b0        0xc /home/vadim/stm32/stm32eclipseworkspace/bluepill_stdperiph_lib/Release/libbluepill_stdperiph_lib.a(stm32f10x_rcc.o)
                0x080069b0                RCC_BackupResetCmd
 .text.RCC_GetFlagStatus
                0x080069bc       0x34 /home/vadim/stm32/stm32eclipseworkspace/bluepill_stdperiph_lib/Release/libbluepill_stdperiph_lib.a(stm32f10x_rcc.o)
                0x080069bc                RCC_GetFlagStatus
 .text.RCC_ClearFlag
                0x080069f0       0x10 /home/vadim/stm32/stm32eclipseworkspace/bluepill_stdperiph_lib/Release/libbluepill_stdperiph_lib.a(stm32f10x_rcc.o)
                0x080069f0                RCC_ClearFlag
 .text.RTC_ITConfig
                0x08006a00       0x1c /home/vadim/stm32/stm32eclipseworkspace/bluepill_stdperiph_lib/Release/libbluepill_stdperiph_lib.a(stm32f10x_rtc.o)
                0x08006a00                RTC_ITConfig
 .text.RTC_GetCounter
                0x08006a1c       0x14 /home/vadim/stm32/stm32eclipseworkspace/bluepill_stdperiph_lib/Release/libbluepill_stdperiph_lib.a(stm32f10x_rtc.o)
                0x08006a1c                RTC_GetCounter
 .text.RTC_SetPrescaler
                0x08006a30       0x28 /home/vadim/stm32/stm32eclipseworkspace/bluepill_stdperiph_lib/Release/libbluepill_stdperiph_lib.a(stm32f10x_rtc.o)
                0x08006a30                RTC_SetPrescaler
 .text.RTC_WaitForLastTask
                0x08006a58       0x10 /home/vadim/stm32/stm32eclipseworkspace/bluepill_stdperiph_lib/Release/libbluepill_stdperiph_lib.a(stm32f10x_rtc.o)
                0x08006a58                RTC_WaitForLastTask
 .text.RTC_WaitForSynchro
                0x08006a68       0x1c /home/vadim/stm32/stm32eclipseworkspace/bluepill_stdperiph_lib/Release/libbluepill_stdperiph_lib.a(stm32f10x_rtc.o)
                0x08006a68                RTC_WaitForSynchro
 .text.SPI_Init
                0x08006a84       0x40 /home/vadim/stm32/stm32eclipseworkspace/bluepill_stdperiph_lib/Release/libbluepill_stdperiph_lib.a(stm32f10x_spi.o)
                0x08006a84                SPI_Init
 .text.SPI_Cmd  0x08006ac4       0x1c /home/vadim/stm32/stm32eclipseworkspace/bluepill_stdperiph_lib/Release/libbluepill_stdperiph_lib.a(stm32f10x_spi.o)
                0x08006ac4                SPI_Cmd
 .text.TIM_DeInit
                0x08006ae0      0x234 /home/vadim/stm32/stm32eclipseworkspace/bluepill_stdperiph_lib/Release/libbluepill_stdperiph_lib.a(stm32f10x_tim.o)
                0x08006ae0                TIM_DeInit
 .text.TIM_TimeBaseInit
                0x08006d14       0xa8 /home/vadim/stm32/stm32eclipseworkspace/bluepill_stdperiph_lib/Release/libbluepill_stdperiph_lib.a(stm32f10x_tim.o)
                0x08006d14                TIM_TimeBaseInit
 .text.TIM_Cmd  0x08006dbc       0x1c /home/vadim/stm32/stm32eclipseworkspace/bluepill_stdperiph_lib/Release/libbluepill_stdperiph_lib.a(stm32f10x_tim.o)
                0x08006dbc                TIM_Cmd
 .text.__errno  0x08006dd8        0xc /home/vadim/stm32/SystemWorkbench/plugins/fr.ac6.mcu.externaltools.arm-none.linux32_1.13.1.201703061523/tools/compiler/bin/../lib/gcc/arm-none-eabi/5.4.1/../../../../arm-none-eabi/lib/armv7-m/libc.a(lib_a-errno.o)
                0x08006dd8                __errno
 .text.__libc_init_array
                0x08006de4       0x50 /home/vadim/stm32/SystemWorkbench/plugins/fr.ac6.mcu.externaltools.arm-none.linux32_1.13.1.201703061523/tools/compiler/bin/../lib/gcc/arm-none-eabi/5.4.1/../../../../arm-none-eabi/lib/armv7-m/libc.a(lib_a-init.o)
                0x08006de4                __libc_init_array
 .text.memset   0x08006e34       0x9c /home/vadim/stm32/SystemWorkbench/plugins/fr.ac6.mcu.externaltools.arm-none.linux32_1.13.1.201703061523/tools/compiler/bin/../lib/gcc/arm-none-eabi/5.4.1/../../../../arm-none-eabi/lib/armv7-m/libc.a(lib_a-memset.o)
                0x08006e34                memset
 .text.printf   0x08006ed0       0x28 /home/vadim/stm32/SystemWorkbench/plugins/fr.ac6.mcu.externaltools.arm-none.linux32_1.13.1.201703061523/tools/compiler/bin/../lib/gcc/arm-none-eabi/5.4.1/../../../../arm-none-eabi/lib/armv7-m/libc.a(lib_a-printf.o)
                0x08006ed0                printf
 .text._puts_r  0x08006ef8       0x68 /home/vadim/stm32/SystemWorkbench/plugins/fr.ac6.mcu.externaltools.arm-none.linux32_1.13.1.201703061523/tools/compiler/bin/../lib/gcc/arm-none-eabi/5.4.1/../../../../arm-none-eabi/lib/armv7-m/libc.a(lib_a-puts.o)
                0x08006ef8                _puts_r
 .text.puts     0x08006f60       0x10 /home/vadim/stm32/SystemWorkbench/plugins/fr.ac6.mcu.externaltools.arm-none.linux32_1.13.1.201703061523/tools/compiler/bin/../lib/gcc/arm-none-eabi/5.4.1/../../../../arm-none-eabi/lib/armv7-m/libc.a(lib_a-puts.o)
                0x08006f60                puts
 .text.sprintf  0x08006f70       0x4c /home/vadim/stm32/SystemWorkbench/plugins/fr.ac6.mcu.externaltools.arm-none.linux32_1.13.1.201703061523/tools/compiler/bin/../lib/gcc/arm-none-eabi/5.4.1/../../../../arm-none-eabi/lib/armv7-m/libc.a(lib_a-sprintf.o)
                0x08006f70                sprintf
 .text.strlen   0x08006fbc       0x5c /home/vadim/stm32/SystemWorkbench/plugins/fr.ac6.mcu.externaltools.arm-none.linux32_1.13.1.201703061523/tools/compiler/bin/../lib/gcc/arm-none-eabi/5.4.1/../../../../arm-none-eabi/lib/armv7-m/libc.a(lib_a-strlen-stub.o)
                0x08006fbc                strlen
 .text._svfprintf_r
                0x08007018     0x1760 /home/vadim/stm32/SystemWorkbench/plugins/fr.ac6.mcu.externaltools.arm-none.linux32_1.13.1.201703061523/tools/compiler/bin/../lib/gcc/arm-none-eabi/5.4.1/../../../../arm-none-eabi/lib/armv7-m/libc.a(lib_a-svfprintf.o)
                0x08007018                _svfprintf_r
 .text._vfprintf_r
                0x08008778     0x1798 /home/vadim/stm32/SystemWorkbench/plugins/fr.ac6.mcu.externaltools.arm-none.linux32_1.13.1.201703061523/tools/compiler/bin/../lib/gcc/arm-none-eabi/5.4.1/../../../../arm-none-eabi/lib/armv7-m/libc.a(lib_a-vfprintf.o)
                0x08008778                _vfprintf_r
 .text.__sbprintf
                0x08009f10       0x6c /home/vadim/stm32/SystemWorkbench/plugins/fr.ac6.mcu.externaltools.arm-none.linux32_1.13.1.201703061523/tools/compiler/bin/../lib/gcc/arm-none-eabi/5.4.1/../../../../arm-none-eabi/lib/armv7-m/libc.a(lib_a-vfprintf.o)
 .text.__swsetup_r
                0x08009f7c       0xc8 /home/vadim/stm32/SystemWorkbench/plugins/fr.ac6.mcu.externaltools.arm-none.linux32_1.13.1.201703061523/tools/compiler/bin/../lib/gcc/arm-none-eabi/5.4.1/../../../../arm-none-eabi/lib/armv7-m/libc.a(lib_a-wsetup.o)
                0x08009f7c                __swsetup_r
 .text.startup.register_fini
                0x0800a044       0x14 /home/vadim/stm32/SystemWorkbench/plugins/fr.ac6.mcu.externaltools.arm-none.linux32_1.13.1.201703061523/tools/compiler/bin/../lib/gcc/arm-none-eabi/5.4.1/../../../../arm-none-eabi/lib/armv7-m/libc.a(lib_a-__call_atexit.o)
 .text.atexit   0x0800a058        0xc /home/vadim/stm32/SystemWorkbench/plugins/fr.ac6.mcu.externaltools.arm-none.linux32_1.13.1.201703061523/tools/compiler/bin/../lib/gcc/arm-none-eabi/5.4.1/../../../../arm-none-eabi/lib/armv7-m/libc.a(lib_a-atexit.o)
                0x0800a058                atexit
 .text.quorem   0x0800a064      0x12c /home/vadim/stm32/SystemWorkbench/plugins/fr.ac6.mcu.externaltools.arm-none.linux32_1.13.1.201703061523/tools/compiler/bin/../lib/gcc/arm-none-eabi/5.4.1/../../../../arm-none-eabi/lib/armv7-m/libc.a(lib_a-dtoa.o)
 .text._dtoa_r  0x0800a190      0xe4c /home/vadim/stm32/SystemWorkbench/plugins/fr.ac6.mcu.externaltools.arm-none.linux32_1.13.1.201703061523/tools/compiler/bin/../lib/gcc/arm-none-eabi/5.4.1/../../../../arm-none-eabi/lib/armv7-m/libc.a(lib_a-dtoa.o)
                0x0800a190                _dtoa_r
 .text.__sflush_r
                0x0800afdc      0x148 /home/vadim/stm32/SystemWorkbench/plugins/fr.ac6.mcu.externaltools.arm-none.linux32_1.13.1.201703061523/tools/compiler/bin/../lib/gcc/arm-none-eabi/5.4.1/../../../../arm-none-eabi/lib/armv7-m/libc.a(lib_a-fflush.o)
                0x0800afdc                __sflush_r
 .text._fflush_r
                0x0800b124       0x2c /home/vadim/stm32/SystemWorkbench/plugins/fr.ac6.mcu.externaltools.arm-none.linux32_1.13.1.201703061523/tools/compiler/bin/../lib/gcc/arm-none-eabi/5.4.1/../../../../arm-none-eabi/lib/armv7-m/libc.a(lib_a-fflush.o)
                0x0800b124                _fflush_r
 .text._cleanup_r
                0x0800b150        0xc /home/vadim/stm32/SystemWorkbench/plugins/fr.ac6.mcu.externaltools.arm-none.linux32_1.13.1.201703061523/tools/compiler/bin/../lib/gcc/arm-none-eabi/5.4.1/../../../../arm-none-eabi/lib/armv7-m/libc.a(lib_a-findfp.o)
                0x0800b150                _cleanup_r
 .text.__sinit.part.1
                0x0800b15c       0xf0 /home/vadim/stm32/SystemWorkbench/plugins/fr.ac6.mcu.externaltools.arm-none.linux32_1.13.1.201703061523/tools/compiler/bin/../lib/gcc/arm-none-eabi/5.4.1/../../../../arm-none-eabi/lib/armv7-m/libc.a(lib_a-findfp.o)
 .text.__sinit  0x0800b24c        0xc /home/vadim/stm32/SystemWorkbench/plugins/fr.ac6.mcu.externaltools.arm-none.linux32_1.13.1.201703061523/tools/compiler/bin/../lib/gcc/arm-none-eabi/5.4.1/../../../../arm-none-eabi/lib/armv7-m/libc.a(lib_a-findfp.o)
                0x0800b24c                __sinit
 .text.__sfp_lock_acquire
                0x0800b258        0x4 /home/vadim/stm32/SystemWorkbench/plugins/fr.ac6.mcu.externaltools.arm-none.linux32_1.13.1.201703061523/tools/compiler/bin/../lib/gcc/arm-none-eabi/5.4.1/../../../../arm-none-eabi/lib/armv7-m/libc.a(lib_a-findfp.o)
                0x0800b258                __sfp_lock_acquire
 .text.__sfp_lock_release
                0x0800b25c        0x4 /home/vadim/stm32/SystemWorkbench/plugins/fr.ac6.mcu.externaltools.arm-none.linux32_1.13.1.201703061523/tools/compiler/bin/../lib/gcc/arm-none-eabi/5.4.1/../../../../arm-none-eabi/lib/armv7-m/libc.a(lib_a-findfp.o)
                0x0800b25c                __sfp_lock_release
 .text.__libc_fini_array
                0x0800b260       0x28 /home/vadim/stm32/SystemWorkbench/plugins/fr.ac6.mcu.externaltools.arm-none.linux32_1.13.1.201703061523/tools/compiler/bin/../lib/gcc/arm-none-eabi/5.4.1/../../../../arm-none-eabi/lib/armv7-m/libc.a(lib_a-fini.o)
                0x0800b260                __libc_fini_array
 .text._malloc_trim_r
                0x0800b288       0x9c /home/vadim/stm32/SystemWorkbench/plugins/fr.ac6.mcu.externaltools.arm-none.linux32_1.13.1.201703061523/tools/compiler/bin/../lib/gcc/arm-none-eabi/5.4.1/../../../../arm-none-eabi/lib/armv7-m/libc.a(lib_a-freer.o)
                0x0800b288                _malloc_trim_r
 .text._free_r  0x0800b324      0x1d0 /home/vadim/stm32/SystemWorkbench/plugins/fr.ac6.mcu.externaltools.arm-none.linux32_1.13.1.201703061523/tools/compiler/bin/../lib/gcc/arm-none-eabi/5.4.1/../../../../arm-none-eabi/lib/armv7-m/libc.a(lib_a-freer.o)
                0x0800b324                _free_r
 .text.__sfvwrite_r
                0x0800b4f4      0x308 /home/vadim/stm32/SystemWorkbench/plugins/fr.ac6.mcu.externaltools.arm-none.linux32_1.13.1.201703061523/tools/compiler/bin/../lib/gcc/arm-none-eabi/5.4.1/../../../../arm-none-eabi/lib/armv7-m/libc.a(lib_a-fvwrite.o)
                0x0800b4f4                __sfvwrite_r
 .text._fwalk_reent
                0x0800b7fc       0x50 /home/vadim/stm32/SystemWorkbench/plugins/fr.ac6.mcu.externaltools.arm-none.linux32_1.13.1.201703061523/tools/compiler/bin/../lib/gcc/arm-none-eabi/5.4.1/../../../../arm-none-eabi/lib/armv7-m/libc.a(lib_a-fwalk.o)
                0x0800b7fc                _fwalk_reent
 .text._localeconv_r
                0x0800b84c       0x1c /home/vadim/stm32/SystemWorkbench/plugins/fr.ac6.mcu.externaltools.arm-none.linux32_1.13.1.201703061523/tools/compiler/bin/../lib/gcc/arm-none-eabi/5.4.1/../../../../arm-none-eabi/lib/armv7-m/libc.a(lib_a-localeconv.o)
                0x0800b84c                _localeconv_r
 .text.__swhatbuf_r
                0x0800b868       0x60 /home/vadim/stm32/SystemWorkbench/plugins/fr.ac6.mcu.externaltools.arm-none.linux32_1.13.1.201703061523/tools/compiler/bin/../lib/gcc/arm-none-eabi/5.4.1/../../../../arm-none-eabi/lib/armv7-m/libc.a(lib_a-makebuf.o)
                0x0800b868                __swhatbuf_r
 .text.__smakebuf_r
                0x0800b8c8       0x88 /home/vadim/stm32/SystemWorkbench/plugins/fr.ac6.mcu.externaltools.arm-none.linux32_1.13.1.201703061523/tools/compiler/bin/../lib/gcc/arm-none-eabi/5.4.1/../../../../arm-none-eabi/lib/armv7-m/libc.a(lib_a-makebuf.o)
                0x0800b8c8                __smakebuf_r
 .text._malloc_r
                0x0800b950      0x558 /home/vadim/stm32/SystemWorkbench/plugins/fr.ac6.mcu.externaltools.arm-none.linux32_1.13.1.201703061523/tools/compiler/bin/../lib/gcc/arm-none-eabi/5.4.1/../../../../arm-none-eabi/lib/armv7-m/libc.a(lib_a-mallocr.o)
                0x0800b950                _malloc_r
 .text.memchr   0x0800bea8       0x8c /home/vadim/stm32/SystemWorkbench/plugins/fr.ac6.mcu.externaltools.arm-none.linux32_1.13.1.201703061523/tools/compiler/bin/../lib/gcc/arm-none-eabi/5.4.1/../../../../arm-none-eabi/lib/armv7-m/libc.a(lib_a-memchr-stub.o)
                0x0800bea8                memchr
 .text.memmove  0x0800bf34       0xc8 /home/vadim/stm32/SystemWorkbench/plugins/fr.ac6.mcu.externaltools.arm-none.linux32_1.13.1.201703061523/tools/compiler/bin/../lib/gcc/arm-none-eabi/5.4.1/../../../../arm-none-eabi/lib/armv7-m/libc.a(lib_a-memmove.o)
                0x0800bf34                memmove
 .text.__malloc_lock
                0x0800bffc        0x4 /home/vadim/stm32/SystemWorkbench/plugins/fr.ac6.mcu.externaltools.arm-none.linux32_1.13.1.201703061523/tools/compiler/bin/../lib/gcc/arm-none-eabi/5.4.1/../../../../arm-none-eabi/lib/armv7-m/libc.a(lib_a-mlock.o)
                0x0800bffc                __malloc_lock
 .text.__malloc_unlock
                0x0800c000        0x4 /home/vadim/stm32/SystemWorkbench/plugins/fr.ac6.mcu.externaltools.arm-none.linux32_1.13.1.201703061523/tools/compiler/bin/../lib/gcc/arm-none-eabi/5.4.1/../../../../arm-none-eabi/lib/armv7-m/libc.a(lib_a-mlock.o)
                0x0800c000                __malloc_unlock
 .text._Balloc  0x0800c004       0x50 /home/vadim/stm32/SystemWorkbench/plugins/fr.ac6.mcu.externaltools.arm-none.linux32_1.13.1.201703061523/tools/compiler/bin/../lib/gcc/arm-none-eabi/5.4.1/../../../../arm-none-eabi/lib/armv7-m/libc.a(lib_a-mprec.o)
                0x0800c004                _Balloc
 .text._Bfree   0x0800c054       0x14 /home/vadim/stm32/SystemWorkbench/plugins/fr.ac6.mcu.externaltools.arm-none.linux32_1.13.1.201703061523/tools/compiler/bin/../lib/gcc/arm-none-eabi/5.4.1/../../../../arm-none-eabi/lib/armv7-m/libc.a(lib_a-mprec.o)
                0x0800c054                _Bfree
 .text.__multadd
                0x0800c068       0x80 /home/vadim/stm32/SystemWorkbench/plugins/fr.ac6.mcu.externaltools.arm-none.linux32_1.13.1.201703061523/tools/compiler/bin/../lib/gcc/arm-none-eabi/5.4.1/../../../../arm-none-eabi/lib/armv7-m/libc.a(lib_a-mprec.o)
                0x0800c068                __multadd
 .text.__hi0bits
                0x0800c0e8       0x40 /home/vadim/stm32/SystemWorkbench/plugins/fr.ac6.mcu.externaltools.arm-none.linux32_1.13.1.201703061523/tools/compiler/bin/../lib/gcc/arm-none-eabi/5.4.1/../../../../arm-none-eabi/lib/armv7-m/libc.a(lib_a-mprec.o)
                0x0800c0e8                __hi0bits
 .text.__lo0bits
                0x0800c128       0x5c /home/vadim/stm32/SystemWorkbench/plugins/fr.ac6.mcu.externaltools.arm-none.linux32_1.13.1.201703061523/tools/compiler/bin/../lib/gcc/arm-none-eabi/5.4.1/../../../../arm-none-eabi/lib/armv7-m/libc.a(lib_a-mprec.o)
                0x0800c128                __lo0bits
 .text.__i2b    0x0800c184       0x14 /home/vadim/stm32/SystemWorkbench/plugins/fr.ac6.mcu.externaltools.arm-none.linux32_1.13.1.201703061523/tools/compiler/bin/../lib/gcc/arm-none-eabi/5.4.1/../../../../arm-none-eabi/lib/armv7-m/libc.a(lib_a-mprec.o)
                0x0800c184                __i2b
 .text.__multiply
                0x0800c198      0x13c /home/vadim/stm32/SystemWorkbench/plugins/fr.ac6.mcu.externaltools.arm-none.linux32_1.13.1.201703061523/tools/compiler/bin/../lib/gcc/arm-none-eabi/5.4.1/../../../../arm-none-eabi/lib/armv7-m/libc.a(lib_a-mprec.o)
                0x0800c198                __multiply
 .text.__pow5mult
                0x0800c2d4       0xa0 /home/vadim/stm32/SystemWorkbench/plugins/fr.ac6.mcu.externaltools.arm-none.linux32_1.13.1.201703061523/tools/compiler/bin/../lib/gcc/arm-none-eabi/5.4.1/../../../../arm-none-eabi/lib/armv7-m/libc.a(lib_a-mprec.o)
                0x0800c2d4                __pow5mult
 .text.__lshift
                0x0800c374       0xac /home/vadim/stm32/SystemWorkbench/plugins/fr.ac6.mcu.externaltools.arm-none.linux32_1.13.1.201703061523/tools/compiler/bin/../lib/gcc/arm-none-eabi/5.4.1/../../../../arm-none-eabi/lib/armv7-m/libc.a(lib_a-mprec.o)
                0x0800c374                __lshift
 .text.__mcmp   0x0800c420       0x40 /home/vadim/stm32/SystemWorkbench/plugins/fr.ac6.mcu.externaltools.arm-none.linux32_1.13.1.201703061523/tools/compiler/bin/../lib/gcc/arm-none-eabi/5.4.1/../../../../arm-none-eabi/lib/armv7-m/libc.a(lib_a-mprec.o)
                0x0800c420                __mcmp
 .text.__mdiff  0x0800c460      0x128 /home/vadim/stm32/SystemWorkbench/plugins/fr.ac6.mcu.externaltools.arm-none.linux32_1.13.1.201703061523/tools/compiler/bin/../lib/gcc/arm-none-eabi/5.4.1/../../../../arm-none-eabi/lib/armv7-m/libc.a(lib_a-mprec.o)
                0x0800c460                __mdiff
 .text.__d2b    0x0800c588       0xa8 /home/vadim/stm32/SystemWorkbench/plugins/fr.ac6.mcu.externaltools.arm-none.linux32_1.13.1.201703061523/tools/compiler/bin/../lib/gcc/arm-none-eabi/5.4.1/../../../../arm-none-eabi/lib/armv7-m/libc.a(lib_a-mprec.o)
                0x0800c588                __d2b
 .text._realloc_r
                0x0800c630      0x3d4 /home/vadim/stm32/SystemWorkbench/plugins/fr.ac6.mcu.externaltools.arm-none.linux32_1.13.1.201703061523/tools/compiler/bin/../lib/gcc/arm-none-eabi/5.4.1/../../../../arm-none-eabi/lib/armv7-m/libc.a(lib_a-reallocr.o)
                0x0800c630                _realloc_r
 .text._sbrk_r  0x0800ca04       0x24 /home/vadim/stm32/SystemWorkbench/plugins/fr.ac6.mcu.externaltools.arm-none.linux32_1.13.1.201703061523/tools/compiler/bin/../lib/gcc/arm-none-eabi/5.4.1/../../../../arm-none-eabi/lib/armv7-m/libc.a(lib_a-sbrkr.o)
                0x0800ca04                _sbrk_r
 .text.__sread  0x0800ca28       0x24 /home/vadim/stm32/SystemWorkbench/plugins/fr.ac6.mcu.externaltools.arm-none.linux32_1.13.1.201703061523/tools/compiler/bin/../lib/gcc/arm-none-eabi/5.4.1/../../../../arm-none-eabi/lib/armv7-m/libc.a(lib_a-stdio.o)
                0x0800ca28                __sread
 .text.__swrite
                0x0800ca4c       0x3c /home/vadim/stm32/SystemWorkbench/plugins/fr.ac6.mcu.externaltools.arm-none.linux32_1.13.1.201703061523/tools/compiler/bin/../lib/gcc/arm-none-eabi/5.4.1/../../../../arm-none-eabi/lib/armv7-m/libc.a(lib_a-stdio.o)
                0x0800ca4c                __swrite
 .text.__sseek  0x0800ca88       0x20 /home/vadim/stm32/SystemWorkbench/plugins/fr.ac6.mcu.externaltools.arm-none.linux32_1.13.1.201703061523/tools/compiler/bin/../lib/gcc/arm-none-eabi/5.4.1/../../../../arm-none-eabi/lib/armv7-m/libc.a(lib_a-stdio.o)
                0x0800ca88                __sseek
 .text.__sclose
                0x0800caa8        0x8 /home/vadim/stm32/SystemWorkbench/plugins/fr.ac6.mcu.externaltools.arm-none.linux32_1.13.1.201703061523/tools/compiler/bin/../lib/gcc/arm-none-eabi/5.4.1/../../../../arm-none-eabi/lib/armv7-m/libc.a(lib_a-stdio.o)
                0x0800caa8                __sclose
 .text.__ssprint_r
                0x0800cab0      0x100 /home/vadim/stm32/SystemWorkbench/plugins/fr.ac6.mcu.externaltools.arm-none.linux32_1.13.1.201703061523/tools/compiler/bin/../lib/gcc/arm-none-eabi/5.4.1/../../../../arm-none-eabi/lib/armv7-m/libc.a(lib_a-svfiprintf.o)
                0x0800cab0                __ssprint_r
 .text.__sprint_r.part.0
                0x0800cbb0       0x78 /home/vadim/stm32/SystemWorkbench/plugins/fr.ac6.mcu.externaltools.arm-none.linux32_1.13.1.201703061523/tools/compiler/bin/../lib/gcc/arm-none-eabi/5.4.1/../../../../arm-none-eabi/lib/armv7-m/libc.a(lib_a-vfiprintf.o)
 .text.__sprint_r
                0x0800cc28       0x14 /home/vadim/stm32/SystemWorkbench/plugins/fr.ac6.mcu.externaltools.arm-none.linux32_1.13.1.201703061523/tools/compiler/bin/../lib/gcc/arm-none-eabi/5.4.1/../../../../arm-none-eabi/lib/armv7-m/libc.a(lib_a-vfiprintf.o)
                0x0800cc28                __sprint_r
 .text._write_r
                0x0800cc3c       0x2c /home/vadim/stm32/SystemWorkbench/plugins/fr.ac6.mcu.externaltools.arm-none.linux32_1.13.1.201703061523/tools/compiler/bin/../lib/gcc/arm-none-eabi/5.4.1/../../../../arm-none-eabi/lib/armv7-m/libc.a(lib_a-writer.o)
                0x0800cc3c                _write_r
 .text.__register_exitproc
                0x0800cc68       0xa4 /home/vadim/stm32/SystemWorkbench/plugins/fr.ac6.mcu.externaltools.arm-none.linux32_1.13.1.201703061523/tools/compiler/bin/../lib/gcc/arm-none-eabi/5.4.1/../../../../arm-none-eabi/lib/armv7-m/libc.a(lib_a-__atexit.o)
                0x0800cc68                __register_exitproc
 .text._calloc_r
                0x0800cd0c       0x60 /home/vadim/stm32/SystemWorkbench/plugins/fr.ac6.mcu.externaltools.arm-none.linux32_1.13.1.201703061523/tools/compiler/bin/../lib/gcc/arm-none-eabi/5.4.1/../../../../arm-none-eabi/lib/armv7-m/libc.a(lib_a-callocr.o)
                0x0800cd0c                _calloc_r
 .text._close_r
                0x0800cd6c       0x24 /home/vadim/stm32/SystemWorkbench/plugins/fr.ac6.mcu.externaltools.arm-none.linux32_1.13.1.201703061523/tools/compiler/bin/../lib/gcc/arm-none-eabi/5.4.1/../../../../arm-none-eabi/lib/armv7-m/libc.a(lib_a-closer.o)
                0x0800cd6c                _close_r
 .text._fclose_r
                0x0800cd90       0x84 /home/vadim/stm32/SystemWorkbench/plugins/fr.ac6.mcu.externaltools.arm-none.linux32_1.13.1.201703061523/tools/compiler/bin/../lib/gcc/arm-none-eabi/5.4.1/../../../../arm-none-eabi/lib/armv7-m/libc.a(lib_a-fclose.o)
                0x0800cd90                _fclose_r
 .text.__fputwc
                0x0800ce14       0x94 /home/vadim/stm32/SystemWorkbench/plugins/fr.ac6.mcu.externaltools.arm-none.linux32_1.13.1.201703061523/tools/compiler/bin/../lib/gcc/arm-none-eabi/5.4.1/../../../../arm-none-eabi/lib/armv7-m/libc.a(lib_a-fputwc.o)
                0x0800ce14                __fputwc
 .text._fputwc_r
                0x0800cea8       0x24 /home/vadim/stm32/SystemWorkbench/plugins/fr.ac6.mcu.externaltools.arm-none.linux32_1.13.1.201703061523/tools/compiler/bin/../lib/gcc/arm-none-eabi/5.4.1/../../../../arm-none-eabi/lib/armv7-m/libc.a(lib_a-fputwc.o)
                0x0800cea8                _fputwc_r
 .text._fstat_r
                0x0800cecc       0x28 /home/vadim/stm32/SystemWorkbench/plugins/fr.ac6.mcu.externaltools.arm-none.linux32_1.13.1.201703061523/tools/compiler/bin/../lib/gcc/arm-none-eabi/5.4.1/../../../../arm-none-eabi/lib/armv7-m/libc.a(lib_a-fstatr.o)
                0x0800cecc                _fstat_r
 .text._isatty_r
                0x0800cef4       0x24 /home/vadim/stm32/SystemWorkbench/plugins/fr.ac6.mcu.externaltools.arm-none.linux32_1.13.1.201703061523/tools/compiler/bin/../lib/gcc/arm-none-eabi/5.4.1/../../../../arm-none-eabi/lib/armv7-m/libc.a(lib_a-isattyr.o)
                0x0800cef4                _isatty_r
 .text.__locale_mb_cur_max
                0x0800cf18       0x1c /home/vadim/stm32/SystemWorkbench/plugins/fr.ac6.mcu.externaltools.arm-none.linux32_1.13.1.201703061523/tools/compiler/bin/../lib/gcc/arm-none-eabi/5.4.1/../../../../arm-none-eabi/lib/armv7-m/libc.a(lib_a-locale.o)
                0x0800cf18                __locale_mb_cur_max
 .text._lseek_r
                0x0800cf34       0x2c /home/vadim/stm32/SystemWorkbench/plugins/fr.ac6.mcu.externaltools.arm-none.linux32_1.13.1.201703061523/tools/compiler/bin/../lib/gcc/arm-none-eabi/5.4.1/../../../../arm-none-eabi/lib/armv7-m/libc.a(lib_a-lseekr.o)
                0x0800cf34                _lseek_r
 .text.__ascii_mbtowc
                0x0800cf60       0x2c /home/vadim/stm32/SystemWorkbench/plugins/fr.ac6.mcu.externaltools.arm-none.linux32_1.13.1.201703061523/tools/compiler/bin/../lib/gcc/arm-none-eabi/5.4.1/../../../../arm-none-eabi/lib/armv7-m/libc.a(lib_a-mbtowc_r.o)
                0x0800cf60                __ascii_mbtowc
 .text._read_r  0x0800cf8c       0x2c /home/vadim/stm32/SystemWorkbench/plugins/fr.ac6.mcu.externaltools.arm-none.linux32_1.13.1.201703061523/tools/compiler/bin/../lib/gcc/arm-none-eabi/5.4.1/../../../../arm-none-eabi/lib/armv7-m/libc.a(lib_a-readr.o)
                0x0800cf8c                _read_r
 .text.__swbuf_r
                0x0800cfb8       0xac /home/vadim/stm32/SystemWorkbench/plugins/fr.ac6.mcu.externaltools.arm-none.linux32_1.13.1.201703061523/tools/compiler/bin/../lib/gcc/arm-none-eabi/5.4.1/../../../../arm-none-eabi/lib/armv7-m/libc.a(lib_a-wbuf.o)
                0x0800cfb8                __swbuf_r
 .text._wcrtomb_r
                0x0800d064       0x54 /home/vadim/stm32/SystemWorkbench/plugins/fr.ac6.mcu.externaltools.arm-none.linux32_1.13.1.201703061523/tools/compiler/bin/../lib/gcc/arm-none-eabi/5.4.1/../../../../arm-none-eabi/lib/armv7-m/libc.a(lib_a-wcrtomb.o)
                0x0800d064                _wcrtomb_r
 .text.__ascii_wctomb
                0x0800d0b8       0x1c /home/vadim/stm32/SystemWorkbench/plugins/fr.ac6.mcu.externaltools.arm-none.linux32_1.13.1.201703061523/tools/compiler/bin/../lib/gcc/arm-none-eabi/5.4.1/../../../../arm-none-eabi/lib/armv7-m/libc.a(lib_a-wctomb_r.o)
                0x0800d0b8                __ascii_wctomb
 *(.glue_7)
 .glue_7        0x0800d0d4        0x0 linker stubs
 *(.glue_7t)
 .glue_7t       0x0800d0d4        0x0 linker stubs
 *(.eh_frame)
 .eh_frame      0x0800d0d4        0x0 /home/vadim/stm32/SystemWorkbench/plugins/fr.ac6.mcu.externaltools.arm-none.linux32_1.13.1.201703061523/tools/compiler/bin/../lib/gcc/arm-none-eabi/5.4.1/armv7-m/crtbegin.o
 *(.init)
 .init          0x0800d0d4        0x4 /home/vadim/stm32/SystemWorkbench/plugins/fr.ac6.mcu.externaltools.arm-none.linux32_1.13.1.201703061523/tools/compiler/bin/../lib/gcc/arm-none-eabi/5.4.1/armv7-m/crti.o
                0x0800d0d4                _init
 .init          0x0800d0d8        0x8 /home/vadim/stm32/SystemWorkbench/plugins/fr.ac6.mcu.externaltools.arm-none.linux32_1.13.1.201703061523/tools/compiler/bin/../lib/gcc/arm-none-eabi/5.4.1/armv7-m/crtn.o
 *(.fini)
 .fini          0x0800d0e0        0x4 /home/vadim/stm32/SystemWorkbench/plugins/fr.ac6.mcu.externaltools.arm-none.linux32_1.13.1.201703061523/tools/compiler/bin/../lib/gcc/arm-none-eabi/5.4.1/armv7-m/crti.o
                0x0800d0e0                _fini
 .fini          0x0800d0e4        0x8 /home/vadim/stm32/SystemWorkbench/plugins/fr.ac6.mcu.externaltools.arm-none.linux32_1.13.1.201703061523/tools/compiler/bin/../lib/gcc/arm-none-eabi/5.4.1/armv7-m/crtn.o
                0x0800d0ec                . = ALIGN (0x4)
                0x0800d0ec                _etext = .

.vfp11_veneer   0x0800d0ec        0x0
 .vfp11_veneer  0x0800d0ec        0x0 linker stubs

.v4_bx          0x0800d0ec        0x0
 .v4_bx         0x0800d0ec        0x0 linker stubs

.iplt           0x0800d0ec        0x0
 .iplt          0x0800d0ec        0x0 /home/vadim/stm32/SystemWorkbench/plugins/fr.ac6.mcu.externaltools.arm-none.linux32_1.13.1.201703061523/tools/compiler/bin/../lib/gcc/arm-none-eabi/5.4.1/armv7-m/crtbegin.o

.rodata         0x0800d0f0     0x108c
                0x0800d0f0                . = ALIGN (0x4)
 *(.rodata)
 .rodata        0x0800d0f0        0xc src/main.o
 .rodata        0x0800d0fc      0x100 src/one_wire.o
                0x0800d0fc                crc_table
 .rodata        0x0800d1fc      0x4c0 src/sd/ccsbcs.o
 .rodata        0x0800d6bc       0x55 src/sd/diskio.o
 *fill*         0x0800d711        0x3 
 .rodata        0x0800d714       0x90 src/sd/ff.o
 *(.rodata*)
 .rodata.str1.4
                0x0800d7a4       0x45 src/main.o
                                 0x49 (size before relaxing)
 *fill*         0x0800d7e9        0x3 
 .rodata.str1.4
                0x0800d7ec      0x6cb src/sd/diskio.o
                                0x6d3 (size before relaxing)
 *fill*         0x0800deb7        0x1 
 .rodata.str1.4
                0x0800deb8       0x13 src/sd/ff.o
 *fill*         0x0800decb        0x1 
 .rodata._global_impure_ptr
                0x0800decc        0x4 /home/vadim/stm32/SystemWorkbench/plugins/fr.ac6.mcu.externaltools.arm-none.linux32_1.13.1.201703061523/tools/compiler/bin/../lib/gcc/arm-none-eabi/5.4.1/../../../../arm-none-eabi/lib/armv7-m/libc.a(lib_a-impure.o)
                0x0800decc                _global_impure_ptr
 .rodata.str1.4
                0x0800ded0       0x13 /home/vadim/stm32/SystemWorkbench/plugins/fr.ac6.mcu.externaltools.arm-none.linux32_1.13.1.201703061523/tools/compiler/bin/../lib/gcc/arm-none-eabi/5.4.1/../../../../arm-none-eabi/lib/armv7-m/libc.a(lib_a-puts.o)
                                  0x2 (size before relaxing)
 .rodata.zeroes.7256
                0x0800ded0       0x10 /home/vadim/stm32/SystemWorkbench/plugins/fr.ac6.mcu.externaltools.arm-none.linux32_1.13.1.201703061523/tools/compiler/bin/../lib/gcc/arm-none-eabi/5.4.1/../../../../arm-none-eabi/lib/armv7-m/libc.a(lib_a-svfprintf.o)
 .rodata.str1.4
                0x0800dee0       0x42 /home/vadim/stm32/SystemWorkbench/plugins/fr.ac6.mcu.externaltools.arm-none.linux32_1.13.1.201703061523/tools/compiler/bin/../lib/gcc/arm-none-eabi/5.4.1/../../../../arm-none-eabi/lib/armv7-m/libc.a(lib_a-svfprintf.o)
 *fill*         0x0800df22        0x2 
 .rodata.blanks.7255
                0x0800df24       0x10 /home/vadim/stm32/SystemWorkbench/plugins/fr.ac6.mcu.externaltools.arm-none.linux32_1.13.1.201703061523/tools/compiler/bin/../lib/gcc/arm-none-eabi/5.4.1/../../../../arm-none-eabi/lib/armv7-m/libc.a(lib_a-svfprintf.o)
 .rodata.zeroes.7271
                0x0800df34       0x10 /home/vadim/stm32/SystemWorkbench/plugins/fr.ac6.mcu.externaltools.arm-none.linux32_1.13.1.201703061523/tools/compiler/bin/../lib/gcc/arm-none-eabi/5.4.1/../../../../arm-none-eabi/lib/armv7-m/libc.a(lib_a-vfprintf.o)
 .rodata.str1.4
                0x0800df44       0x42 /home/vadim/stm32/SystemWorkbench/plugins/fr.ac6.mcu.externaltools.arm-none.linux32_1.13.1.201703061523/tools/compiler/bin/../lib/gcc/arm-none-eabi/5.4.1/../../../../arm-none-eabi/lib/armv7-m/libc.a(lib_a-vfprintf.o)
 .rodata.blanks.7270
                0x0800df44       0x10 /home/vadim/stm32/SystemWorkbench/plugins/fr.ac6.mcu.externaltools.arm-none.linux32_1.13.1.201703061523/tools/compiler/bin/../lib/gcc/arm-none-eabi/5.4.1/../../../../arm-none-eabi/lib/armv7-m/libc.a(lib_a-vfprintf.o)
 .rodata.str1.4
                0x0800df54       0x10 /home/vadim/stm32/SystemWorkbench/plugins/fr.ac6.mcu.externaltools.arm-none.linux32_1.13.1.201703061523/tools/compiler/bin/../lib/gcc/arm-none-eabi/5.4.1/../../../../arm-none-eabi/lib/armv7-m/libc.a(lib_a-dtoa.o)
                                 0x12 (size before relaxing)
 *fill*         0x0800df64        0x4 
 .rodata.__mprec_tens
                0x0800df68       0xc8 /home/vadim/stm32/SystemWorkbench/plugins/fr.ac6.mcu.externaltools.arm-none.linux32_1.13.1.201703061523/tools/compiler/bin/../lib/gcc/arm-none-eabi/5.4.1/../../../../arm-none-eabi/lib/armv7-m/libc.a(lib_a-mprec.o)
                0x0800df68                __mprec_tens
 .rodata.p05.6085
                0x0800e030        0xc /home/vadim/stm32/SystemWorkbench/plugins/fr.ac6.mcu.externaltools.arm-none.linux32_1.13.1.201703061523/tools/compiler/bin/../lib/gcc/arm-none-eabi/5.4.1/../../../../arm-none-eabi/lib/armv7-m/libc.a(lib_a-mprec.o)
 *fill*         0x0800e03c        0x4 
 .rodata.__mprec_bigtens
                0x0800e040       0x28 /home/vadim/stm32/SystemWorkbench/plugins/fr.ac6.mcu.externaltools.arm-none.linux32_1.13.1.201703061523/tools/compiler/bin/../lib/gcc/arm-none-eabi/5.4.1/../../../../arm-none-eabi/lib/armv7-m/libc.a(lib_a-mprec.o)
                0x0800e040                __mprec_bigtens
 .rodata.str1.4
                0x0800e068       0x10 /home/vadim/stm32/SystemWorkbench/plugins/fr.ac6.mcu.externaltools.arm-none.linux32_1.13.1.201703061523/tools/compiler/bin/../lib/gcc/arm-none-eabi/5.4.1/../../../../arm-none-eabi/lib/armv7-m/libc.a(lib_a-locale.o)
                                 0x12 (size before relaxing)
 .rodata._ctype_
                0x0800e078      0x101 /home/vadim/stm32/SystemWorkbench/plugins/fr.ac6.mcu.externaltools.arm-none.linux32_1.13.1.201703061523/tools/compiler/bin/../lib/gcc/arm-none-eabi/5.4.1/../../../../arm-none-eabi/lib/armv7-m/libc.a(lib_a-ctype_.o)
                0x0800e078                _ctype_
                0x0800e17c                . = ALIGN (0x4)
 *fill*         0x0800e179        0x3 

.ARM.extab      0x0800e17c        0x0
                0x0800e17c                . = ALIGN (0x4)
 *(.ARM.extab* .gnu.linkonce.armextab.*)
                0x0800e17c                . = ALIGN (0x4)

.ARM            0x0800e17c        0x8
                0x0800e17c                . = ALIGN (0x4)
                0x0800e17c                __exidx_start = .
 *(.ARM.exidx*)
 .ARM.exidx     0x0800e17c        0x8 /home/vadim/stm32/SystemWorkbench/plugins/fr.ac6.mcu.externaltools.arm-none.linux32_1.13.1.201703061523/tools/compiler/bin/../lib/gcc/arm-none-eabi/5.4.1/armv7-m/libgcc.a(_udivmoddi4.o)
                0x0800e184                __exidx_end = .
                0x0800e184                . = ALIGN (0x4)

.rel.dyn        0x0800e184        0x0
 .rel.iplt      0x0800e184        0x0 /home/vadim/stm32/SystemWorkbench/plugins/fr.ac6.mcu.externaltools.arm-none.linux32_1.13.1.201703061523/tools/compiler/bin/../lib/gcc/arm-none-eabi/5.4.1/armv7-m/crtbegin.o

.preinit_array  0x0800e184        0x0
                0x0800e184                . = ALIGN (0x4)
                0x0800e184                PROVIDE (__preinit_array_start, .)
 *(.preinit_array*)
                0x0800e184                PROVIDE (__preinit_array_end, .)
                0x0800e184                . = ALIGN (0x4)

.init_array     0x0800e184        0x8
                0x0800e184                . = ALIGN (0x4)
                0x0800e184                PROVIDE (__init_array_start, .)
 *(SORT(.init_array.*))
 .init_array.00000
                0x0800e184        0x4 /home/vadim/stm32/SystemWorkbench/plugins/fr.ac6.mcu.externaltools.arm-none.linux32_1.13.1.201703061523/tools/compiler/bin/../lib/gcc/arm-none-eabi/5.4.1/../../../../arm-none-eabi/lib/armv7-m/libc.a(lib_a-__call_atexit.o)
 *(.init_array*)
 .init_array    0x0800e188        0x4 /home/vadim/stm32/SystemWorkbench/plugins/fr.ac6.mcu.externaltools.arm-none.linux32_1.13.1.201703061523/tools/compiler/bin/../lib/gcc/arm-none-eabi/5.4.1/armv7-m/crtbegin.o
                0x0800e18c                PROVIDE (__init_array_end, .)
                0x0800e18c                . = ALIGN (0x4)

.fini_array     0x0800e18c        0x4
                0x0800e18c                . = ALIGN (0x4)
                0x0800e18c                PROVIDE (__fini_array_start, .)
 *(SORT(.fini_array.*))
 *(.fini_array*)
 .fini_array    0x0800e18c        0x4 /home/vadim/stm32/SystemWorkbench/plugins/fr.ac6.mcu.externaltools.arm-none.linux32_1.13.1.201703061523/tools/compiler/bin/../lib/gcc/arm-none-eabi/5.4.1/armv7-m/crtbegin.o
                0x0800e190                PROVIDE (__fini_array_end, .)
                0x0800e190                . = ALIGN (0x4)
                0x0800e190                _sidata = LOADADDR (.data)

.data           0x20000000      0x9c0 load address 0x0800e190
                0x20000000                . = ALIGN (0x4)
                0x20000000                _sdata = .
 *(.data)
 .data          0x20000000        0x2 src/ds18b20.o
 *fill*         0x20000002        0x2 
 .data          0x20000004       0x14 src/system_stm32f10x.o
                0x20000004                AHBPrescTable
                0x20000014                SystemCoreClock
 *(.data*)
 .data.impure_data
                0x20000018      0x428 /home/vadim/stm32/SystemWorkbench/plugins/fr.ac6.mcu.externaltools.arm-none.linux32_1.13.1.201703061523/tools/compiler/bin/../lib/gcc/arm-none-eabi/5.4.1/../../../../arm-none-eabi/lib/armv7-m/libc.a(lib_a-impure.o)
 .data._impure_ptr
                0x20000440        0x4 /home/vadim/stm32/SystemWorkbench/plugins/fr.ac6.mcu.externaltools.arm-none.linux32_1.13.1.201703061523/tools/compiler/bin/../lib/gcc/arm-none-eabi/5.4.1/../../../../arm-none-eabi/lib/armv7-m/libc.a(lib_a-impure.o)
                0x20000440                _impure_ptr
 .data.__malloc_av_
                0x20000444      0x408 /home/vadim/stm32/SystemWorkbench/plugins/fr.ac6.mcu.externaltools.arm-none.linux32_1.13.1.201703061523/tools/compiler/bin/../lib/gcc/arm-none-eabi/5.4.1/../../../../arm-none-eabi/lib/armv7-m/libc.a(lib_a-mallocr.o)
                0x20000444                __malloc_av_
 .data.__malloc_trim_threshold
                0x2000084c        0x4 /home/vadim/stm32/SystemWorkbench/plugins/fr.ac6.mcu.externaltools.arm-none.linux32_1.13.1.201703061523/tools/compiler/bin/../lib/gcc/arm-none-eabi/5.4.1/../../../../arm-none-eabi/lib/armv7-m/libc.a(lib_a-mallocr.o)
                0x2000084c                __malloc_trim_threshold
 .data.__malloc_sbrk_base
                0x20000850        0x4 /home/vadim/stm32/SystemWorkbench/plugins/fr.ac6.mcu.externaltools.arm-none.linux32_1.13.1.201703061523/tools/compiler/bin/../lib/gcc/arm-none-eabi/5.4.1/../../../../arm-none-eabi/lib/armv7-m/libc.a(lib_a-mallocr.o)
                0x20000850                __malloc_sbrk_base
 .data.__global_locale
                0x20000854      0x16c /home/vadim/stm32/SystemWorkbench/plugins/fr.ac6.mcu.externaltools.arm-none.linux32_1.13.1.201703061523/tools/compiler/bin/../lib/gcc/arm-none-eabi/5.4.1/../../../../arm-none-eabi/lib/armv7-m/libc.a(lib_a-locale.o)
                0x20000854                __global_locale
                0x200009c0                . = ALIGN (0x4)
                0x200009c0                _edata = .

.jcr            0x200009c0        0x0 load address 0x0800eb50
 .jcr           0x200009c0        0x0 /home/vadim/stm32/SystemWorkbench/plugins/fr.ac6.mcu.externaltools.arm-none.linux32_1.13.1.201703061523/tools/compiler/bin/../lib/gcc/arm-none-eabi/5.4.1/armv7-m/crtbegin.o

.igot.plt       0x200009c0        0x0 load address 0x0800eb50
 .igot.plt      0x200009c0        0x0 /home/vadim/stm32/SystemWorkbench/plugins/fr.ac6.mcu.externaltools.arm-none.linux32_1.13.1.201703061523/tools/compiler/bin/../lib/gcc/arm-none-eabi/5.4.1/armv7-m/crtbegin.o
                0x200009c0                . = ALIGN (0x4)

.bss            0x200009c0      0x5d4 load address 0x0800eb50
                0x200009c0                _sbss = .
                0x200009c0                __bss_start__ = _sbss
 *(.bss)
 .bss           0x200009c0       0x1c /home/vadim/stm32/SystemWorkbench/plugins/fr.ac6.mcu.externaltools.arm-none.linux32_1.13.1.201703061523/tools/compiler/bin/../lib/gcc/arm-none-eabi/5.4.1/armv7-m/crtbegin.o
 .bss           0x200009dc        0x8 src/ds18b20.o
 .bss           0x200009e4        0x8 src/main.o
                0x200009e4                doLog
                0x200009e8                entry
 .bss           0x200009ec       0x6c src/one_wire.o
 .bss           0x20000a58        0x8 src/syscalls.o
                0x20000a5c                __env
 .bss           0x20000a60      0x208 src/sd/ff.o
 *(.bss*)
 .bss.__malloc_max_total_mem
                0x20000c68        0x4 /home/vadim/stm32/SystemWorkbench/plugins/fr.ac6.mcu.externaltools.arm-none.linux32_1.13.1.201703061523/tools/compiler/bin/../lib/gcc/arm-none-eabi/5.4.1/../../../../arm-none-eabi/lib/armv7-m/libc.a(lib_a-mallocr.o)
                0x20000c68                __malloc_max_total_mem
 .bss.__malloc_max_sbrked_mem
                0x20000c6c        0x4 /home/vadim/stm32/SystemWorkbench/plugins/fr.ac6.mcu.externaltools.arm-none.linux32_1.13.1.201703061523/tools/compiler/bin/../lib/gcc/arm-none-eabi/5.4.1/../../../../arm-none-eabi/lib/armv7-m/libc.a(lib_a-mallocr.o)
                0x20000c6c                __malloc_max_sbrked_mem
 .bss.__malloc_top_pad
                0x20000c70        0x4 /home/vadim/stm32/SystemWorkbench/plugins/fr.ac6.mcu.externaltools.arm-none.linux32_1.13.1.201703061523/tools/compiler/bin/../lib/gcc/arm-none-eabi/5.4.1/../../../../arm-none-eabi/lib/armv7-m/libc.a(lib_a-mallocr.o)
                0x20000c70                __malloc_top_pad
 .bss.__malloc_current_mallinfo
                0x20000c74       0x28 /home/vadim/stm32/SystemWorkbench/plugins/fr.ac6.mcu.externaltools.arm-none.linux32_1.13.1.201703061523/tools/compiler/bin/../lib/gcc/arm-none-eabi/5.4.1/../../../../arm-none-eabi/lib/armv7-m/libc.a(lib_a-mallocr.o)
                0x20000c74                __malloc_current_mallinfo
 *(COMMON)
 COMMON         0x20000c9c      0x2e4 src/main.o
                0x20000c9c                timestamp
                0x20000cbc                fs
                0x20000eec                buff
                0x20000f0c                nRead
                0x20000f10                temperature
                0x20000f16                button
                0x20000f17                fr
                0x20000f18                nWritten
                0x20000f1c                logName
                0x20000f5c                fil
 COMMON         0x20000f80       0x10 src/sd/diskio.o
                0x20000f80                hw
 COMMON         0x20000f90        0x4 /home/vadim/stm32/SystemWorkbench/plugins/fr.ac6.mcu.externaltools.arm-none.linux32_1.13.1.201703061523/tools/compiler/bin/../lib/gcc/arm-none-eabi/5.4.1/../../../../arm-none-eabi/lib/armv7-m/libc.a(lib_a-reent.o)
                0x20000f90                errno
                0x20000f94                . = ALIGN (0x4)
                0x20000f94                _ebss = .
                0x20000f94                __bss_end__ = _ebss

._user_heap_stack
                0x20000f94      0x404 load address 0x0800eb50
                0x20000f98                . = ALIGN (0x8)
 *fill*         0x20000f94        0x4 
                0x20000f98                PROVIDE (end, .)
                [!provide]                PROVIDE (_end, .)
                0x20000f98                . = (. + _Min_Heap_Size)
                0x20001398                . = (. + _Min_Stack_Size)
 *fill*         0x20000f98      0x400 
                0x20001398                . = ALIGN (0x8)

/DISCARD/
 libc.a(*)
 libm.a(*)
 libgcc.a(*)

.ARM.attributes
                0x00000000       0x29
 *(.ARM.attributes)
 .ARM.attributes
                0x00000000       0x1d /home/vadim/stm32/SystemWorkbench/plugins/fr.ac6.mcu.externaltools.arm-none.linux32_1.13.1.201703061523/tools/compiler/bin/../lib/gcc/arm-none-eabi/5.4.1/armv7-m/crti.o
 .ARM.attributes
                0x0000001d       0x2d /home/vadim/stm32/SystemWorkbench/plugins/fr.ac6.mcu.externaltools.arm-none.linux32_1.13.1.201703061523/tools/compiler/bin/../lib/gcc/arm-none-eabi/5.4.1/armv7-m/crtbegin.o
 .ARM.attributes
                0x0000004a       0x33 src/ds18b20.o
 .ARM.attributes
                0x0000007d       0x33 src/main.o
 .ARM.attributes
                0x000000b0       0x33 src/one_wire.o
 .ARM.attributes
                0x000000e3       0x33 src/syscalls.o
 .ARM.attributes
                0x00000116       0x33 src/system_stm32f10x.o
 .ARM.attributes
                0x00000149       0x33 src/utils.o
 .ARM.attributes
                0x0000017c       0x33 src/sd/ccsbcs.o
 .ARM.attributes
                0x000001af       0x33 src/sd/diskio.o
 .ARM.attributes
                0x000001e2       0x33 src/sd/ff.o
 .ARM.attributes
                0x00000215       0x21 startup/startup_stm32.o
 .ARM.attributes
                0x00000236       0x33 /home/vadim/stm32/stm32eclipseworkspace/bluepill_stdperiph_lib/Release/libbluepill_stdperiph_lib.a(misc.o)
 .ARM.attributes
                0x00000269       0x33 /home/vadim/stm32/stm32eclipseworkspace/bluepill_stdperiph_lib/Release/libbluepill_stdperiph_lib.a(stm32f10x_bkp.o)
 .ARM.attributes
                0x0000029c       0x33 /home/vadim/stm32/stm32eclipseworkspace/bluepill_stdperiph_lib/Release/libbluepill_stdperiph_lib.a(stm32f10x_gpio.o)
 .ARM.attributes
                0x000002cf       0x33 /home/vadim/stm32/stm32eclipseworkspace/bluepill_stdperiph_lib/Release/libbluepill_stdperiph_lib.a(stm32f10x_pwr.o)
 .ARM.attributes
                0x00000302       0x33 /home/vadim/stm32/stm32eclipseworkspace/bluepill_stdperiph_lib/Release/libbluepill_stdperiph_lib.a(stm32f10x_rcc.o)
 .ARM.attributes
                0x00000335       0x33 /home/vadim/stm32/stm32eclipseworkspace/bluepill_stdperiph_lib/Release/libbluepill_stdperiph_lib.a(stm32f10x_rtc.o)
 .ARM.attributes
                0x00000368       0x33 /home/vadim/stm32/stm32eclipseworkspace/bluepill_stdperiph_lib/Release/libbluepill_stdperiph_lib.a(stm32f10x_spi.o)
 .ARM.attributes
                0x0000039b       0x33 /home/vadim/stm32/stm32eclipseworkspace/bluepill_stdperiph_lib/Release/libbluepill_stdperiph_lib.a(stm32f10x_tim.o)
 .ARM.attributes
                0x000003ce       0x1d /home/vadim/stm32/SystemWorkbench/plugins/fr.ac6.mcu.externaltools.arm-none.linux32_1.13.1.201703061523/tools/compiler/bin/../lib/gcc/arm-none-eabi/5.4.1/armv7-m/libgcc.a(_arm_addsubdf3.o)
 .ARM.attributes
                0x000003eb       0x1d /home/vadim/stm32/SystemWorkbench/plugins/fr.ac6.mcu.externaltools.arm-none.linux32_1.13.1.201703061523/tools/compiler/bin/../lib/gcc/arm-none-eabi/5.4.1/armv7-m/libgcc.a(_arm_muldivdf3.o)
 .ARM.attributes
                0x00000408       0x1d /home/vadim/stm32/SystemWorkbench/plugins/fr.ac6.mcu.externaltools.arm-none.linux32_1.13.1.201703061523/tools/compiler/bin/../lib/gcc/arm-none-eabi/5.4.1/armv7-m/libgcc.a(_arm_fixdfsi.o)
 .ARM.attributes
                0x00000425       0x1d /home/vadim/stm32/SystemWorkbench/plugins/fr.ac6.mcu.externaltools.arm-none.linux32_1.13.1.201703061523/tools/compiler/bin/../lib/gcc/arm-none-eabi/5.4.1/armv7-m/libgcc.a(_arm_truncdfsf2.o)
 .ARM.attributes
                0x00000442       0x1d /home/vadim/stm32/SystemWorkbench/plugins/fr.ac6.mcu.externaltools.arm-none.linux32_1.13.1.201703061523/tools/compiler/bin/../lib/gcc/arm-none-eabi/5.4.1/armv7-m/libgcc.a(_arm_addsubsf3.o)
 .ARM.attributes
                0x0000045f       0x1d /home/vadim/stm32/SystemWorkbench/plugins/fr.ac6.mcu.externaltools.arm-none.linux32_1.13.1.201703061523/tools/compiler/bin/../lib/gcc/arm-none-eabi/5.4.1/armv7-m/libgcc.a(_arm_fixsfsi.o)
 .ARM.attributes
                0x0000047c       0x2d /home/vadim/stm32/SystemWorkbench/plugins/fr.ac6.mcu.externaltools.arm-none.linux32_1.13.1.201703061523/tools/compiler/bin/../lib/gcc/arm-none-eabi/5.4.1/../../../../arm-none-eabi/lib/armv7-m/libc.a(lib_a-errno.o)
 .ARM.attributes
                0x000004a9       0x2d /home/vadim/stm32/SystemWorkbench/plugins/fr.ac6.mcu.externaltools.arm-none.linux32_1.13.1.201703061523/tools/compiler/bin/../lib/gcc/arm-none-eabi/5.4.1/../../../../arm-none-eabi/lib/armv7-m/libc.a(lib_a-impure.o)
 .ARM.attributes
                0x000004d6       0x2d /home/vadim/stm32/SystemWorkbench/plugins/fr.ac6.mcu.externaltools.arm-none.linux32_1.13.1.201703061523/tools/compiler/bin/../lib/gcc/arm-none-eabi/5.4.1/../../../../arm-none-eabi/lib/armv7-m/libc.a(lib_a-init.o)
 .ARM.attributes
                0x00000503       0x2d /home/vadim/stm32/SystemWorkbench/plugins/fr.ac6.mcu.externaltools.arm-none.linux32_1.13.1.201703061523/tools/compiler/bin/../lib/gcc/arm-none-eabi/5.4.1/../../../../arm-none-eabi/lib/armv7-m/libc.a(lib_a-memset.o)
 .ARM.attributes
                0x00000530       0x2d /home/vadim/stm32/SystemWorkbench/plugins/fr.ac6.mcu.externaltools.arm-none.linux32_1.13.1.201703061523/tools/compiler/bin/../lib/gcc/arm-none-eabi/5.4.1/../../../../arm-none-eabi/lib/armv7-m/libc.a(lib_a-printf.o)
 .ARM.attributes
                0x0000055d       0x2d /home/vadim/stm32/SystemWorkbench/plugins/fr.ac6.mcu.externaltools.arm-none.linux32_1.13.1.201703061523/tools/compiler/bin/../lib/gcc/arm-none-eabi/5.4.1/../../../../arm-none-eabi/lib/armv7-m/libc.a(lib_a-puts.o)
 .ARM.attributes
                0x0000058a       0x2d /home/vadim/stm32/SystemWorkbench/plugins/fr.ac6.mcu.externaltools.arm-none.linux32_1.13.1.201703061523/tools/compiler/bin/../lib/gcc/arm-none-eabi/5.4.1/../../../../arm-none-eabi/lib/armv7-m/libc.a(lib_a-sprintf.o)
 .ARM.attributes
                0x000005b7       0x2d /home/vadim/stm32/SystemWorkbench/plugins/fr.ac6.mcu.externaltools.arm-none.linux32_1.13.1.201703061523/tools/compiler/bin/../lib/gcc/arm-none-eabi/5.4.1/../../../../arm-none-eabi/lib/armv7-m/libc.a(lib_a-strlen-stub.o)
 .ARM.attributes
                0x000005e4       0x2d /home/vadim/stm32/SystemWorkbench/plugins/fr.ac6.mcu.externaltools.arm-none.linux32_1.13.1.201703061523/tools/compiler/bin/../lib/gcc/arm-none-eabi/5.4.1/../../../../arm-none-eabi/lib/armv7-m/libc.a(lib_a-svfprintf.o)
 .ARM.attributes
                0x00000611       0x2d /home/vadim/stm32/SystemWorkbench/plugins/fr.ac6.mcu.externaltools.arm-none.linux32_1.13.1.201703061523/tools/compiler/bin/../lib/gcc/arm-none-eabi/5.4.1/../../../../arm-none-eabi/lib/armv7-m/libc.a(lib_a-vfprintf.o)
 .ARM.attributes
                0x0000063e       0x2d /home/vadim/stm32/SystemWorkbench/plugins/fr.ac6.mcu.externaltools.arm-none.linux32_1.13.1.201703061523/tools/compiler/bin/../lib/gcc/arm-none-eabi/5.4.1/../../../../arm-none-eabi/lib/armv7-m/libc.a(lib_a-wsetup.o)
 .ARM.attributes
                0x0000066b       0x2d /home/vadim/stm32/SystemWorkbench/plugins/fr.ac6.mcu.externaltools.arm-none.linux32_1.13.1.201703061523/tools/compiler/bin/../lib/gcc/arm-none-eabi/5.4.1/../../../../arm-none-eabi/lib/armv7-m/libc.a(lib_a-__call_atexit.o)
 .ARM.attributes
                0x00000698       0x2d /home/vadim/stm32/SystemWorkbench/plugins/fr.ac6.mcu.externaltools.arm-none.linux32_1.13.1.201703061523/tools/compiler/bin/../lib/gcc/arm-none-eabi/5.4.1/../../../../arm-none-eabi/lib/armv7-m/libc.a(lib_a-atexit.o)
 .ARM.attributes
                0x000006c5       0x2d /home/vadim/stm32/SystemWorkbench/plugins/fr.ac6.mcu.externaltools.arm-none.linux32_1.13.1.201703061523/tools/compiler/bin/../lib/gcc/arm-none-eabi/5.4.1/../../../../arm-none-eabi/lib/armv7-m/libc.a(lib_a-dtoa.o)
 .ARM.attributes
                0x000006f2       0x2d /home/vadim/stm32/SystemWorkbench/plugins/fr.ac6.mcu.externaltools.arm-none.linux32_1.13.1.201703061523/tools/compiler/bin/../lib/gcc/arm-none-eabi/5.4.1/../../../../arm-none-eabi/lib/armv7-m/libc.a(lib_a-fflush.o)
 .ARM.attributes
                0x0000071f       0x2d /home/vadim/stm32/SystemWorkbench/plugins/fr.ac6.mcu.externaltools.arm-none.linux32_1.13.1.201703061523/tools/compiler/bin/../lib/gcc/arm-none-eabi/5.4.1/../../../../arm-none-eabi/lib/armv7-m/libc.a(lib_a-findfp.o)
 .ARM.attributes
                0x0000074c       0x2d /home/vadim/stm32/SystemWorkbench/plugins/fr.ac6.mcu.externaltools.arm-none.linux32_1.13.1.201703061523/tools/compiler/bin/../lib/gcc/arm-none-eabi/5.4.1/../../../../arm-none-eabi/lib/armv7-m/libc.a(lib_a-fini.o)
 .ARM.attributes
                0x00000779       0x2d /home/vadim/stm32/SystemWorkbench/plugins/fr.ac6.mcu.externaltools.arm-none.linux32_1.13.1.201703061523/tools/compiler/bin/../lib/gcc/arm-none-eabi/5.4.1/../../../../arm-none-eabi/lib/armv7-m/libc.a(lib_a-freer.o)
 .ARM.attributes
                0x000007a6       0x2d /home/vadim/stm32/SystemWorkbench/plugins/fr.ac6.mcu.externaltools.arm-none.linux32_1.13.1.201703061523/tools/compiler/bin/../lib/gcc/arm-none-eabi/5.4.1/../../../../arm-none-eabi/lib/armv7-m/libc.a(lib_a-fvwrite.o)
 .ARM.attributes
                0x000007d3       0x2d /home/vadim/stm32/SystemWorkbench/plugins/fr.ac6.mcu.externaltools.arm-none.linux32_1.13.1.201703061523/tools/compiler/bin/../lib/gcc/arm-none-eabi/5.4.1/../../../../arm-none-eabi/lib/armv7-m/libc.a(lib_a-fwalk.o)
 .ARM.attributes
                0x00000800       0x2d /home/vadim/stm32/SystemWorkbench/plugins/fr.ac6.mcu.externaltools.arm-none.linux32_1.13.1.201703061523/tools/compiler/bin/../lib/gcc/arm-none-eabi/5.4.1/../../../../arm-none-eabi/lib/armv7-m/libc.a(lib_a-localeconv.o)
 .ARM.attributes
                0x0000082d       0x2d /home/vadim/stm32/SystemWorkbench/plugins/fr.ac6.mcu.externaltools.arm-none.linux32_1.13.1.201703061523/tools/compiler/bin/../lib/gcc/arm-none-eabi/5.4.1/../../../../arm-none-eabi/lib/armv7-m/libc.a(lib_a-makebuf.o)
 .ARM.attributes
                0x0000085a       0x2d /home/vadim/stm32/SystemWorkbench/plugins/fr.ac6.mcu.externaltools.arm-none.linux32_1.13.1.201703061523/tools/compiler/bin/../lib/gcc/arm-none-eabi/5.4.1/../../../../arm-none-eabi/lib/armv7-m/libc.a(lib_a-mallocr.o)
 .ARM.attributes
                0x00000887       0x2d /home/vadim/stm32/SystemWorkbench/plugins/fr.ac6.mcu.externaltools.arm-none.linux32_1.13.1.201703061523/tools/compiler/bin/../lib/gcc/arm-none-eabi/5.4.1/../../../../arm-none-eabi/lib/armv7-m/libc.a(lib_a-memchr-stub.o)
 .ARM.attributes
                0x000008b4       0x1b /home/vadim/stm32/SystemWorkbench/plugins/fr.ac6.mcu.externaltools.arm-none.linux32_1.13.1.201703061523/tools/compiler/bin/../lib/gcc/arm-none-eabi/5.4.1/../../../../arm-none-eabi/lib/armv7-m/libc.a(lib_a-memcpy.o)
 .ARM.attributes
                0x000008cf       0x2d /home/vadim/stm32/SystemWorkbench/plugins/fr.ac6.mcu.externaltools.arm-none.linux32_1.13.1.201703061523/tools/compiler/bin/../lib/gcc/arm-none-eabi/5.4.1/../../../../arm-none-eabi/lib/armv7-m/libc.a(lib_a-memmove.o)
 .ARM.attributes
                0x000008fc       0x2d /home/vadim/stm32/SystemWorkbench/plugins/fr.ac6.mcu.externaltools.arm-none.linux32_1.13.1.201703061523/tools/compiler/bin/../lib/gcc/arm-none-eabi/5.4.1/../../../../arm-none-eabi/lib/armv7-m/libc.a(lib_a-mlock.o)
 .ARM.attributes
                0x00000929       0x2d /home/vadim/stm32/SystemWorkbench/plugins/fr.ac6.mcu.externaltools.arm-none.linux32_1.13.1.201703061523/tools/compiler/bin/../lib/gcc/arm-none-eabi/5.4.1/../../../../arm-none-eabi/lib/armv7-m/libc.a(lib_a-mprec.o)
 .ARM.attributes
                0x00000956       0x2d /home/vadim/stm32/SystemWorkbench/plugins/fr.ac6.mcu.externaltools.arm-none.linux32_1.13.1.201703061523/tools/compiler/bin/../lib/gcc/arm-none-eabi/5.4.1/../../../../arm-none-eabi/lib/armv7-m/libc.a(lib_a-reallocr.o)
 .ARM.attributes
                0x00000983       0x2d /home/vadim/stm32/SystemWorkbench/plugins/fr.ac6.mcu.externaltools.arm-none.linux32_1.13.1.201703061523/tools/compiler/bin/../lib/gcc/arm-none-eabi/5.4.1/../../../../arm-none-eabi/lib/armv7-m/libc.a(lib_a-sbrkr.o)
 .ARM.attributes
                0x000009b0       0x2d /home/vadim/stm32/SystemWorkbench/plugins/fr.ac6.mcu.externaltools.arm-none.linux32_1.13.1.201703061523/tools/compiler/bin/../lib/gcc/arm-none-eabi/5.4.1/../../../../arm-none-eabi/lib/armv7-m/libc.a(lib_a-stdio.o)
 .ARM.attributes
                0x000009dd       0x2d /home/vadim/stm32/SystemWorkbench/plugins/fr.ac6.mcu.externaltools.arm-none.linux32_1.13.1.201703061523/tools/compiler/bin/../lib/gcc/arm-none-eabi/5.4.1/../../../../arm-none-eabi/lib/armv7-m/libc.a(lib_a-svfiprintf.o)
 .ARM.attributes
                0x00000a0a       0x2d /home/vadim/stm32/SystemWorkbench/plugins/fr.ac6.mcu.externaltools.arm-none.linux32_1.13.1.201703061523/tools/compiler/bin/../lib/gcc/arm-none-eabi/5.4.1/../../../../arm-none-eabi/lib/armv7-m/libc.a(lib_a-vfiprintf.o)
 .ARM.attributes
                0x00000a37       0x2d /home/vadim/stm32/SystemWorkbench/plugins/fr.ac6.mcu.externaltools.arm-none.linux32_1.13.1.201703061523/tools/compiler/bin/../lib/gcc/arm-none-eabi/5.4.1/../../../../arm-none-eabi/lib/armv7-m/libc.a(lib_a-writer.o)
 .ARM.attributes
                0x00000a64       0x2d /home/vadim/stm32/SystemWorkbench/plugins/fr.ac6.mcu.externaltools.arm-none.linux32_1.13.1.201703061523/tools/compiler/bin/../lib/gcc/arm-none-eabi/5.4.1/../../../../arm-none-eabi/lib/armv7-m/libc.a(lib_a-__atexit.o)
 .ARM.attributes
                0x00000a91       0x2d /home/vadim/stm32/SystemWorkbench/plugins/fr.ac6.mcu.externaltools.arm-none.linux32_1.13.1.201703061523/tools/compiler/bin/../lib/gcc/arm-none-eabi/5.4.1/../../../../arm-none-eabi/lib/armv7-m/libc.a(lib_a-callocr.o)
 .ARM.attributes
                0x00000abe       0x2d /home/vadim/stm32/SystemWorkbench/plugins/fr.ac6.mcu.externaltools.arm-none.linux32_1.13.1.201703061523/tools/compiler/bin/../lib/gcc/arm-none-eabi/5.4.1/../../../../arm-none-eabi/lib/armv7-m/libc.a(lib_a-closer.o)
 .ARM.attributes
                0x00000aeb       0x2d /home/vadim/stm32/SystemWorkbench/plugins/fr.ac6.mcu.externaltools.arm-none.linux32_1.13.1.201703061523/tools/compiler/bin/../lib/gcc/arm-none-eabi/5.4.1/../../../../arm-none-eabi/lib/armv7-m/libc.a(lib_a-fclose.o)
 .ARM.attributes
                0x00000b18       0x2d /home/vadim/stm32/SystemWorkbench/plugins/fr.ac6.mcu.externaltools.arm-none.linux32_1.13.1.201703061523/tools/compiler/bin/../lib/gcc/arm-none-eabi/5.4.1/../../../../arm-none-eabi/lib/armv7-m/libc.a(lib_a-fputwc.o)
 .ARM.attributes
                0x00000b45       0x2d /home/vadim/stm32/SystemWorkbench/plugins/fr.ac6.mcu.externaltools.arm-none.linux32_1.13.1.201703061523/tools/compiler/bin/../lib/gcc/arm-none-eabi/5.4.1/../../../../arm-none-eabi/lib/armv7-m/libc.a(lib_a-fstatr.o)
 .ARM.attributes
                0x00000b72       0x2d /home/vadim/stm32/SystemWorkbench/plugins/fr.ac6.mcu.externaltools.arm-none.linux32_1.13.1.201703061523/tools/compiler/bin/../lib/gcc/arm-none-eabi/5.4.1/../../../../arm-none-eabi/lib/armv7-m/libc.a(lib_a-isattyr.o)
 .ARM.attributes
                0x00000b9f       0x2d /home/vadim/stm32/SystemWorkbench/plugins/fr.ac6.mcu.externaltools.arm-none.linux32_1.13.1.201703061523/tools/compiler/bin/../lib/gcc/arm-none-eabi/5.4.1/../../../../arm-none-eabi/lib/armv7-m/libc.a(lib_a-locale.o)
 .ARM.attributes
                0x00000bcc       0x2d /home/vadim/stm32/SystemWorkbench/plugins/fr.ac6.mcu.externaltools.arm-none.linux32_1.13.1.201703061523/tools/compiler/bin/../lib/gcc/arm-none-eabi/5.4.1/../../../../arm-none-eabi/lib/armv7-m/libc.a(lib_a-lseekr.o)
 .ARM.attributes
                0x00000bf9       0x2d /home/vadim/stm32/SystemWorkbench/plugins/fr.ac6.mcu.externaltools.arm-none.linux32_1.13.1.201703061523/tools/compiler/bin/../lib/gcc/arm-none-eabi/5.4.1/../../../../arm-none-eabi/lib/armv7-m/libc.a(lib_a-mbtowc_r.o)
 .ARM.attributes
                0x00000c26       0x2d /home/vadim/stm32/SystemWorkbench/plugins/fr.ac6.mcu.externaltools.arm-none.linux32_1.13.1.201703061523/tools/compiler/bin/../lib/gcc/arm-none-eabi/5.4.1/../../../../arm-none-eabi/lib/armv7-m/libc.a(lib_a-readr.o)
 .ARM.attributes
                0x00000c53       0x2d /home/vadim/stm32/SystemWorkbench/plugins/fr.ac6.mcu.externaltools.arm-none.linux32_1.13.1.201703061523/tools/compiler/bin/../lib/gcc/arm-none-eabi/5.4.1/../../../../arm-none-eabi/lib/armv7-m/libc.a(lib_a-reent.o)
 .ARM.attributes
                0x00000c80       0x2d /home/vadim/stm32/SystemWorkbench/plugins/fr.ac6.mcu.externaltools.arm-none.linux32_1.13.1.201703061523/tools/compiler/bin/../lib/gcc/arm-none-eabi/5.4.1/../../../../arm-none-eabi/lib/armv7-m/libc.a(lib_a-wbuf.o)
 .ARM.attributes
                0x00000cad       0x2d /home/vadim/stm32/SystemWorkbench/plugins/fr.ac6.mcu.externaltools.arm-none.linux32_1.13.1.201703061523/tools/compiler/bin/../lib/gcc/arm-none-eabi/5.4.1/../../../../arm-none-eabi/lib/armv7-m/libc.a(lib_a-wcrtomb.o)
 .ARM.attributes
                0x00000cda       0x2d /home/vadim/stm32/SystemWorkbench/plugins/fr.ac6.mcu.externaltools.arm-none.linux32_1.13.1.201703061523/tools/compiler/bin/../lib/gcc/arm-none-eabi/5.4.1/../../../../arm-none-eabi/lib/armv7-m/libc.a(lib_a-wctomb_r.o)
 .ARM.attributes
                0x00000d07       0x2d /home/vadim/stm32/SystemWorkbench/plugins/fr.ac6.mcu.externaltools.arm-none.linux32_1.13.1.201703061523/tools/compiler/bin/../lib/gcc/arm-none-eabi/5.4.1/../../../../arm-none-eabi/lib/armv7-m/libc.a(lib_a-ctype_.o)
 .ARM.attributes
                0x00000d34       0x1d /home/vadim/stm32/SystemWorkbench/plugins/fr.ac6.mcu.externaltools.arm-none.linux32_1.13.1.201703061523/tools/compiler/bin/../lib/gcc/arm-none-eabi/5.4.1/armv7-m/libgcc.a(_arm_cmpdf2.o)
 .ARM.attributes
                0x00000d51       0x1d /home/vadim/stm32/SystemWorkbench/plugins/fr.ac6.mcu.externaltools.arm-none.linux32_1.13.1.201703061523/tools/compiler/bin/../lib/gcc/arm-none-eabi/5.4.1/armv7-m/libgcc.a(_arm_unorddf2.o)
 .ARM.attributes
                0x00000d6e       0x1d /home/vadim/stm32/SystemWorkbench/plugins/fr.ac6.mcu.externaltools.arm-none.linux32_1.13.1.201703061523/tools/compiler/bin/../lib/gcc/arm-none-eabi/5.4.1/armv7-m/libgcc.a(_aeabi_uldivmod.o)
 .ARM.attributes
                0x00000d8b       0x2d /home/vadim/stm32/SystemWorkbench/plugins/fr.ac6.mcu.externaltools.arm-none.linux32_1.13.1.201703061523/tools/compiler/bin/../lib/gcc/arm-none-eabi/5.4.1/armv7-m/libgcc.a(_udivmoddi4.o)
 .ARM.attributes
                0x00000db8       0x1d /home/vadim/stm32/SystemWorkbench/plugins/fr.ac6.mcu.externaltools.arm-none.linux32_1.13.1.201703061523/tools/compiler/bin/../lib/gcc/arm-none-eabi/5.4.1/armv7-m/libgcc.a(_dvmd_tls.o)
 .ARM.attributes
                0x00000dd5       0x1d /home/vadim/stm32/SystemWorkbench/plugins/fr.ac6.mcu.externaltools.arm-none.linux32_1.13.1.201703061523/tools/compiler/bin/../lib/gcc/arm-none-eabi/5.4.1/armv7-m/crtn.o
OUTPUT(bluepill-logger.elf elf32-littlearm)

.comment        0x00000000       0x6e
 .comment       0x00000000       0x6e src/ds18b20.o
                                 0x6f (size before relaxing)
 .comment       0x0000006e       0x6f src/main.o
 .comment       0x0000006e       0x6f src/one_wire.o
 .comment       0x0000006e       0x6f src/syscalls.o
 .comment       0x0000006e       0x6f src/system_stm32f10x.o
 .comment       0x0000006e       0x6f src/utils.o
 .comment       0x0000006e       0x6f src/sd/ccsbcs.o
 .comment       0x0000006e       0x6f src/sd/diskio.o
 .comment       0x0000006e       0x6f src/sd/ff.o
 .comment       0x0000006e       0x6f /home/vadim/stm32/stm32eclipseworkspace/bluepill_stdperiph_lib/Release/libbluepill_stdperiph_lib.a(misc.o)
 .comment       0x0000006e       0x6f /home/vadim/stm32/stm32eclipseworkspace/bluepill_stdperiph_lib/Release/libbluepill_stdperiph_lib.a(stm32f10x_bkp.o)
 .comment       0x0000006e       0x6f /home/vadim/stm32/stm32eclipseworkspace/bluepill_stdperiph_lib/Release/libbluepill_stdperiph_lib.a(stm32f10x_gpio.o)
 .comment       0x0000006e       0x6f /home/vadim/stm32/stm32eclipseworkspace/bluepill_stdperiph_lib/Release/libbluepill_stdperiph_lib.a(stm32f10x_pwr.o)
 .comment       0x0000006e       0x6f /home/vadim/stm32/stm32eclipseworkspace/bluepill_stdperiph_lib/Release/libbluepill_stdperiph_lib.a(stm32f10x_rcc.o)
 .comment       0x0000006e       0x6f /home/vadim/stm32/stm32eclipseworkspace/bluepill_stdperiph_lib/Release/libbluepill_stdperiph_lib.a(stm32f10x_rtc.o)
 .comment       0x0000006e       0x6f /home/vadim/stm32/stm32eclipseworkspace/bluepill_stdperiph_lib/Release/libbluepill_stdperiph_lib.a(stm32f10x_spi.o)
 .comment       0x0000006e       0x6f /home/vadim/stm32/stm32eclipseworkspace/bluepill_stdperiph_lib/Release/libbluepill_stdperiph_lib.a(stm32f10x_tim.o)

.debug_line     0x00000000       0x79
 .debug_line    0x00000000       0x79 startup/startup_stm32.o

.debug_info     0x00000000       0x7f
 .debug_info    0x00000000       0x7f startup/startup_stm32.o

.debug_abbrev   0x00000000       0x12
 .debug_abbrev  0x00000000       0x12 startup/startup_stm32.o

.debug_aranges  0x00000000       0x28
 .debug_aranges
                0x00000000       0x28 startup/startup_stm32.o

.debug_ranges   0x00000000       0x20
 .debug_ranges  0x00000000       0x20 startup/startup_stm32.o

.debug_frame    0x00000000     0x1198
 .debug_frame   0x00000000       0x20 /home/vadim/stm32/SystemWorkbench/plugins/fr.ac6.mcu.externaltools.arm-none.linux32_1.13.1.201703061523/tools/compiler/bin/../lib/gcc/arm-none-eabi/5.4.1/../../../../arm-none-eabi/lib/armv7-m/libc.a(lib_a-errno.o)
 .debug_frame   0x00000020       0x2c /home/vadim/stm32/SystemWorkbench/plugins/fr.ac6.mcu.externaltools.arm-none.linux32_1.13.1.201703061523/tools/compiler/bin/../lib/gcc/arm-none-eabi/5.4.1/../../../../arm-none-eabi/lib/armv7-m/libc.a(lib_a-init.o)
 .debug_frame   0x0000004c       0x34 /home/vadim/stm32/SystemWorkbench/plugins/fr.ac6.mcu.externaltools.arm-none.linux32_1.13.1.201703061523/tools/compiler/bin/../lib/gcc/arm-none-eabi/5.4.1/../../../../arm-none-eabi/lib/armv7-m/libc.a(lib_a-memset.o)
 .debug_frame   0x00000080       0x78 /home/vadim/stm32/SystemWorkbench/plugins/fr.ac6.mcu.externaltools.arm-none.linux32_1.13.1.201703061523/tools/compiler/bin/../lib/gcc/arm-none-eabi/5.4.1/../../../../arm-none-eabi/lib/armv7-m/libc.a(lib_a-printf.o)
 .debug_frame   0x000000f8       0x48 /home/vadim/stm32/SystemWorkbench/plugins/fr.ac6.mcu.externaltools.arm-none.linux32_1.13.1.201703061523/tools/compiler/bin/../lib/gcc/arm-none-eabi/5.4.1/../../../../arm-none-eabi/lib/armv7-m/libc.a(lib_a-puts.o)
 .debug_frame   0x00000140       0x84 /home/vadim/stm32/SystemWorkbench/plugins/fr.ac6.mcu.externaltools.arm-none.linux32_1.13.1.201703061523/tools/compiler/bin/../lib/gcc/arm-none-eabi/5.4.1/../../../../arm-none-eabi/lib/armv7-m/libc.a(lib_a-sprintf.o)
 .debug_frame   0x000001c4       0x20 /home/vadim/stm32/SystemWorkbench/plugins/fr.ac6.mcu.externaltools.arm-none.linux32_1.13.1.201703061523/tools/compiler/bin/../lib/gcc/arm-none-eabi/5.4.1/../../../../arm-none-eabi/lib/armv7-m/libc.a(lib_a-strlen-stub.o)
 .debug_frame   0x000001e4       0x44 /home/vadim/stm32/SystemWorkbench/plugins/fr.ac6.mcu.externaltools.arm-none.linux32_1.13.1.201703061523/tools/compiler/bin/../lib/gcc/arm-none-eabi/5.4.1/../../../../arm-none-eabi/lib/armv7-m/libc.a(lib_a-svfprintf.o)
 .debug_frame   0x00000228       0x88 /home/vadim/stm32/SystemWorkbench/plugins/fr.ac6.mcu.externaltools.arm-none.linux32_1.13.1.201703061523/tools/compiler/bin/../lib/gcc/arm-none-eabi/5.4.1/../../../../arm-none-eabi/lib/armv7-m/libc.a(lib_a-vfprintf.o)
 .debug_frame   0x000002b0       0x2c /home/vadim/stm32/SystemWorkbench/plugins/fr.ac6.mcu.externaltools.arm-none.linux32_1.13.1.201703061523/tools/compiler/bin/../lib/gcc/arm-none-eabi/5.4.1/../../../../arm-none-eabi/lib/armv7-m/libc.a(lib_a-wsetup.o)
 .debug_frame   0x000002dc       0x50 /home/vadim/stm32/SystemWorkbench/plugins/fr.ac6.mcu.externaltools.arm-none.linux32_1.13.1.201703061523/tools/compiler/bin/../lib/gcc/arm-none-eabi/5.4.1/../../../../arm-none-eabi/lib/armv7-m/libc.a(lib_a-__call_atexit.o)
 .debug_frame   0x0000032c       0x20 /home/vadim/stm32/SystemWorkbench/plugins/fr.ac6.mcu.externaltools.arm-none.linux32_1.13.1.201703061523/tools/compiler/bin/../lib/gcc/arm-none-eabi/5.4.1/../../../../arm-none-eabi/lib/armv7-m/libc.a(lib_a-atexit.o)
 .debug_frame   0x0000034c       0x84 /home/vadim/stm32/SystemWorkbench/plugins/fr.ac6.mcu.externaltools.arm-none.linux32_1.13.1.201703061523/tools/compiler/bin/../lib/gcc/arm-none-eabi/5.4.1/../../../../arm-none-eabi/lib/armv7-m/libc.a(lib_a-dtoa.o)
 .debug_frame   0x000003d0       0x6c /home/vadim/stm32/SystemWorkbench/plugins/fr.ac6.mcu.externaltools.arm-none.linux32_1.13.1.201703061523/tools/compiler/bin/../lib/gcc/arm-none-eabi/5.4.1/../../../../arm-none-eabi/lib/armv7-m/libc.a(lib_a-fflush.o)
 .debug_frame   0x0000043c      0x124 /home/vadim/stm32/SystemWorkbench/plugins/fr.ac6.mcu.externaltools.arm-none.linux32_1.13.1.201703061523/tools/compiler/bin/../lib/gcc/arm-none-eabi/5.4.1/../../../../arm-none-eabi/lib/armv7-m/libc.a(lib_a-findfp.o)
 .debug_frame   0x00000560       0x34 /home/vadim/stm32/SystemWorkbench/plugins/fr.ac6.mcu.externaltools.arm-none.linux32_1.13.1.201703061523/tools/compiler/bin/../lib/gcc/arm-none-eabi/5.4.1/../../../../arm-none-eabi/lib/armv7-m/libc.a(lib_a-fini.o)
 .debug_frame   0x00000594       0x74 /home/vadim/stm32/SystemWorkbench/plugins/fr.ac6.mcu.externaltools.arm-none.linux32_1.13.1.201703061523/tools/compiler/bin/../lib/gcc/arm-none-eabi/5.4.1/../../../../arm-none-eabi/lib/armv7-m/libc.a(lib_a-freer.o)
 .debug_frame   0x00000608       0x68 /home/vadim/stm32/SystemWorkbench/plugins/fr.ac6.mcu.externaltools.arm-none.linux32_1.13.1.201703061523/tools/compiler/bin/../lib/gcc/arm-none-eabi/5.4.1/../../../../arm-none-eabi/lib/armv7-m/libc.a(lib_a-fvwrite.o)
 .debug_frame   0x00000670       0x54 /home/vadim/stm32/SystemWorkbench/plugins/fr.ac6.mcu.externaltools.arm-none.linux32_1.13.1.201703061523/tools/compiler/bin/../lib/gcc/arm-none-eabi/5.4.1/../../../../arm-none-eabi/lib/armv7-m/libc.a(lib_a-fwalk.o)
 .debug_frame   0x000006c4       0x40 /home/vadim/stm32/SystemWorkbench/plugins/fr.ac6.mcu.externaltools.arm-none.linux32_1.13.1.201703061523/tools/compiler/bin/../lib/gcc/arm-none-eabi/5.4.1/../../../../arm-none-eabi/lib/armv7-m/libc.a(lib_a-localeconv.o)
 .debug_frame   0x00000704       0x68 /home/vadim/stm32/SystemWorkbench/plugins/fr.ac6.mcu.externaltools.arm-none.linux32_1.13.1.201703061523/tools/compiler/bin/../lib/gcc/arm-none-eabi/5.4.1/../../../../arm-none-eabi/lib/armv7-m/libc.a(lib_a-makebuf.o)
 .debug_frame   0x0000076c       0x54 /home/vadim/stm32/SystemWorkbench/plugins/fr.ac6.mcu.externaltools.arm-none.linux32_1.13.1.201703061523/tools/compiler/bin/../lib/gcc/arm-none-eabi/5.4.1/../../../../arm-none-eabi/lib/armv7-m/libc.a(lib_a-mallocr.o)
 .debug_frame   0x000007c0       0x34 /home/vadim/stm32/SystemWorkbench/plugins/fr.ac6.mcu.externaltools.arm-none.linux32_1.13.1.201703061523/tools/compiler/bin/../lib/gcc/arm-none-eabi/5.4.1/../../../../arm-none-eabi/lib/armv7-m/libc.a(lib_a-memchr-stub.o)
 .debug_frame   0x000007f4       0x30 /home/vadim/stm32/SystemWorkbench/plugins/fr.ac6.mcu.externaltools.arm-none.linux32_1.13.1.201703061523/tools/compiler/bin/../lib/gcc/arm-none-eabi/5.4.1/../../../../arm-none-eabi/lib/armv7-m/libc.a(lib_a-memmove.o)
 .debug_frame   0x00000824       0x30 /home/vadim/stm32/SystemWorkbench/plugins/fr.ac6.mcu.externaltools.arm-none.linux32_1.13.1.201703061523/tools/compiler/bin/../lib/gcc/arm-none-eabi/5.4.1/../../../../arm-none-eabi/lib/armv7-m/libc.a(lib_a-mlock.o)
 .debug_frame   0x00000854      0x264 /home/vadim/stm32/SystemWorkbench/plugins/fr.ac6.mcu.externaltools.arm-none.linux32_1.13.1.201703061523/tools/compiler/bin/../lib/gcc/arm-none-eabi/5.4.1/../../../../arm-none-eabi/lib/armv7-m/libc.a(lib_a-mprec.o)
 .debug_frame   0x00000ab8       0x58 /home/vadim/stm32/SystemWorkbench/plugins/fr.ac6.mcu.externaltools.arm-none.linux32_1.13.1.201703061523/tools/compiler/bin/../lib/gcc/arm-none-eabi/5.4.1/../../../../arm-none-eabi/lib/armv7-m/libc.a(lib_a-reallocr.o)
 .debug_frame   0x00000b10       0x2c /home/vadim/stm32/SystemWorkbench/plugins/fr.ac6.mcu.externaltools.arm-none.linux32_1.13.1.201703061523/tools/compiler/bin/../lib/gcc/arm-none-eabi/5.4.1/../../../../arm-none-eabi/lib/armv7-m/libc.a(lib_a-sbrkr.o)
 .debug_frame   0x00000b3c       0x88 /home/vadim/stm32/SystemWorkbench/plugins/fr.ac6.mcu.externaltools.arm-none.linux32_1.13.1.201703061523/tools/compiler/bin/../lib/gcc/arm-none-eabi/5.4.1/../../../../arm-none-eabi/lib/armv7-m/libc.a(lib_a-stdio.o)
 .debug_frame   0x00000bc4       0x78 /home/vadim/stm32/SystemWorkbench/plugins/fr.ac6.mcu.externaltools.arm-none.linux32_1.13.1.201703061523/tools/compiler/bin/../lib/gcc/arm-none-eabi/5.4.1/../../../../arm-none-eabi/lib/armv7-m/libc.a(lib_a-svfiprintf.o)
 .debug_frame   0x00000c3c       0xc8 /home/vadim/stm32/SystemWorkbench/plugins/fr.ac6.mcu.externaltools.arm-none.linux32_1.13.1.201703061523/tools/compiler/bin/../lib/gcc/arm-none-eabi/5.4.1/../../../../arm-none-eabi/lib/armv7-m/libc.a(lib_a-vfiprintf.o)
 .debug_frame   0x00000d04       0x2c /home/vadim/stm32/SystemWorkbench/plugins/fr.ac6.mcu.externaltools.arm-none.linux32_1.13.1.201703061523/tools/compiler/bin/../lib/gcc/arm-none-eabi/5.4.1/../../../../arm-none-eabi/lib/armv7-m/libc.a(lib_a-writer.o)
 .debug_frame   0x00000d30       0x34 /home/vadim/stm32/SystemWorkbench/plugins/fr.ac6.mcu.externaltools.arm-none.linux32_1.13.1.201703061523/tools/compiler/bin/../lib/gcc/arm-none-eabi/5.4.1/../../../../arm-none-eabi/lib/armv7-m/libc.a(lib_a-__atexit.o)
 .debug_frame   0x00000d64       0x28 /home/vadim/stm32/SystemWorkbench/plugins/fr.ac6.mcu.externaltools.arm-none.linux32_1.13.1.201703061523/tools/compiler/bin/../lib/gcc/arm-none-eabi/5.4.1/../../../../arm-none-eabi/lib/armv7-m/libc.a(lib_a-callocr.o)
 .debug_frame   0x00000d8c       0x2c /home/vadim/stm32/SystemWorkbench/plugins/fr.ac6.mcu.externaltools.arm-none.linux32_1.13.1.201703061523/tools/compiler/bin/../lib/gcc/arm-none-eabi/5.4.1/../../../../arm-none-eabi/lib/armv7-m/libc.a(lib_a-closer.o)
 .debug_frame   0x00000db8       0x44 /home/vadim/stm32/SystemWorkbench/plugins/fr.ac6.mcu.externaltools.arm-none.linux32_1.13.1.201703061523/tools/compiler/bin/../lib/gcc/arm-none-eabi/5.4.1/../../../../arm-none-eabi/lib/armv7-m/libc.a(lib_a-fclose.o)
 .debug_frame   0x00000dfc       0x88 /home/vadim/stm32/SystemWorkbench/plugins/fr.ac6.mcu.externaltools.arm-none.linux32_1.13.1.201703061523/tools/compiler/bin/../lib/gcc/arm-none-eabi/5.4.1/../../../../arm-none-eabi/lib/armv7-m/libc.a(lib_a-fputwc.o)
 .debug_frame   0x00000e84       0x2c /home/vadim/stm32/SystemWorkbench/plugins/fr.ac6.mcu.externaltools.arm-none.linux32_1.13.1.201703061523/tools/compiler/bin/../lib/gcc/arm-none-eabi/5.4.1/../../../../arm-none-eabi/lib/armv7-m/libc.a(lib_a-fstatr.o)
 .debug_frame   0x00000eb0       0x2c /home/vadim/stm32/SystemWorkbench/plugins/fr.ac6.mcu.externaltools.arm-none.linux32_1.13.1.201703061523/tools/compiler/bin/../lib/gcc/arm-none-eabi/5.4.1/../../../../arm-none-eabi/lib/armv7-m/libc.a(lib_a-isattyr.o)